<html>
<body>
<pre>
<h1>µVision Build Log</h1>
<h2>Tool Versions:</h2>
IDE-Version: ¦ÌVision V5.20.0.39
Copyright (C) 2016 ARM Ltd and ARM Germany GmbH. All rights reserved.
License Information: david Microsoft, Microsoft, LIC=14HPC-7RDKZ-R9PG6-D9IC4-3ST43-9DYM9
 
Tool Versions:
Toolchain:       MDK-ARM Plus  Version: 5.11.0.0
Toolchain Path:  d:\Keil_v5\ARM\ARMCC\Bin
C Compiler:      Armcc.exe V5.04 update 1 (build 49)
Assembler:       Armasm.exe V5.04 update 1 (build 49)
Linker/Locator:  ArmLink.exe V5.04 update 1 (build 49)
Library Manager: ArmAr.exe V5.04 update 1 (build 49)
Hex Converter:   FromElf.exe V5.04 update 1 (build 49)
CPU DLL:         SARMCM3.DLL V5.11.0.0
Dialog DLL:      DARMCM1.DLL V1.11.00.0
Target DLL:      CMSIS_AGDI.dll V1.18.13.0
Dialog DLL:      TARMCM1.DLL V1.08.00.0
 
<h2>Project:</h2>
E:\03_huade_2025\HE415\He-415mb\V4.01\He415\He415mb\MDK\ciu32L051.uvprojx
Project File Date:  05/17/2026

<h2>Output:</h2>
*** Using Compiler 'V5.04 update 1 (build 49)', folder: 'd:\Keil_v5\ARM\ARMCC\Bin'
Rebuild target 'He-415'
compiling common.c...
compiling exti_bsp.c...
compiling tim_bsp.c...
compiling usart_bsp.c...
compiling main.c...
compiling app_service.c...
compiling app_tcp.c...
compiling i2c_driver.c...
compiling ciu32l051_std_comp.c...
compiling ep24cx_i2c.c...
compiling ciu32l051_std_aes.c...
compiling ciu32l051_std.c...
compiling ciu32l051_std_adc.c...
compiling ciu32l051_std_crc.c...
compiling ciu32l051_std_dma.c...
compiling ciu32l051_std_exti.c...
compiling ciu32l051_std_flash.c...
compiling ciu32l051_std_lcd.c...
compiling ciu32l051_std_lptim.c...
compiling ciu32l051_std_i2c.c...
compiling ciu32l051_std_gpio.c...
compiling ciu32l051_std_pmu.c...
compiling ciu32l051_std_lpuart.c...
compiling ciu32l051_std_rcc.c...
compiling ciu32l051_std_spi.c...
compiling ciu32l051_std_rtc.c...
compiling ciu32l051_std_tim.c...
compiling ciu32l051_std_tamp.c...
assembling startup_ciu32l051.s...
compiling system_ciu32l051.c...
compiling ciu32l051_std_trng.c...
compiling ciu32l051_std_usart.c...
linking...
Program Size: Code=14408 RO-data=416 RW-data=140 ZI-data=1372  
FromELF: creating hex file...
".\Objects\He-415mb.axf" - 0 Error(s), 0 Warning(s).

<h2>Collection of Component include folders:</h2>
  E:\03_huade_2025\HE415\He-415mb\V4.01\He415\He415mb\MDK\RTE
  d:\Keil_v5\ARM\PACK\HED\CIU32L0xx_DFP\1.2.6\Drivers\CMSIS\Device\CIU32L051\Include

<h2>Collection of Component Files used:</h2>
Build Time Elapsed:  00:00:08
</pre>
</body>
</html>
