<!doctype html public "-//w3c//dtd html 4.0 transitional//en">
<html><head>
<title>Static Call Graph - [.\Objects\He-415mb.axf]</title></head>
<body><HR>
<H1>Static Call Graph for image .\Objects\He-415mb.axf</H1><HR>
<BR><P>#&#060CALLGRAPH&#062# ARM Linker, 5040049: Last Updated: Sun May 17 16:37:15 2026
<BR><P>
<H3>Maximum Stack Usage =        256 bytes + Unknown(Cycles, Untraceable Function Pointers)</H3><H3>
Call chain for Maximum Stack Depth:</H3>
main &rArr; build_FirmVers &rArr; __0sscanf &rArr; __vfscanf_char &rArr; __vfscanf &rArr; _scanf_string
<P>
<H3>
Mutually Recursive functions
</H3> <LI><a href="#[1]">NMI_Handler</a>&nbsp;&nbsp;&nbsp;&rArr;&nbsp;&nbsp;&nbsp;<a href="#[1]">NMI_Handler</a><BR>
 <LI><a href="#[2]">HardFault_Handler</a>&nbsp;&nbsp;&nbsp;&rArr;&nbsp;&nbsp;&nbsp;<a href="#[2]">HardFault_Handler</a><BR>
 <LI><a href="#[3]">SVC_Handler</a>&nbsp;&nbsp;&nbsp;&rArr;&nbsp;&nbsp;&nbsp;<a href="#[3]">SVC_Handler</a><BR>
 <LI><a href="#[4]">PendSV_Handler</a>&nbsp;&nbsp;&nbsp;&rArr;&nbsp;&nbsp;&nbsp;<a href="#[4]">PendSV_Handler</a><BR>
 <LI><a href="#[5]">SysTick_Handler</a>&nbsp;&nbsp;&nbsp;&rArr;&nbsp;&nbsp;&nbsp;<a href="#[5]">SysTick_Handler</a><BR>
 <LI><a href="#[11]">ADC_COMP_IRQHandler</a>&nbsp;&nbsp;&nbsp;&rArr;&nbsp;&nbsp;&nbsp;<a href="#[11]">ADC_COMP_IRQHandler</a><BR>
</UL>
<P>
<H3>
Function Pointers
</H3><UL>
 <LI><a href="#[11]">ADC_COMP_IRQHandler</a> from startup_ciu32l051.o(.text) referenced from startup_ciu32l051.o(RESET)
 <LI><a href="#[16]">AES_IRQHandler</a> from startup_ciu32l051.o(.text) referenced from startup_ciu32l051.o(RESET)
 <LI><a href="#[f]">DMA_Channel0_IRQHandler</a> from startup_ciu32l051.o(.text) referenced from startup_ciu32l051.o(RESET)
 <LI><a href="#[10]">DMA_Channel1_IRQHandler</a> from startup_ciu32l051.o(.text) referenced from startup_ciu32l051.o(RESET)
 <LI><a href="#[b]">EXTI0_1_IRQHandler</a> from startup_ciu32l051.o(.text) referenced from startup_ciu32l051.o(RESET)
 <LI><a href="#[c]">EXTI2_3_IRQHandler</a> from startup_ciu32l051.o(.text) referenced from startup_ciu32l051.o(RESET)
 <LI><a href="#[d]">EXTI4_15_IRQHandler</a> from exti_bsp.o(i.EXTI4_15_IRQHandler) referenced from startup_ciu32l051.o(RESET)
 <LI><a href="#[9]">FLASH_IRQHandler</a> from startup_ciu32l051.o(.text) referenced from startup_ciu32l051.o(RESET)
 <LI><a href="#[2]">HardFault_Handler</a> from startup_ciu32l051.o(.text) referenced from startup_ciu32l051.o(RESET)
 <LI><a href="#[18]">I2C1_IRQHandler</a> from startup_ciu32l051.o(.text) referenced from startup_ciu32l051.o(RESET)
 <LI><a href="#[e]">LCD_IRQHandler</a> from startup_ciu32l051.o(.text) referenced from startup_ciu32l051.o(RESET)
 <LI><a href="#[17]">LPTIM1_IRQHandler</a> from startup_ciu32l051.o(.text) referenced from startup_ciu32l051.o(RESET)
 <LI><a href="#[20]">LPTIM2_IRQHandler</a> from startup_ciu32l051.o(.text) referenced from startup_ciu32l051.o(RESET)
 <LI><a href="#[1e]">LPUART1_IRQHandler</a> from startup_ciu32l051.o(.text) referenced from startup_ciu32l051.o(RESET)
 <LI><a href="#[21]">LPUART2_IRQHandler</a> from startup_ciu32l051.o(.text) referenced from startup_ciu32l051.o(RESET)
 <LI><a href="#[1]">NMI_Handler</a> from startup_ciu32l051.o(.text) referenced from startup_ciu32l051.o(RESET)
 <LI><a href="#[7]">PVD_IRQHandler</a> from startup_ciu32l051.o(.text) referenced from startup_ciu32l051.o(RESET)
 <LI><a href="#[4]">PendSV_Handler</a> from startup_ciu32l051.o(.text) referenced from startup_ciu32l051.o(RESET)
 <LI><a href="#[a]">RCC_IRQHandler</a> from startup_ciu32l051.o(.text) referenced from startup_ciu32l051.o(RESET)
 <LI><a href="#[8]">RTC_TAMP_IRQHandler</a> from startup_ciu32l051.o(.text) referenced from startup_ciu32l051.o(RESET)
 <LI><a href="#[0]">Reset_Handler</a> from startup_ciu32l051.o(.text) referenced from startup_ciu32l051.o(RESET)
 <LI><a href="#[19]">SPI1_IRQHandler</a> from startup_ciu32l051.o(.text) referenced from startup_ciu32l051.o(RESET)
 <LI><a href="#[1a]">SPI2_IRQHandler</a> from startup_ciu32l051.o(.text) referenced from startup_ciu32l051.o(RESET)
 <LI><a href="#[3]">SVC_Handler</a> from startup_ciu32l051.o(.text) referenced from startup_ciu32l051.o(RESET)
 <LI><a href="#[5]">SysTick_Handler</a> from startup_ciu32l051.o(.text) referenced from startup_ciu32l051.o(RESET)
 <LI><a href="#[23]">SystemInit</a> from system_ciu32l051.o(i.SystemInit) referenced from startup_ciu32l051.o(.text)
 <LI><a href="#[12]">TIM3_IRQHandler</a> from startup_ciu32l051.o(.text) referenced from startup_ciu32l051.o(RESET)
 <LI><a href="#[13]">TIM4_IRQHandler</a> from startup_ciu32l051.o(.text) referenced from startup_ciu32l051.o(RESET)
 <LI><a href="#[14]">TIM5_IRQHandler</a> from startup_ciu32l051.o(.text) referenced from startup_ciu32l051.o(RESET)
 <LI><a href="#[15]">TIM8_IRQHandler</a> from tim_bsp.o(i.TIM8_IRQHandler) referenced from startup_ciu32l051.o(RESET)
 <LI><a href="#[1f]">TRNG_IRQHandler</a> from startup_ciu32l051.o(.text) referenced from startup_ciu32l051.o(RESET)
 <LI><a href="#[1c]">UART2_IRQHandler</a> from usart_bsp.o(i.UART2_IRQHandler) referenced from startup_ciu32l051.o(RESET)
 <LI><a href="#[1d]">UART3_4_IRQHandler</a> from usart_bsp.o(i.UART3_4_IRQHandler) referenced from startup_ciu32l051.o(RESET)
 <LI><a href="#[1b]">USART1_IRQHandler</a> from usart_bsp.o(i.USART1_IRQHandler) referenced from startup_ciu32l051.o(RESET)
 <LI><a href="#[6]">WWDG_IRQHandler</a> from startup_ciu32l051.o(.text) referenced from startup_ciu32l051.o(RESET)
 <LI><a href="#[24]">__main</a> from entry.o(.ARM.Collect$$$$00000000) referenced from startup_ciu32l051.o(.text)
 <LI><a href="#[26]">_sbackspace</a> from _sgetc.o(.text) referenced from __0sscanf.o(.text)
 <LI><a href="#[27]">_scanf_char_input</a> from scanf_char.o(.text) referenced from scanf_char.o(.text)
 <LI><a href="#[25]">_sgetc</a> from _sgetc.o(.text) referenced from __0sscanf.o(.text)
 <LI><a href="#[2a]">_sputc</a> from printf8.o(i._sputc) referenced from printf8.o(i.__0sprintf$8)
 <LI><a href="#[29]">fputc</a> from usart_bsp.o(i.fputc) referenced from printf8.o(i.__0printf$8)
 <LI><a href="#[28]">isspace</a> from isspace_c.o(.text) referenced from scanf_char.o(.text)
 <LI><a href="#[22]">main</a> from main.o(i.main) referenced from entry9a.o(.ARM.Collect$$$$0000000B)
</UL>
<P>
<H3>
Global Symbols
</H3>
<P><STRONG><a name="[24]"></a>__main</STRONG> (Thumb, 0 bytes, Stack size unknown bytes, entry.o(.ARM.Collect$$$$00000000))
<BR>[Address Reference Count : 1]<UL><LI> startup_ciu32l051.o(.text)
</UL>
<P><STRONG><a name="[bb]"></a>_main_stk</STRONG> (Thumb, 0 bytes, Stack size unknown bytes, entry2.o(.ARM.Collect$$$$00000001))

<P><STRONG><a name="[2b]"></a>_main_scatterload</STRONG> (Thumb, 0 bytes, Stack size unknown bytes, entry5.o(.ARM.Collect$$$$00000004))
<BR><BR>[Calls]<UL><LI><a href="#[2c]">&gt;&gt;</a>&nbsp;&nbsp;&nbsp;__scatterload
</UL>

<P><STRONG><a name="[3a]"></a>__main_after_scatterload</STRONG> (Thumb, 0 bytes, Stack size unknown bytes, entry5.o(.ARM.Collect$$$$00000004))
<BR><BR>[Called By]<UL><LI><a href="#[2c]">&gt;&gt;</a>&nbsp;&nbsp;&nbsp;__scatterload
</UL>

<P><STRONG><a name="[bc]"></a>_main_clock</STRONG> (Thumb, 0 bytes, Stack size unknown bytes, entry7b.o(.ARM.Collect$$$$00000008))

<P><STRONG><a name="[bd]"></a>_main_cpp_init</STRONG> (Thumb, 0 bytes, Stack size unknown bytes, entry8b.o(.ARM.Collect$$$$0000000A))

<P><STRONG><a name="[be]"></a>_main_init</STRONG> (Thumb, 0 bytes, Stack size unknown bytes, entry9a.o(.ARM.Collect$$$$0000000B))

<P><STRONG><a name="[bf]"></a>__rt_final_cpp</STRONG> (Thumb, 0 bytes, Stack size unknown bytes, entry10a.o(.ARM.Collect$$$$0000000D))

<P><STRONG><a name="[c0]"></a>__rt_final_exit</STRONG> (Thumb, 0 bytes, Stack size unknown bytes, entry11a.o(.ARM.Collect$$$$0000000F))

<P><STRONG><a name="[0]"></a>Reset_Handler</STRONG> (Thumb, 8 bytes, Stack size 0 bytes, startup_ciu32l051.o(.text))
<BR>[Address Reference Count : 1]<UL><LI> startup_ciu32l051.o(RESET)
</UL>
<P><STRONG><a name="[1]"></a>NMI_Handler</STRONG> (Thumb, 2 bytes, Stack size 0 bytes, startup_ciu32l051.o(.text))
<BR><BR>[Calls]<UL><LI><a href="#[1]">&gt;&gt;</a>&nbsp;&nbsp;&nbsp;NMI_Handler
</UL>
<BR>[Called By]<UL><LI><a href="#[1]">&gt;&gt;</a>&nbsp;&nbsp;&nbsp;NMI_Handler
</UL>
<BR>[Address Reference Count : 1]<UL><LI> startup_ciu32l051.o(RESET)
</UL>
<P><STRONG><a name="[2]"></a>HardFault_Handler</STRONG> (Thumb, 2 bytes, Stack size 0 bytes, startup_ciu32l051.o(.text))
<BR><BR>[Calls]<UL><LI><a href="#[2]">&gt;&gt;</a>&nbsp;&nbsp;&nbsp;HardFault_Handler
</UL>
<BR>[Called By]<UL><LI><a href="#[2]">&gt;&gt;</a>&nbsp;&nbsp;&nbsp;HardFault_Handler
</UL>
<BR>[Address Reference Count : 1]<UL><LI> startup_ciu32l051.o(RESET)
</UL>
<P><STRONG><a name="[3]"></a>SVC_Handler</STRONG> (Thumb, 2 bytes, Stack size 0 bytes, startup_ciu32l051.o(.text))
<BR><BR>[Calls]<UL><LI><a href="#[3]">&gt;&gt;</a>&nbsp;&nbsp;&nbsp;SVC_Handler
</UL>
<BR>[Called By]<UL><LI><a href="#[3]">&gt;&gt;</a>&nbsp;&nbsp;&nbsp;SVC_Handler
</UL>
<BR>[Address Reference Count : 1]<UL><LI> startup_ciu32l051.o(RESET)
</UL>
<P><STRONG><a name="[4]"></a>PendSV_Handler</STRONG> (Thumb, 2 bytes, Stack size 0 bytes, startup_ciu32l051.o(.text))
<BR><BR>[Calls]<UL><LI><a href="#[4]">&gt;&gt;</a>&nbsp;&nbsp;&nbsp;PendSV_Handler
</UL>
<BR>[Called By]<UL><LI><a href="#[4]">&gt;&gt;</a>&nbsp;&nbsp;&nbsp;PendSV_Handler
</UL>
<BR>[Address Reference Count : 1]<UL><LI> startup_ciu32l051.o(RESET)
</UL>
<P><STRONG><a name="[5]"></a>SysTick_Handler</STRONG> (Thumb, 2 bytes, Stack size 0 bytes, startup_ciu32l051.o(.text))
<BR><BR>[Calls]<UL><LI><a href="#[5]">&gt;&gt;</a>&nbsp;&nbsp;&nbsp;SysTick_Handler
</UL>
<BR>[Called By]<UL><LI><a href="#[5]">&gt;&gt;</a>&nbsp;&nbsp;&nbsp;SysTick_Handler
</UL>
<BR>[Address Reference Count : 1]<UL><LI> startup_ciu32l051.o(RESET)
</UL>
<P><STRONG><a name="[11]"></a>ADC_COMP_IRQHandler</STRONG> (Thumb, 0 bytes, Stack size 0 bytes, startup_ciu32l051.o(.text))
<BR><BR>[Calls]<UL><LI><a href="#[11]">&gt;&gt;</a>&nbsp;&nbsp;&nbsp;ADC_COMP_IRQHandler
</UL>
<BR>[Called By]<UL><LI><a href="#[11]">&gt;&gt;</a>&nbsp;&nbsp;&nbsp;ADC_COMP_IRQHandler
</UL>
<BR>[Address Reference Count : 1]<UL><LI> startup_ciu32l051.o(RESET)
</UL>
<P><STRONG><a name="[16]"></a>AES_IRQHandler</STRONG> (Thumb, 0 bytes, Stack size 0 bytes, startup_ciu32l051.o(.text))
<BR>[Address Reference Count : 1]<UL><LI> startup_ciu32l051.o(RESET)
</UL>
<P><STRONG><a name="[f]"></a>DMA_Channel0_IRQHandler</STRONG> (Thumb, 0 bytes, Stack size 0 bytes, startup_ciu32l051.o(.text))
<BR>[Address Reference Count : 1]<UL><LI> startup_ciu32l051.o(RESET)
</UL>
<P><STRONG><a name="[10]"></a>DMA_Channel1_IRQHandler</STRONG> (Thumb, 0 bytes, Stack size 0 bytes, startup_ciu32l051.o(.text))
<BR>[Address Reference Count : 1]<UL><LI> startup_ciu32l051.o(RESET)
</UL>
<P><STRONG><a name="[b]"></a>EXTI0_1_IRQHandler</STRONG> (Thumb, 0 bytes, Stack size 0 bytes, startup_ciu32l051.o(.text))
<BR>[Address Reference Count : 1]<UL><LI> startup_ciu32l051.o(RESET)
</UL>
<P><STRONG><a name="[c]"></a>EXTI2_3_IRQHandler</STRONG> (Thumb, 0 bytes, Stack size 0 bytes, startup_ciu32l051.o(.text))
<BR>[Address Reference Count : 1]<UL><LI> startup_ciu32l051.o(RESET)
</UL>
<P><STRONG><a name="[9]"></a>FLASH_IRQHandler</STRONG> (Thumb, 0 bytes, Stack size 0 bytes, startup_ciu32l051.o(.text))
<BR>[Address Reference Count : 1]<UL><LI> startup_ciu32l051.o(RESET)
</UL>
<P><STRONG><a name="[18]"></a>I2C1_IRQHandler</STRONG> (Thumb, 0 bytes, Stack size 0 bytes, startup_ciu32l051.o(.text))
<BR>[Address Reference Count : 1]<UL><LI> startup_ciu32l051.o(RESET)
</UL>
<P><STRONG><a name="[e]"></a>LCD_IRQHandler</STRONG> (Thumb, 0 bytes, Stack size 0 bytes, startup_ciu32l051.o(.text))
<BR>[Address Reference Count : 1]<UL><LI> startup_ciu32l051.o(RESET)
</UL>
<P><STRONG><a name="[17]"></a>LPTIM1_IRQHandler</STRONG> (Thumb, 0 bytes, Stack size 0 bytes, startup_ciu32l051.o(.text))
<BR>[Address Reference Count : 1]<UL><LI> startup_ciu32l051.o(RESET)
</UL>
<P><STRONG><a name="[20]"></a>LPTIM2_IRQHandler</STRONG> (Thumb, 0 bytes, Stack size 0 bytes, startup_ciu32l051.o(.text))
<BR>[Address Reference Count : 1]<UL><LI> startup_ciu32l051.o(RESET)
</UL>
<P><STRONG><a name="[1e]"></a>LPUART1_IRQHandler</STRONG> (Thumb, 0 bytes, Stack size 0 bytes, startup_ciu32l051.o(.text))
<BR>[Address Reference Count : 1]<UL><LI> startup_ciu32l051.o(RESET)
</UL>
<P><STRONG><a name="[21]"></a>LPUART2_IRQHandler</STRONG> (Thumb, 0 bytes, Stack size 0 bytes, startup_ciu32l051.o(.text))
<BR>[Address Reference Count : 1]<UL><LI> startup_ciu32l051.o(RESET)
</UL>
<P><STRONG><a name="[7]"></a>PVD_IRQHandler</STRONG> (Thumb, 0 bytes, Stack size 0 bytes, startup_ciu32l051.o(.text))
<BR>[Address Reference Count : 1]<UL><LI> startup_ciu32l051.o(RESET)
</UL>
<P><STRONG><a name="[a]"></a>RCC_IRQHandler</STRONG> (Thumb, 0 bytes, Stack size 0 bytes, startup_ciu32l051.o(.text))
<BR>[Address Reference Count : 1]<UL><LI> startup_ciu32l051.o(RESET)
</UL>
<P><STRONG><a name="[8]"></a>RTC_TAMP_IRQHandler</STRONG> (Thumb, 0 bytes, Stack size 0 bytes, startup_ciu32l051.o(.text))
<BR>[Address Reference Count : 1]<UL><LI> startup_ciu32l051.o(RESET)
</UL>
<P><STRONG><a name="[19]"></a>SPI1_IRQHandler</STRONG> (Thumb, 0 bytes, Stack size 0 bytes, startup_ciu32l051.o(.text))
<BR>[Address Reference Count : 1]<UL><LI> startup_ciu32l051.o(RESET)
</UL>
<P><STRONG><a name="[1a]"></a>SPI2_IRQHandler</STRONG> (Thumb, 0 bytes, Stack size 0 bytes, startup_ciu32l051.o(.text))
<BR>[Address Reference Count : 1]<UL><LI> startup_ciu32l051.o(RESET)
</UL>
<P><STRONG><a name="[12]"></a>TIM3_IRQHandler</STRONG> (Thumb, 0 bytes, Stack size 0 bytes, startup_ciu32l051.o(.text))
<BR>[Address Reference Count : 1]<UL><LI> startup_ciu32l051.o(RESET)
</UL>
<P><STRONG><a name="[13]"></a>TIM4_IRQHandler</STRONG> (Thumb, 0 bytes, Stack size 0 bytes, startup_ciu32l051.o(.text))
<BR>[Address Reference Count : 1]<UL><LI> startup_ciu32l051.o(RESET)
</UL>
<P><STRONG><a name="[14]"></a>TIM5_IRQHandler</STRONG> (Thumb, 0 bytes, Stack size 0 bytes, startup_ciu32l051.o(.text))
<BR>[Address Reference Count : 1]<UL><LI> startup_ciu32l051.o(RESET)
</UL>
<P><STRONG><a name="[1f]"></a>TRNG_IRQHandler</STRONG> (Thumb, 0 bytes, Stack size 0 bytes, startup_ciu32l051.o(.text))
<BR>[Address Reference Count : 1]<UL><LI> startup_ciu32l051.o(RESET)
</UL>
<P><STRONG><a name="[6]"></a>WWDG_IRQHandler</STRONG> (Thumb, 0 bytes, Stack size 0 bytes, startup_ciu32l051.o(.text))
<BR>[Address Reference Count : 1]<UL><LI> startup_ciu32l051.o(RESET)
</UL>
<P><STRONG><a name="[c1]"></a>__aeabi_uidiv</STRONG> (Thumb, 0 bytes, Stack size 12 bytes, uidiv.o(.text), UNUSED)

<P><STRONG><a name="[2e]"></a>__aeabi_uidivmod</STRONG> (Thumb, 44 bytes, Stack size 12 bytes, uidiv.o(.text))
<BR><BR>[Stack]<UL><LI>Max Depth = 12<LI>Call Chain = __aeabi_uidivmod
</UL>
<BR>[Called By]<UL><LI><a href="#[46]">&gt;&gt;</a>&nbsp;&nbsp;&nbsp;Delay_1ms
<LI><a href="#[76]">&gt;&gt;</a>&nbsp;&nbsp;&nbsp;SystemCoreClockUpdate
<LI><a href="#[92]">&gt;&gt;</a>&nbsp;&nbsp;&nbsp;tim8_init
<LI><a href="#[2d]">&gt;&gt;</a>&nbsp;&nbsp;&nbsp;__aeabi_idivmod
<LI><a href="#[aa]">&gt;&gt;</a>&nbsp;&nbsp;&nbsp;std_usart_baudrate_config
<LI><a href="#[a7]">&gt;&gt;</a>&nbsp;&nbsp;&nbsp;std_rcc_get_pllfreq
<LI><a href="#[a4]">&gt;&gt;</a>&nbsp;&nbsp;&nbsp;std_rcc_get_sysclkfreq
</UL>

<P><STRONG><a name="[c2]"></a>__aeabi_idiv</STRONG> (Thumb, 0 bytes, Stack size 16 bytes, idiv.o(.text), UNUSED)

<P><STRONG><a name="[2d]"></a>__aeabi_idivmod</STRONG> (Thumb, 40 bytes, Stack size 16 bytes, idiv.o(.text))
<BR><BR>[Stack]<UL><LI>Max Depth = 28<LI>Call Chain = __aeabi_idivmod &rArr; __aeabi_uidivmod
</UL>
<BR>[Calls]<UL><LI><a href="#[2e]">&gt;&gt;</a>&nbsp;&nbsp;&nbsp;__aeabi_uidivmod
</UL>
<BR>[Called By]<UL><LI><a href="#[77]">&gt;&gt;</a>&nbsp;&nbsp;&nbsp;TimingDelay_Isr
<LI><a href="#[86]">&gt;&gt;</a>&nbsp;&nbsp;&nbsp;build_FirmVers
</UL>

<P><STRONG><a name="[2f]"></a>__aeabi_uldivmod</STRONG> (Thumb, 96 bytes, Stack size 48 bytes, uldiv.o(.text), UNUSED)
<BR><BR>[Calls]<UL><LI><a href="#[30]">&gt;&gt;</a>&nbsp;&nbsp;&nbsp;__aeabi_llsr
<LI><a href="#[31]">&gt;&gt;</a>&nbsp;&nbsp;&nbsp;__aeabi_llsl
</UL>
<BR>[Called By]<UL><LI><a href="#[7e]">&gt;&gt;</a>&nbsp;&nbsp;&nbsp;_printf_core
</UL>

<P><STRONG><a name="[33]"></a>__aeabi_memset</STRONG> (Thumb, 14 bytes, Stack size 0 bytes, memseta.o(.text))
<BR><BR>[Called By]<UL><LI><a href="#[34]">&gt;&gt;</a>&nbsp;&nbsp;&nbsp;_memset$wrapper
<LI><a href="#[32]">&gt;&gt;</a>&nbsp;&nbsp;&nbsp;__aeabi_memclr
</UL>

<P><STRONG><a name="[c3]"></a>__aeabi_memset4</STRONG> (Thumb, 0 bytes, Stack size 0 bytes, memseta.o(.text), UNUSED)

<P><STRONG><a name="[c4]"></a>__aeabi_memset8</STRONG> (Thumb, 0 bytes, Stack size 0 bytes, memseta.o(.text), UNUSED)

<P><STRONG><a name="[32]"></a>__aeabi_memclr</STRONG> (Thumb, 4 bytes, Stack size 0 bytes, memseta.o(.text))
<BR><BR>[Calls]<UL><LI><a href="#[33]">&gt;&gt;</a>&nbsp;&nbsp;&nbsp;__aeabi_memset
</UL>
<BR>[Called By]<UL><LI><a href="#[71]">&gt;&gt;</a>&nbsp;&nbsp;&nbsp;tcp_hand
<LI><a href="#[5f]">&gt;&gt;</a>&nbsp;&nbsp;&nbsp;Init_SysData
<LI><a href="#[5d]">&gt;&gt;</a>&nbsp;&nbsp;&nbsp;InitEprom_SysData
</UL>

<P><STRONG><a name="[6e]"></a>__aeabi_memclr4</STRONG> (Thumb, 0 bytes, Stack size 0 bytes, memseta.o(.text))
<BR><BR>[Called By]<UL><LI><a href="#[94]">&gt;&gt;</a>&nbsp;&nbsp;&nbsp;uart_init
<LI><a href="#[93]">&gt;&gt;</a>&nbsp;&nbsp;&nbsp;uart_gpio_init
<LI><a href="#[92]">&gt;&gt;</a>&nbsp;&nbsp;&nbsp;tim8_init
<LI><a href="#[9a]">&gt;&gt;</a>&nbsp;&nbsp;&nbsp;tim5_out_init
<LI><a href="#[99]">&gt;&gt;</a>&nbsp;&nbsp;&nbsp;tim5_out_gpio_init
<LI><a href="#[98]">&gt;&gt;</a>&nbsp;&nbsp;&nbsp;tim4_out_init
<LI><a href="#[97]">&gt;&gt;</a>&nbsp;&nbsp;&nbsp;tim4_out_gpio_init
<LI><a href="#[90]">&gt;&gt;</a>&nbsp;&nbsp;&nbsp;led_init
<LI><a href="#[89]">&gt;&gt;</a>&nbsp;&nbsp;&nbsp;exti_init
<LI><a href="#[51]">&gt;&gt;</a>&nbsp;&nbsp;&nbsp;i2c_gpio_init
<LI><a href="#[4d]">&gt;&gt;</a>&nbsp;&nbsp;&nbsp;SDA_IO_SET
</UL>

<P><STRONG><a name="[c5]"></a>__aeabi_memclr8</STRONG> (Thumb, 0 bytes, Stack size 0 bytes, memseta.o(.text), UNUSED)

<P><STRONG><a name="[34]"></a>_memset$wrapper</STRONG> (Thumb, 18 bytes, Stack size 8 bytes, memseta.o(.text), UNUSED)
<BR><BR>[Calls]<UL><LI><a href="#[33]">&gt;&gt;</a>&nbsp;&nbsp;&nbsp;__aeabi_memset
</UL>

<P><STRONG><a name="[88]"></a>strstr</STRONG> (Thumb, 40 bytes, Stack size 12 bytes, strstr.o(.text))
<BR><BR>[Stack]<UL><LI>Max Depth = 12<LI>Call Chain = strstr
</UL>
<BR>[Called By]<UL><LI><a href="#[86]">&gt;&gt;</a>&nbsp;&nbsp;&nbsp;build_FirmVers
</UL>

<P><STRONG><a name="[35]"></a>__0sscanf</STRONG> (Thumb, 50 bytes, Stack size 72 bytes, __0sscanf.o(.text))
<BR><BR>[Stack]<UL><LI>Max Depth = 208<LI>Call Chain = __0sscanf &rArr; __vfscanf_char &rArr; __vfscanf &rArr; _scanf_string
</UL>
<BR>[Calls]<UL><LI><a href="#[36]">&gt;&gt;</a>&nbsp;&nbsp;&nbsp;__vfscanf_char
</UL>
<BR>[Called By]<UL><LI><a href="#[86]">&gt;&gt;</a>&nbsp;&nbsp;&nbsp;build_FirmVers
</UL>

<P><STRONG><a name="[37]"></a>_scanf_int</STRONG> (Thumb, 330 bytes, Stack size 48 bytes, _scanf_int.o(.text))
<BR><BR>[Stack]<UL><LI>Max Depth = 48<LI>Call Chain = _scanf_int
</UL>
<BR>[Calls]<UL><LI><a href="#[38]">&gt;&gt;</a>&nbsp;&nbsp;&nbsp;_chval
</UL>
<BR>[Called By]<UL><LI><a href="#[39]">&gt;&gt;</a>&nbsp;&nbsp;&nbsp;__vfscanf
</UL>

<P><STRONG><a name="[3e]"></a>_scanf_string</STRONG> (Thumb, 228 bytes, Stack size 48 bytes, _scanf_str.o(.text))
<BR><BR>[Stack]<UL><LI>Max Depth = 48<LI>Call Chain = _scanf_string
</UL>
<BR>[Called By]<UL><LI><a href="#[39]">&gt;&gt;</a>&nbsp;&nbsp;&nbsp;__vfscanf
</UL>

<P><STRONG><a name="[31]"></a>__aeabi_llsl</STRONG> (Thumb, 32 bytes, Stack size 8 bytes, llshl.o(.text), UNUSED)
<BR><BR>[Called By]<UL><LI><a href="#[2f]">&gt;&gt;</a>&nbsp;&nbsp;&nbsp;__aeabi_uldivmod
</UL>

<P><STRONG><a name="[c6]"></a>_ll_shift_l</STRONG> (Thumb, 0 bytes, Stack size 8 bytes, llshl.o(.text), UNUSED)

<P><STRONG><a name="[30]"></a>__aeabi_llsr</STRONG> (Thumb, 34 bytes, Stack size 8 bytes, llushr.o(.text), UNUSED)
<BR><BR>[Called By]<UL><LI><a href="#[2f]">&gt;&gt;</a>&nbsp;&nbsp;&nbsp;__aeabi_uldivmod
</UL>

<P><STRONG><a name="[c7]"></a>_ll_ushift_r</STRONG> (Thumb, 0 bytes, Stack size 8 bytes, llushr.o(.text), UNUSED)

<P><STRONG><a name="[38]"></a>_chval</STRONG> (Thumb, 30 bytes, Stack size 0 bytes, _chval.o(.text))
<BR><BR>[Called By]<UL><LI><a href="#[37]">&gt;&gt;</a>&nbsp;&nbsp;&nbsp;_scanf_int
</UL>

<P><STRONG><a name="[36]"></a>__vfscanf_char</STRONG> (Thumb, 24 bytes, Stack size 8 bytes, scanf_char.o(.text))
<BR><BR>[Stack]<UL><LI>Max Depth = 136<LI>Call Chain = __vfscanf_char &rArr; __vfscanf &rArr; _scanf_string
</UL>
<BR>[Calls]<UL><LI><a href="#[39]">&gt;&gt;</a>&nbsp;&nbsp;&nbsp;__vfscanf
</UL>
<BR>[Called By]<UL><LI><a href="#[35]">&gt;&gt;</a>&nbsp;&nbsp;&nbsp;__0sscanf
</UL>

<P><STRONG><a name="[25]"></a>_sgetc</STRONG> (Thumb, 32 bytes, Stack size 0 bytes, _sgetc.o(.text))
<BR>[Address Reference Count : 1]<UL><LI> __0sscanf.o(.text)
</UL>
<P><STRONG><a name="[26]"></a>_sbackspace</STRONG> (Thumb, 36 bytes, Stack size 0 bytes, _sgetc.o(.text))
<BR>[Address Reference Count : 1]<UL><LI> __0sscanf.o(.text)
</UL>
<P><STRONG><a name="[2c]"></a>__scatterload</STRONG> (Thumb, 28 bytes, Stack size 0 bytes, init.o(.text))
<BR><BR>[Calls]<UL><LI><a href="#[3a]">&gt;&gt;</a>&nbsp;&nbsp;&nbsp;__main_after_scatterload
</UL>
<BR>[Called By]<UL><LI><a href="#[2b]">&gt;&gt;</a>&nbsp;&nbsp;&nbsp;_main_scatterload
</UL>

<P><STRONG><a name="[c8]"></a>__scatterload_rt2</STRONG> (Thumb, 0 bytes, Stack size 0 bytes, init.o(.text), UNUSED)

<P><STRONG><a name="[28]"></a>isspace</STRONG> (Thumb, 14 bytes, Stack size 8 bytes, isspace_c.o(.text))
<BR><BR>[Stack]<UL><LI>Max Depth = 8<LI>Call Chain = isspace
</UL>
<BR>[Calls]<UL><LI><a href="#[3b]">&gt;&gt;</a>&nbsp;&nbsp;&nbsp;__ctype_lookup
</UL>
<BR>[Address Reference Count : 1]<UL><LI> scanf_char.o(.text)
</UL>
<P><STRONG><a name="[39]"></a>__vfscanf</STRONG> (Thumb, 806 bytes, Stack size 80 bytes, _scanf.o(.text))
<BR><BR>[Stack]<UL><LI>Max Depth = 128<LI>Call Chain = __vfscanf &rArr; _scanf_string
</UL>
<BR>[Calls]<UL><LI><a href="#[3c]">&gt;&gt;</a>&nbsp;&nbsp;&nbsp;_scanf_real (Weak Reference)
<LI><a href="#[3d]">&gt;&gt;</a>&nbsp;&nbsp;&nbsp;_scanf_longlong (Weak Reference)
<LI><a href="#[3e]">&gt;&gt;</a>&nbsp;&nbsp;&nbsp;_scanf_string
<LI><a href="#[37]">&gt;&gt;</a>&nbsp;&nbsp;&nbsp;_scanf_int
</UL>
<BR>[Called By]<UL><LI><a href="#[36]">&gt;&gt;</a>&nbsp;&nbsp;&nbsp;__vfscanf_char
</UL>

<P><STRONG><a name="[3b]"></a>__ctype_lookup</STRONG> (Thumb, 32 bytes, Stack size 0 bytes, ctype_c.o(.text))
<BR><BR>[Called By]<UL><LI><a href="#[28]">&gt;&gt;</a>&nbsp;&nbsp;&nbsp;isspace
</UL>

<P><STRONG><a name="[3f]"></a>App_OnMotorCmd</STRONG> (Thumb, 276 bytes, Stack size 8 bytes, app_service.o(i.App_OnMotorCmd))
<BR><BR>[Stack]<UL><LI>Max Depth = 24<LI>Call Chain = App_OnMotorCmd &rArr; wheel_set_turn_right &rArr; wheel_right_backward
</UL>
<BR>[Calls]<UL><LI><a href="#[43]">&gt;&gt;</a>&nbsp;&nbsp;&nbsp;wheel_set_turn_right
<LI><a href="#[42]">&gt;&gt;</a>&nbsp;&nbsp;&nbsp;wheel_set_turn_left
<LI><a href="#[40]">&gt;&gt;</a>&nbsp;&nbsp;&nbsp;wheel_set_forward
<LI><a href="#[41]">&gt;&gt;</a>&nbsp;&nbsp;&nbsp;std_tim_set_ccx_value
</UL>
<BR>[Called By]<UL><LI><a href="#[66]">&gt;&gt;</a>&nbsp;&nbsp;&nbsp;ParseBtCmd
</UL>

<P><STRONG><a name="[46]"></a>Delay_1ms</STRONG> (Thumb, 88 bytes, Stack size 16 bytes, tim_bsp.o(i.Delay_1ms))
<BR><BR>[Stack]<UL><LI>Max Depth = 28<LI>Call Chain = Delay_1ms &rArr; __aeabi_uidivmod
</UL>
<BR>[Calls]<UL><LI><a href="#[2e]">&gt;&gt;</a>&nbsp;&nbsp;&nbsp;__aeabi_uidivmod
</UL>
<BR>[Called By]<UL><LI><a href="#[67]">&gt;&gt;</a>&nbsp;&nbsp;&nbsp;Power_On
<LI><a href="#[5e]">&gt;&gt;</a>&nbsp;&nbsp;&nbsp;WriteEpData
<LI><a href="#[4a]">&gt;&gt;</a>&nbsp;&nbsp;&nbsp;ReadEpData
<LI><a href="#[62]">&gt;&gt;</a>&nbsp;&nbsp;&nbsp;Power_Off
</UL>

<P><STRONG><a name="[d]"></a>EXTI4_15_IRQHandler</STRONG> (Thumb, 278 bytes, Stack size 16 bytes, exti_bsp.o(i.EXTI4_15_IRQHandler))
<BR><BR>[Stack]<UL><LI>Max Depth = 16<LI>Call Chain = EXTI4_15_IRQHandler
</UL>
<BR>[Calls]<UL><LI><a href="#[47]">&gt;&gt;</a>&nbsp;&nbsp;&nbsp;std_exti_get_pending_status
<LI><a href="#[48]">&gt;&gt;</a>&nbsp;&nbsp;&nbsp;std_exti_clear_pending
</UL>
<BR>[Address Reference Count : 1]<UL><LI> startup_ciu32l051.o(RESET)
</UL>
<P><STRONG><a name="[50]"></a>I2C_Configuration</STRONG> (Thumb, 8 bytes, Stack size 8 bytes, i2c_driver.o(i.I2C_Configuration))
<BR><BR>[Stack]<UL><LI>Max Depth = 68<LI>Call Chain = I2C_Configuration &rArr; i2c_gpio_init &rArr; std_gpio_init &rArr; std_gpio_set_pin_pull
</UL>
<BR>[Calls]<UL><LI><a href="#[51]">&gt;&gt;</a>&nbsp;&nbsp;&nbsp;i2c_gpio_init
</UL>
<BR>[Called By]<UL><LI><a href="#[22]">&gt;&gt;</a>&nbsp;&nbsp;&nbsp;main
</UL>

<P><STRONG><a name="[52]"></a>I2C_PolledMasterRead</STRONG> (Thumb, 60 bytes, Stack size 40 bytes, i2c_driver.o(i.I2C_PolledMasterRead))
<BR><BR>[Stack]<UL><LI>Max Depth = 156<LI>Call Chain = I2C_PolledMasterRead &rArr; I2C_SendAddr &rArr; I2C_WriteByte &rArr; I2C_ChkAck &rArr; SDA_IO_SET &rArr; std_gpio_init &rArr; std_gpio_set_pin_pull
</UL>
<BR>[Calls]<UL><LI><a href="#[55]">&gt;&gt;</a>&nbsp;&nbsp;&nbsp;I2C_Stop
<LI><a href="#[53]">&gt;&gt;</a>&nbsp;&nbsp;&nbsp;I2C_SendAddr
<LI><a href="#[54]">&gt;&gt;</a>&nbsp;&nbsp;&nbsp;I2C_ReadBytes
</UL>
<BR>[Called By]<UL><LI><a href="#[4a]">&gt;&gt;</a>&nbsp;&nbsp;&nbsp;ReadEpData
</UL>

<P><STRONG><a name="[56]"></a>I2C_PolledMasterWrite</STRONG> (Thumb, 56 bytes, Stack size 40 bytes, i2c_driver.o(i.I2C_PolledMasterWrite))
<BR><BR>[Stack]<UL><LI>Max Depth = 156<LI>Call Chain = I2C_PolledMasterWrite &rArr; I2C_WriteBytes &rArr; I2C_WriteByte &rArr; I2C_ChkAck &rArr; SDA_IO_SET &rArr; std_gpio_init &rArr; std_gpio_set_pin_pull
</UL>
<BR>[Calls]<UL><LI><a href="#[57]">&gt;&gt;</a>&nbsp;&nbsp;&nbsp;I2C_WriteBytes
<LI><a href="#[55]">&gt;&gt;</a>&nbsp;&nbsp;&nbsp;I2C_Stop
<LI><a href="#[53]">&gt;&gt;</a>&nbsp;&nbsp;&nbsp;I2C_SendAddr
</UL>
<BR>[Called By]<UL><LI><a href="#[5e]">&gt;&gt;</a>&nbsp;&nbsp;&nbsp;WriteEpData
</UL>

<P><STRONG><a name="[5f]"></a>Init_SysData</STRONG> (Thumb, 88 bytes, Stack size 8 bytes, ep24cx_i2c.o(i.Init_SysData))
<BR><BR>[Stack]<UL><LI>Max Depth = 220<LI>Call Chain = Init_SysData &rArr; InitEprom_SysData &rArr; WriteEpData &rArr; I2C_PolledMasterWrite &rArr; I2C_WriteBytes &rArr; I2C_WriteByte &rArr; I2C_ChkAck &rArr; SDA_IO_SET &rArr; std_gpio_init &rArr; std_gpio_set_pin_pull
</UL>
<BR>[Calls]<UL><LI><a href="#[4a]">&gt;&gt;</a>&nbsp;&nbsp;&nbsp;ReadEpData
<LI><a href="#[5d]">&gt;&gt;</a>&nbsp;&nbsp;&nbsp;InitEprom_SysData
<LI><a href="#[49]">&gt;&gt;</a>&nbsp;&nbsp;&nbsp;GetEpromSign
<LI><a href="#[32]">&gt;&gt;</a>&nbsp;&nbsp;&nbsp;__aeabi_memclr
</UL>
<BR>[Called By]<UL><LI><a href="#[22]">&gt;&gt;</a>&nbsp;&nbsp;&nbsp;main
</UL>

<P><STRONG><a name="[62]"></a>Power_Off</STRONG> (Thumb, 144 bytes, Stack size 8 bytes, app_service.o(i.Power_Off))
<BR><BR>[Stack]<UL><LI>Max Depth = 36<LI>Call Chain = Power_Off &rArr; Delay_1ms &rArr; __aeabi_uidivmod
</UL>
<BR>[Calls]<UL><LI><a href="#[65]">&gt;&gt;</a>&nbsp;&nbsp;&nbsp;std_gpio_reset_pin
<LI><a href="#[6c]">&gt;&gt;</a>&nbsp;&nbsp;&nbsp;fan_set_pwm
<LI><a href="#[69]">&gt;&gt;</a>&nbsp;&nbsp;&nbsp;SendToSub_Spring
<LI><a href="#[6d]">&gt;&gt;</a>&nbsp;&nbsp;&nbsp;SendToSub_Pwr
<LI><a href="#[46]">&gt;&gt;</a>&nbsp;&nbsp;&nbsp;Delay_1ms
<LI><a href="#[6b]">&gt;&gt;</a>&nbsp;&nbsp;&nbsp;__2printf
</UL>
<BR>[Called By]<UL><LI><a href="#[72]">&gt;&gt;</a>&nbsp;&nbsp;&nbsp;Tmr_Hand
<LI><a href="#[60]">&gt;&gt;</a>&nbsp;&nbsp;&nbsp;Input_Hand
</UL>

<P><STRONG><a name="[67]"></a>Power_On</STRONG> (Thumb, 174 bytes, Stack size 8 bytes, app_service.o(i.Power_On))
<BR><BR>[Stack]<UL><LI>Max Depth = 36<LI>Call Chain = Power_On &rArr; Delay_1ms &rArr; __aeabi_uidivmod
</UL>
<BR>[Calls]<UL><LI><a href="#[40]">&gt;&gt;</a>&nbsp;&nbsp;&nbsp;wheel_set_forward
<LI><a href="#[41]">&gt;&gt;</a>&nbsp;&nbsp;&nbsp;std_tim_set_ccx_value
<LI><a href="#[63]">&gt;&gt;</a>&nbsp;&nbsp;&nbsp;std_gpio_set_pin
<LI><a href="#[65]">&gt;&gt;</a>&nbsp;&nbsp;&nbsp;std_gpio_reset_pin
<LI><a href="#[6c]">&gt;&gt;</a>&nbsp;&nbsp;&nbsp;fan_set_pwm
<LI><a href="#[6d]">&gt;&gt;</a>&nbsp;&nbsp;&nbsp;SendToSub_Pwr
<LI><a href="#[46]">&gt;&gt;</a>&nbsp;&nbsp;&nbsp;Delay_1ms
<LI><a href="#[6b]">&gt;&gt;</a>&nbsp;&nbsp;&nbsp;__2printf
</UL>
<BR>[Called By]<UL><LI><a href="#[6a]">&gt;&gt;</a>&nbsp;&nbsp;&nbsp;ParseSubCmd
<LI><a href="#[66]">&gt;&gt;</a>&nbsp;&nbsp;&nbsp;ParseBtCmd
</UL>

<P><STRONG><a name="[4a]"></a>ReadEpData</STRONG> (Thumb, 226 bytes, Stack size 48 bytes, ep24cx_i2c.o(i.ReadEpData))
<BR><BR>[Stack]<UL><LI>Max Depth = 204<LI>Call Chain = ReadEpData &rArr; I2C_PolledMasterRead &rArr; I2C_SendAddr &rArr; I2C_WriteByte &rArr; I2C_ChkAck &rArr; SDA_IO_SET &rArr; std_gpio_init &rArr; std_gpio_set_pin_pull
</UL>
<BR>[Calls]<UL><LI><a href="#[46]">&gt;&gt;</a>&nbsp;&nbsp;&nbsp;Delay_1ms
<LI><a href="#[52]">&gt;&gt;</a>&nbsp;&nbsp;&nbsp;I2C_PolledMasterRead
</UL>
<BR>[Called By]<UL><LI><a href="#[5f]">&gt;&gt;</a>&nbsp;&nbsp;&nbsp;Init_SysData
<LI><a href="#[49]">&gt;&gt;</a>&nbsp;&nbsp;&nbsp;GetEpromSign
</UL>

<P><STRONG><a name="[70]"></a>ScheduleHandle</STRONG> (Thumb, 20 bytes, Stack size 8 bytes, app_service.o(i.ScheduleHandle))
<BR><BR>[Stack]<UL><LI>Max Depth = 84<LI>Call Chain = ScheduleHandle &rArr; tcp_hand &rArr; ParseSubCmd &rArr; Power_On &rArr; Delay_1ms &rArr; __aeabi_uidivmod
</UL>
<BR>[Calls]<UL><LI><a href="#[73]">&gt;&gt;</a>&nbsp;&nbsp;&nbsp;Turn_Tmo_Hand
<LI><a href="#[72]">&gt;&gt;</a>&nbsp;&nbsp;&nbsp;Tmr_Hand
<LI><a href="#[60]">&gt;&gt;</a>&nbsp;&nbsp;&nbsp;Input_Hand
<LI><a href="#[71]">&gt;&gt;</a>&nbsp;&nbsp;&nbsp;tcp_hand
</UL>
<BR>[Called By]<UL><LI><a href="#[22]">&gt;&gt;</a>&nbsp;&nbsp;&nbsp;main
</UL>

<P><STRONG><a name="[6d]"></a>SendToSub_Pwr</STRONG> (Thumb, 34 bytes, Stack size 8 bytes, app_tcp.o(i.SendToSub_Pwr))
<BR><BR>[Stack]<UL><LI>Max Depth = 24<LI>Call Chain = SendToSub_Pwr &rArr; UART4_Send_Buf
</UL>
<BR>[Calls]<UL><LI><a href="#[74]">&gt;&gt;</a>&nbsp;&nbsp;&nbsp;UART4_Send_Buf
</UL>
<BR>[Called By]<UL><LI><a href="#[67]">&gt;&gt;</a>&nbsp;&nbsp;&nbsp;Power_On
<LI><a href="#[62]">&gt;&gt;</a>&nbsp;&nbsp;&nbsp;Power_Off
</UL>

<P><STRONG><a name="[69]"></a>SendToSub_Spring</STRONG> (Thumb, 36 bytes, Stack size 8 bytes, app_tcp.o(i.SendToSub_Spring))
<BR><BR>[Stack]<UL><LI>Max Depth = 24<LI>Call Chain = SendToSub_Spring &rArr; UART4_Send_Buf
</UL>
<BR>[Calls]<UL><LI><a href="#[74]">&gt;&gt;</a>&nbsp;&nbsp;&nbsp;UART4_Send_Buf
</UL>
<BR>[Called By]<UL><LI><a href="#[72]">&gt;&gt;</a>&nbsp;&nbsp;&nbsp;Tmr_Hand
<LI><a href="#[66]">&gt;&gt;</a>&nbsp;&nbsp;&nbsp;ParseBtCmd
<LI><a href="#[62]">&gt;&gt;</a>&nbsp;&nbsp;&nbsp;Power_Off
</UL>

<P><STRONG><a name="[75]"></a>SendToSub_State</STRONG> (Thumb, 36 bytes, Stack size 8 bytes, app_tcp.o(i.SendToSub_State))
<BR><BR>[Stack]<UL><LI>Max Depth = 24<LI>Call Chain = SendToSub_State &rArr; UART4_Send_Buf
</UL>
<BR>[Calls]<UL><LI><a href="#[74]">&gt;&gt;</a>&nbsp;&nbsp;&nbsp;UART4_Send_Buf
</UL>
<BR>[Called By]<UL><LI><a href="#[64]">&gt;&gt;</a>&nbsp;&nbsp;&nbsp;vi_Power_off
</UL>

<P><STRONG><a name="[68]"></a>SendToSub_Water</STRONG> (Thumb, 36 bytes, Stack size 8 bytes, app_tcp.o(i.SendToSub_Water))
<BR><BR>[Stack]<UL><LI>Max Depth = 24<LI>Call Chain = SendToSub_Water &rArr; UART4_Send_Buf
</UL>
<BR>[Calls]<UL><LI><a href="#[74]">&gt;&gt;</a>&nbsp;&nbsp;&nbsp;UART4_Send_Buf
</UL>
<BR>[Called By]<UL><LI><a href="#[66]">&gt;&gt;</a>&nbsp;&nbsp;&nbsp;ParseBtCmd
</UL>

<P><STRONG><a name="[76]"></a>SystemCoreClockUpdate</STRONG> (Thumb, 230 bytes, Stack size 32 bytes, system_ciu32l051.o(i.SystemCoreClockUpdate))
<BR><BR>[Stack]<UL><LI>Max Depth = 44<LI>Call Chain = SystemCoreClockUpdate &rArr; __aeabi_uidivmod
</UL>
<BR>[Calls]<UL><LI><a href="#[2e]">&gt;&gt;</a>&nbsp;&nbsp;&nbsp;__aeabi_uidivmod
</UL>
<BR>[Called By]<UL><LI><a href="#[91]">&gt;&gt;</a>&nbsp;&nbsp;&nbsp;system_clock_config
</UL>

<P><STRONG><a name="[23]"></a>SystemInit</STRONG> (Thumb, 14 bytes, Stack size 0 bytes, system_ciu32l051.o(i.SystemInit))
<BR>[Address Reference Count : 1]<UL><LI> startup_ciu32l051.o(.text)
</UL>
<P><STRONG><a name="[15]"></a>TIM8_IRQHandler</STRONG> (Thumb, 76 bytes, Stack size 8 bytes, tim_bsp.o(i.TIM8_IRQHandler))
<BR><BR>[Stack]<UL><LI>Max Depth = 44<LI>Call Chain = TIM8_IRQHandler &rArr; TimingDelay_Isr &rArr; __aeabi_idivmod &rArr; __aeabi_uidivmod
</UL>
<BR>[Calls]<UL><LI><a href="#[77]">&gt;&gt;</a>&nbsp;&nbsp;&nbsp;TimingDelay_Isr
</UL>
<BR>[Address Reference Count : 1]<UL><LI> startup_ciu32l051.o(RESET)
</UL>
<P><STRONG><a name="[9d]"></a>TimFlg_Hand</STRONG> (Thumb, 176 bytes, Stack size 0 bytes, tim_bsp.o(i.TimFlg_Hand))
<BR><BR>[Called By]<UL><LI><a href="#[22]">&gt;&gt;</a>&nbsp;&nbsp;&nbsp;main
</UL>

<P><STRONG><a name="[77]"></a>TimingDelay_Isr</STRONG> (Thumb, 174 bytes, Stack size 8 bytes, tim_bsp.o(i.TimingDelay_Isr))
<BR><BR>[Stack]<UL><LI>Max Depth = 36<LI>Call Chain = TimingDelay_Isr &rArr; __aeabi_idivmod &rArr; __aeabi_uidivmod
</UL>
<BR>[Calls]<UL><LI><a href="#[2d]">&gt;&gt;</a>&nbsp;&nbsp;&nbsp;__aeabi_idivmod
</UL>
<BR>[Called By]<UL><LI><a href="#[15]">&gt;&gt;</a>&nbsp;&nbsp;&nbsp;TIM8_IRQHandler
</UL>

<P><STRONG><a name="[1c]"></a>UART2_IRQHandler</STRONG> (Thumb, 108 bytes, Stack size 8 bytes, usart_bsp.o(i.UART2_IRQHandler))
<BR><BR>[Stack]<UL><LI>Max Depth = 8<LI>Call Chain = UART2_IRQHandler
</UL>
<BR>[Calls]<UL><LI><a href="#[7a]">&gt;&gt;</a>&nbsp;&nbsp;&nbsp;std_usart_get_flag
<LI><a href="#[79]">&gt;&gt;</a>&nbsp;&nbsp;&nbsp;std_usart_get_cr3_interrupt_enable
<LI><a href="#[78]">&gt;&gt;</a>&nbsp;&nbsp;&nbsp;std_usart_get_cr1_interrupt_enable
<LI><a href="#[7b]">&gt;&gt;</a>&nbsp;&nbsp;&nbsp;std_usart_clear_flag
</UL>
<BR>[Address Reference Count : 1]<UL><LI> startup_ciu32l051.o(RESET)
</UL>
<P><STRONG><a name="[1d]"></a>UART3_4_IRQHandler</STRONG> (Thumb, 212 bytes, Stack size 8 bytes, usart_bsp.o(i.UART3_4_IRQHandler))
<BR><BR>[Stack]<UL><LI>Max Depth = 8<LI>Call Chain = UART3_4_IRQHandler
</UL>
<BR>[Calls]<UL><LI><a href="#[7a]">&gt;&gt;</a>&nbsp;&nbsp;&nbsp;std_usart_get_flag
<LI><a href="#[79]">&gt;&gt;</a>&nbsp;&nbsp;&nbsp;std_usart_get_cr3_interrupt_enable
<LI><a href="#[78]">&gt;&gt;</a>&nbsp;&nbsp;&nbsp;std_usart_get_cr1_interrupt_enable
<LI><a href="#[7b]">&gt;&gt;</a>&nbsp;&nbsp;&nbsp;std_usart_clear_flag
</UL>
<BR>[Address Reference Count : 1]<UL><LI> startup_ciu32l051.o(RESET)
</UL>
<P><STRONG><a name="[1b]"></a>USART1_IRQHandler</STRONG> (Thumb, 2 bytes, Stack size 0 bytes, usart_bsp.o(i.USART1_IRQHandler))
<BR>[Address Reference Count : 1]<UL><LI> startup_ciu32l051.o(RESET)
</UL>
<P><STRONG><a name="[5e]"></a>WriteEpData</STRONG> (Thumb, 226 bytes, Stack size 48 bytes, ep24cx_i2c.o(i.WriteEpData))
<BR><BR>[Stack]<UL><LI>Max Depth = 204<LI>Call Chain = WriteEpData &rArr; I2C_PolledMasterWrite &rArr; I2C_WriteBytes &rArr; I2C_WriteByte &rArr; I2C_ChkAck &rArr; SDA_IO_SET &rArr; std_gpio_init &rArr; std_gpio_set_pin_pull
</UL>
<BR>[Calls]<UL><LI><a href="#[46]">&gt;&gt;</a>&nbsp;&nbsp;&nbsp;Delay_1ms
<LI><a href="#[56]">&gt;&gt;</a>&nbsp;&nbsp;&nbsp;I2C_PolledMasterWrite
</UL>
<BR>[Called By]<UL><LI><a href="#[5d]">&gt;&gt;</a>&nbsp;&nbsp;&nbsp;InitEprom_SysData
</UL>

<P><STRONG><a name="[7d]"></a>__0printf$8</STRONG> (Thumb, 24 bytes, Stack size 24 bytes, printf8.o(i.__0printf$8), UNUSED)
<BR><BR>[Calls]<UL><LI><a href="#[7e]">&gt;&gt;</a>&nbsp;&nbsp;&nbsp;_printf_core
</UL>

<P><STRONG><a name="[c9]"></a>__1printf$8</STRONG> (Thumb, 0 bytes, Stack size 24 bytes, printf8.o(i.__0printf$8), UNUSED)

<P><STRONG><a name="[6b]"></a>__2printf</STRONG> (Thumb, 0 bytes, Stack size 24 bytes, printf8.o(i.__0printf$8))
<BR><BR>[Stack]<UL><LI>Max Depth = 24<LI>Call Chain = __2printf
</UL>
<BR>[Called By]<UL><LI><a href="#[67]">&gt;&gt;</a>&nbsp;&nbsp;&nbsp;Power_On
<LI><a href="#[6a]">&gt;&gt;</a>&nbsp;&nbsp;&nbsp;ParseSubCmd
<LI><a href="#[22]">&gt;&gt;</a>&nbsp;&nbsp;&nbsp;main
<LI><a href="#[86]">&gt;&gt;</a>&nbsp;&nbsp;&nbsp;build_FirmVers
<LI><a href="#[62]">&gt;&gt;</a>&nbsp;&nbsp;&nbsp;Power_Off
</UL>

<P><STRONG><a name="[7f]"></a>__0sprintf$8</STRONG> (Thumb, 36 bytes, Stack size 24 bytes, printf8.o(i.__0sprintf$8), UNUSED)
<BR><BR>[Calls]<UL><LI><a href="#[2a]">&gt;&gt;</a>&nbsp;&nbsp;&nbsp;_sputc
<LI><a href="#[7e]">&gt;&gt;</a>&nbsp;&nbsp;&nbsp;_printf_core
</UL>

<P><STRONG><a name="[ca]"></a>__1sprintf$8</STRONG> (Thumb, 0 bytes, Stack size 24 bytes, printf8.o(i.__0sprintf$8), UNUSED)

<P><STRONG><a name="[87]"></a>__2sprintf</STRONG> (Thumb, 0 bytes, Stack size 24 bytes, printf8.o(i.__0sprintf$8))
<BR><BR>[Stack]<UL><LI>Max Depth = 24<LI>Call Chain = __2sprintf
</UL>
<BR>[Called By]<UL><LI><a href="#[86]">&gt;&gt;</a>&nbsp;&nbsp;&nbsp;build_FirmVers
</UL>

<P><STRONG><a name="[cb]"></a>__scatterload_copy</STRONG> (Thumb, 14 bytes, Stack size unknown bytes, handlers.o(i.__scatterload_copy), UNUSED)

<P><STRONG><a name="[cc]"></a>__scatterload_null</STRONG> (Thumb, 2 bytes, Stack size unknown bytes, handlers.o(i.__scatterload_null), UNUSED)

<P><STRONG><a name="[cd]"></a>__scatterload_zeroinit</STRONG> (Thumb, 14 bytes, Stack size unknown bytes, handlers.o(i.__scatterload_zeroinit), UNUSED)

<P><STRONG><a name="[82]"></a>bsp_tim4_output_start</STRONG> (Thumb, 26 bytes, Stack size 8 bytes, tim_bsp.o(i.bsp_tim4_output_start))
<BR><BR>[Stack]<UL><LI>Max Depth = 16<LI>Call Chain = bsp_tim4_output_start &rArr; std_tim_ccx_channel_enable
</UL>
<BR>[Calls]<UL><LI><a href="#[84]">&gt;&gt;</a>&nbsp;&nbsp;&nbsp;std_tim_enable
<LI><a href="#[83]">&gt;&gt;</a>&nbsp;&nbsp;&nbsp;std_tim_ccx_channel_enable
</UL>
<BR>[Called By]<UL><LI><a href="#[22]">&gt;&gt;</a>&nbsp;&nbsp;&nbsp;main
</UL>

<P><STRONG><a name="[85]"></a>bsp_tim5_output_start</STRONG> (Thumb, 18 bytes, Stack size 8 bytes, tim_bsp.o(i.bsp_tim5_output_start))
<BR><BR>[Stack]<UL><LI>Max Depth = 16<LI>Call Chain = bsp_tim5_output_start &rArr; std_tim_ccx_channel_enable
</UL>
<BR>[Calls]<UL><LI><a href="#[84]">&gt;&gt;</a>&nbsp;&nbsp;&nbsp;std_tim_enable
<LI><a href="#[83]">&gt;&gt;</a>&nbsp;&nbsp;&nbsp;std_tim_ccx_channel_enable
</UL>
<BR>[Called By]<UL><LI><a href="#[22]">&gt;&gt;</a>&nbsp;&nbsp;&nbsp;main
</UL>

<P><STRONG><a name="[86]"></a>build_FirmVers</STRONG> (Thumb, 172 bytes, Stack size 48 bytes, main.o(i.build_FirmVers))
<BR><BR>[Stack]<UL><LI>Max Depth = 256<LI>Call Chain = build_FirmVers &rArr; __0sscanf &rArr; __vfscanf_char &rArr; __vfscanf &rArr; _scanf_string
</UL>
<BR>[Calls]<UL><LI><a href="#[88]">&gt;&gt;</a>&nbsp;&nbsp;&nbsp;strstr
<LI><a href="#[2d]">&gt;&gt;</a>&nbsp;&nbsp;&nbsp;__aeabi_idivmod
<LI><a href="#[35]">&gt;&gt;</a>&nbsp;&nbsp;&nbsp;__0sscanf
<LI><a href="#[87]">&gt;&gt;</a>&nbsp;&nbsp;&nbsp;__2sprintf
<LI><a href="#[6b]">&gt;&gt;</a>&nbsp;&nbsp;&nbsp;__2printf
</UL>
<BR>[Called By]<UL><LI><a href="#[22]">&gt;&gt;</a>&nbsp;&nbsp;&nbsp;main
</UL>

<P><STRONG><a name="[89]"></a>exti_init</STRONG> (Thumb, 424 bytes, Stack size 40 bytes, exti_bsp.o(i.exti_init))
<BR><BR>[Stack]<UL><LI>Max Depth = 76<LI>Call Chain = exti_init &rArr; std_gpio_init &rArr; std_gpio_set_pin_pull
</UL>
<BR>[Calls]<UL><LI><a href="#[8c]">&gt;&gt;</a>&nbsp;&nbsp;&nbsp;std_exti_init
<LI><a href="#[8a]">&gt;&gt;</a>&nbsp;&nbsp;&nbsp;std_rcc_gpio_clk_enable
<LI><a href="#[8b]">&gt;&gt;</a>&nbsp;&nbsp;&nbsp;std_gpio_reset_pin
<LI><a href="#[8d]">&gt;&gt;</a>&nbsp;&nbsp;&nbsp;__NVIC_SetPriority
<LI><a href="#[8e]">&gt;&gt;</a>&nbsp;&nbsp;&nbsp;__NVIC_EnableIRQ
<LI><a href="#[6f]">&gt;&gt;</a>&nbsp;&nbsp;&nbsp;std_gpio_init
<LI><a href="#[6e]">&gt;&gt;</a>&nbsp;&nbsp;&nbsp;__aeabi_memclr4
</UL>
<BR>[Called By]<UL><LI><a href="#[22]">&gt;&gt;</a>&nbsp;&nbsp;&nbsp;main
</UL>

<P><STRONG><a name="[29]"></a>fputc</STRONG> (Thumb, 32 bytes, Stack size 16 bytes, usart_bsp.o(i.fputc))
<BR><BR>[Stack]<UL><LI>Max Depth = 16<LI>Call Chain = fputc
</UL>
<BR>[Calls]<UL><LI><a href="#[8f]">&gt;&gt;</a>&nbsp;&nbsp;&nbsp;std_usart_tx_write_data
<LI><a href="#[7a]">&gt;&gt;</a>&nbsp;&nbsp;&nbsp;std_usart_get_flag
</UL>
<BR>[Address Reference Count : 1]<UL><LI> printf8.o(i.__0printf$8)
</UL>
<P><STRONG><a name="[51]"></a>i2c_gpio_init</STRONG> (Thumb, 82 bytes, Stack size 24 bytes, i2c_driver.o(i.i2c_gpio_init))
<BR><BR>[Stack]<UL><LI>Max Depth = 60<LI>Call Chain = i2c_gpio_init &rArr; std_gpio_init &rArr; std_gpio_set_pin_pull
</UL>
<BR>[Calls]<UL><LI><a href="#[6f]">&gt;&gt;</a>&nbsp;&nbsp;&nbsp;std_gpio_init
<LI><a href="#[4e]">&gt;&gt;</a>&nbsp;&nbsp;&nbsp;std_gpio_set_pin
<LI><a href="#[6e]">&gt;&gt;</a>&nbsp;&nbsp;&nbsp;__aeabi_memclr4
</UL>
<BR>[Called By]<UL><LI><a href="#[50]">&gt;&gt;</a>&nbsp;&nbsp;&nbsp;I2C_Configuration
</UL>

<P><STRONG><a name="[9b]"></a>iwdg_init</STRONG> (Thumb, 60 bytes, Stack size 0 bytes, main.o(i.iwdg_init))
<BR><BR>[Called By]<UL><LI><a href="#[22]">&gt;&gt;</a>&nbsp;&nbsp;&nbsp;main
</UL>

<P><STRONG><a name="[90]"></a>led_init</STRONG> (Thumb, 46 bytes, Stack size 24 bytes, exti_bsp.o(i.led_init))
<BR><BR>[Stack]<UL><LI>Max Depth = 60<LI>Call Chain = led_init &rArr; std_gpio_init &rArr; std_gpio_set_pin_pull
</UL>
<BR>[Calls]<UL><LI><a href="#[8a]">&gt;&gt;</a>&nbsp;&nbsp;&nbsp;std_rcc_gpio_clk_enable
<LI><a href="#[6f]">&gt;&gt;</a>&nbsp;&nbsp;&nbsp;std_gpio_init
<LI><a href="#[6e]">&gt;&gt;</a>&nbsp;&nbsp;&nbsp;__aeabi_memclr4
</UL>
<BR>[Called By]<UL><LI><a href="#[22]">&gt;&gt;</a>&nbsp;&nbsp;&nbsp;main
</UL>

<P><STRONG><a name="[22]"></a>main</STRONG> (Thumb, 112 bytes, Stack size 0 bytes, main.o(i.main))
<BR><BR>[Stack]<UL><LI>Max Depth = 256<LI>Call Chain = main &rArr; build_FirmVers &rArr; __0sscanf &rArr; __vfscanf_char &rArr; __vfscanf &rArr; _scanf_string
</UL>
<BR>[Calls]<UL><LI><a href="#[95]">&gt;&gt;</a>&nbsp;&nbsp;&nbsp;usart_init_int
<LI><a href="#[94]">&gt;&gt;</a>&nbsp;&nbsp;&nbsp;uart_init
<LI><a href="#[93]">&gt;&gt;</a>&nbsp;&nbsp;&nbsp;uart_gpio_init
<LI><a href="#[92]">&gt;&gt;</a>&nbsp;&nbsp;&nbsp;tim8_init
<LI><a href="#[9a]">&gt;&gt;</a>&nbsp;&nbsp;&nbsp;tim5_out_init
<LI><a href="#[99]">&gt;&gt;</a>&nbsp;&nbsp;&nbsp;tim5_out_gpio_init
<LI><a href="#[98]">&gt;&gt;</a>&nbsp;&nbsp;&nbsp;tim4_out_init
<LI><a href="#[97]">&gt;&gt;</a>&nbsp;&nbsp;&nbsp;tim4_out_gpio_init
<LI><a href="#[91]">&gt;&gt;</a>&nbsp;&nbsp;&nbsp;system_clock_config
<LI><a href="#[9c]">&gt;&gt;</a>&nbsp;&nbsp;&nbsp;sys_flg_init
<LI><a href="#[96]">&gt;&gt;</a>&nbsp;&nbsp;&nbsp;std_delay_init
<LI><a href="#[90]">&gt;&gt;</a>&nbsp;&nbsp;&nbsp;led_init
<LI><a href="#[89]">&gt;&gt;</a>&nbsp;&nbsp;&nbsp;exti_init
<LI><a href="#[85]">&gt;&gt;</a>&nbsp;&nbsp;&nbsp;bsp_tim5_output_start
<LI><a href="#[82]">&gt;&gt;</a>&nbsp;&nbsp;&nbsp;bsp_tim4_output_start
<LI><a href="#[9d]">&gt;&gt;</a>&nbsp;&nbsp;&nbsp;TimFlg_Hand
<LI><a href="#[70]">&gt;&gt;</a>&nbsp;&nbsp;&nbsp;ScheduleHandle
<LI><a href="#[5f]">&gt;&gt;</a>&nbsp;&nbsp;&nbsp;Init_SysData
<LI><a href="#[50]">&gt;&gt;</a>&nbsp;&nbsp;&nbsp;I2C_Configuration
<LI><a href="#[9b]">&gt;&gt;</a>&nbsp;&nbsp;&nbsp;iwdg_init
<LI><a href="#[86]">&gt;&gt;</a>&nbsp;&nbsp;&nbsp;build_FirmVers
<LI><a href="#[6b]">&gt;&gt;</a>&nbsp;&nbsp;&nbsp;__2printf
</UL>
<BR>[Address Reference Count : 1]<UL><LI> entry9a.o(.ARM.Collect$$$$0000000B)
</UL>
<P><STRONG><a name="[96]"></a>std_delay_init</STRONG> (Thumb, 26 bytes, Stack size 0 bytes, ciu32l051_std.o(i.std_delay_init))
<BR><BR>[Called By]<UL><LI><a href="#[22]">&gt;&gt;</a>&nbsp;&nbsp;&nbsp;main
</UL>

<P><STRONG><a name="[8c]"></a>std_exti_init</STRONG> (Thumb, 374 bytes, Stack size 20 bytes, ciu32l051_std_exti.o(i.std_exti_init))
<BR><BR>[Stack]<UL><LI>Max Depth = 20<LI>Call Chain = std_exti_init
</UL>
<BR>[Called By]<UL><LI><a href="#[89]">&gt;&gt;</a>&nbsp;&nbsp;&nbsp;exti_init
</UL>

<P><STRONG><a name="[6f]"></a>std_gpio_init</STRONG> (Thumb, 112 bytes, Stack size 24 bytes, ciu32l051_std_gpio.o(i.std_gpio_init))
<BR><BR>[Stack]<UL><LI>Max Depth = 36<LI>Call Chain = std_gpio_init &rArr; std_gpio_set_pin_pull
</UL>
<BR>[Calls]<UL><LI><a href="#[9f]">&gt;&gt;</a>&nbsp;&nbsp;&nbsp;std_gpio_set_pin_pull
<LI><a href="#[a2]">&gt;&gt;</a>&nbsp;&nbsp;&nbsp;std_gpio_set_pin_output_type
<LI><a href="#[9e]">&gt;&gt;</a>&nbsp;&nbsp;&nbsp;std_gpio_set_pin_mode
<LI><a href="#[a1]">&gt;&gt;</a>&nbsp;&nbsp;&nbsp;std_gpio_set_afpin_8_15
<LI><a href="#[a0]">&gt;&gt;</a>&nbsp;&nbsp;&nbsp;std_gpio_set_afpin_0_7
</UL>
<BR>[Called By]<UL><LI><a href="#[93]">&gt;&gt;</a>&nbsp;&nbsp;&nbsp;uart_gpio_init
<LI><a href="#[99]">&gt;&gt;</a>&nbsp;&nbsp;&nbsp;tim5_out_gpio_init
<LI><a href="#[97]">&gt;&gt;</a>&nbsp;&nbsp;&nbsp;tim4_out_gpio_init
<LI><a href="#[90]">&gt;&gt;</a>&nbsp;&nbsp;&nbsp;led_init
<LI><a href="#[89]">&gt;&gt;</a>&nbsp;&nbsp;&nbsp;exti_init
<LI><a href="#[51]">&gt;&gt;</a>&nbsp;&nbsp;&nbsp;i2c_gpio_init
<LI><a href="#[4d]">&gt;&gt;</a>&nbsp;&nbsp;&nbsp;SDA_IO_SET
</UL>

<P><STRONG><a name="[a3]"></a>std_rcc_get_hclkfreq</STRONG> (Thumb, 34 bytes, Stack size 16 bytes, ciu32l051_std_rcc.o(i.std_rcc_get_hclkfreq))
<BR><BR>[Stack]<UL><LI>Max Depth = 68<LI>Call Chain = std_rcc_get_hclkfreq &rArr; std_rcc_get_sysclkfreq &rArr; std_rcc_get_pllfreq &rArr; __aeabi_uidivmod
</UL>
<BR>[Calls]<UL><LI><a href="#[a4]">&gt;&gt;</a>&nbsp;&nbsp;&nbsp;std_rcc_get_sysclkfreq
</UL>
<BR>[Called By]<UL><LI><a href="#[a6]">&gt;&gt;</a>&nbsp;&nbsp;&nbsp;std_rcc_get_pclk2freq
<LI><a href="#[a5]">&gt;&gt;</a>&nbsp;&nbsp;&nbsp;std_rcc_get_pclk1freq
</UL>

<P><STRONG><a name="[a5]"></a>std_rcc_get_pclk1freq</STRONG> (Thumb, 44 bytes, Stack size 16 bytes, ciu32l051_std_rcc.o(i.std_rcc_get_pclk1freq))
<BR><BR>[Stack]<UL><LI>Max Depth = 84<LI>Call Chain = std_rcc_get_pclk1freq &rArr; std_rcc_get_hclkfreq &rArr; std_rcc_get_sysclkfreq &rArr; std_rcc_get_pllfreq &rArr; __aeabi_uidivmod
</UL>
<BR>[Calls]<UL><LI><a href="#[a3]">&gt;&gt;</a>&nbsp;&nbsp;&nbsp;std_rcc_get_hclkfreq
</UL>
<BR>[Called By]<UL><LI><a href="#[aa]">&gt;&gt;</a>&nbsp;&nbsp;&nbsp;std_usart_baudrate_config
</UL>

<P><STRONG><a name="[a6]"></a>std_rcc_get_pclk2freq</STRONG> (Thumb, 44 bytes, Stack size 16 bytes, ciu32l051_std_rcc.o(i.std_rcc_get_pclk2freq))
<BR><BR>[Stack]<UL><LI>Max Depth = 84<LI>Call Chain = std_rcc_get_pclk2freq &rArr; std_rcc_get_hclkfreq &rArr; std_rcc_get_sysclkfreq &rArr; std_rcc_get_pllfreq &rArr; __aeabi_uidivmod
</UL>
<BR>[Calls]<UL><LI><a href="#[a3]">&gt;&gt;</a>&nbsp;&nbsp;&nbsp;std_rcc_get_hclkfreq
</UL>
<BR>[Called By]<UL><LI><a href="#[aa]">&gt;&gt;</a>&nbsp;&nbsp;&nbsp;std_usart_baudrate_config
</UL>

<P><STRONG><a name="[a7]"></a>std_rcc_get_pllfreq</STRONG> (Thumb, 106 bytes, Stack size 24 bytes, ciu32l051_std_rcc.o(i.std_rcc_get_pllfreq))
<BR><BR>[Stack]<UL><LI>Max Depth = 36<LI>Call Chain = std_rcc_get_pllfreq &rArr; __aeabi_uidivmod
</UL>
<BR>[Calls]<UL><LI><a href="#[2e]">&gt;&gt;</a>&nbsp;&nbsp;&nbsp;__aeabi_uidivmod
</UL>
<BR>[Called By]<UL><LI><a href="#[a4]">&gt;&gt;</a>&nbsp;&nbsp;&nbsp;std_rcc_get_sysclkfreq
</UL>

<P><STRONG><a name="[a4]"></a>std_rcc_get_sysclkfreq</STRONG> (Thumb, 104 bytes, Stack size 16 bytes, ciu32l051_std_rcc.o(i.std_rcc_get_sysclkfreq))
<BR><BR>[Stack]<UL><LI>Max Depth = 52<LI>Call Chain = std_rcc_get_sysclkfreq &rArr; std_rcc_get_pllfreq &rArr; __aeabi_uidivmod
</UL>
<BR>[Calls]<UL><LI><a href="#[2e]">&gt;&gt;</a>&nbsp;&nbsp;&nbsp;__aeabi_uidivmod
<LI><a href="#[a7]">&gt;&gt;</a>&nbsp;&nbsp;&nbsp;std_rcc_get_pllfreq
</UL>
<BR>[Called By]<UL><LI><a href="#[a3]">&gt;&gt;</a>&nbsp;&nbsp;&nbsp;std_rcc_get_hclkfreq
</UL>

<P><STRONG><a name="[af]"></a>std_tim_init</STRONG> (Thumb, 72 bytes, Stack size 8 bytes, ciu32l051_std_tim.o(i.std_tim_init))
<BR><BR>[Stack]<UL><LI>Max Depth = 8<LI>Call Chain = std_tim_init
</UL>
<BR>[Called By]<UL><LI><a href="#[92]">&gt;&gt;</a>&nbsp;&nbsp;&nbsp;tim8_init
<LI><a href="#[9a]">&gt;&gt;</a>&nbsp;&nbsp;&nbsp;tim5_out_init
<LI><a href="#[98]">&gt;&gt;</a>&nbsp;&nbsp;&nbsp;tim4_out_init
</UL>

<P><STRONG><a name="[a8]"></a>std_tim_output_compare_init</STRONG> (Thumb, 372 bytes, Stack size 32 bytes, ciu32l051_std_tim.o(i.std_tim_output_compare_init))
<BR><BR>[Stack]<UL><LI>Max Depth = 40<LI>Call Chain = std_tim_output_compare_init &rArr; std_tim_ccx_channel_disable
</UL>
<BR>[Calls]<UL><LI><a href="#[a9]">&gt;&gt;</a>&nbsp;&nbsp;&nbsp;std_tim_ccx_channel_disable
</UL>
<BR>[Called By]<UL><LI><a href="#[9a]">&gt;&gt;</a>&nbsp;&nbsp;&nbsp;tim5_out_init
<LI><a href="#[98]">&gt;&gt;</a>&nbsp;&nbsp;&nbsp;tim4_out_init
</UL>

<P><STRONG><a name="[aa]"></a>std_usart_baudrate_config</STRONG> (Thumb, 156 bytes, Stack size 32 bytes, ciu32l051_std_usart.o(i.std_usart_baudrate_config))
<BR><BR>[Stack]<UL><LI>Max Depth = 116<LI>Call Chain = std_usart_baudrate_config &rArr; std_rcc_get_pclk2freq &rArr; std_rcc_get_hclkfreq &rArr; std_rcc_get_sysclkfreq &rArr; std_rcc_get_pllfreq &rArr; __aeabi_uidivmod
</UL>
<BR>[Calls]<UL><LI><a href="#[2e]">&gt;&gt;</a>&nbsp;&nbsp;&nbsp;__aeabi_uidivmod
<LI><a href="#[a6]">&gt;&gt;</a>&nbsp;&nbsp;&nbsp;std_rcc_get_pclk2freq
<LI><a href="#[a5]">&gt;&gt;</a>&nbsp;&nbsp;&nbsp;std_rcc_get_pclk1freq
</UL>
<BR>[Called By]<UL><LI><a href="#[ab]">&gt;&gt;</a>&nbsp;&nbsp;&nbsp;std_usart_init
</UL>

<P><STRONG><a name="[ab]"></a>std_usart_init</STRONG> (Thumb, 116 bytes, Stack size 16 bytes, ciu32l051_std_usart.o(i.std_usart_init))
<BR><BR>[Stack]<UL><LI>Max Depth = 132<LI>Call Chain = std_usart_init &rArr; std_usart_baudrate_config &rArr; std_rcc_get_pclk2freq &rArr; std_rcc_get_hclkfreq &rArr; std_rcc_get_sysclkfreq &rArr; std_rcc_get_pllfreq &rArr; __aeabi_uidivmod
</UL>
<BR>[Calls]<UL><LI><a href="#[aa]">&gt;&gt;</a>&nbsp;&nbsp;&nbsp;std_usart_baudrate_config
</UL>
<BR>[Called By]<UL><LI><a href="#[94]">&gt;&gt;</a>&nbsp;&nbsp;&nbsp;uart_init
</UL>

<P><STRONG><a name="[9c]"></a>sys_flg_init</STRONG> (Thumb, 28 bytes, Stack size 0 bytes, app_service.o(i.sys_flg_init))
<BR><BR>[Called By]<UL><LI><a href="#[22]">&gt;&gt;</a>&nbsp;&nbsp;&nbsp;main
</UL>

<P><STRONG><a name="[91]"></a>system_clock_config</STRONG> (Thumb, 240 bytes, Stack size 16 bytes, common.o(i.system_clock_config))
<BR><BR>[Stack]<UL><LI>Max Depth = 60<LI>Call Chain = system_clock_config &rArr; SystemCoreClockUpdate &rArr; __aeabi_uidivmod
</UL>
<BR>[Calls]<UL><LI><a href="#[76]">&gt;&gt;</a>&nbsp;&nbsp;&nbsp;SystemCoreClockUpdate
</UL>
<BR>[Called By]<UL><LI><a href="#[22]">&gt;&gt;</a>&nbsp;&nbsp;&nbsp;main
</UL>

<P><STRONG><a name="[71]"></a>tcp_hand</STRONG> (Thumb, 148 bytes, Stack size 8 bytes, app_tcp.o(i.tcp_hand))
<BR><BR>[Stack]<UL><LI>Max Depth = 76<LI>Call Chain = tcp_hand &rArr; ParseSubCmd &rArr; Power_On &rArr; Delay_1ms &rArr; __aeabi_uidivmod
</UL>
<BR>[Calls]<UL><LI><a href="#[ac]">&gt;&gt;</a>&nbsp;&nbsp;&nbsp;mydatacpy
<LI><a href="#[6a]">&gt;&gt;</a>&nbsp;&nbsp;&nbsp;ParseSubCmd
<LI><a href="#[66]">&gt;&gt;</a>&nbsp;&nbsp;&nbsp;ParseBtCmd
<LI><a href="#[32]">&gt;&gt;</a>&nbsp;&nbsp;&nbsp;__aeabi_memclr
</UL>
<BR>[Called By]<UL><LI><a href="#[70]">&gt;&gt;</a>&nbsp;&nbsp;&nbsp;ScheduleHandle
</UL>

<P><STRONG><a name="[97]"></a>tim4_out_gpio_init</STRONG> (Thumb, 66 bytes, Stack size 24 bytes, tim_bsp.o(i.tim4_out_gpio_init))
<BR><BR>[Stack]<UL><LI>Max Depth = 60<LI>Call Chain = tim4_out_gpio_init &rArr; std_gpio_init &rArr; std_gpio_set_pin_pull
</UL>
<BR>[Calls]<UL><LI><a href="#[ad]">&gt;&gt;</a>&nbsp;&nbsp;&nbsp;std_rcc_gpio_clk_enable
<LI><a href="#[6f]">&gt;&gt;</a>&nbsp;&nbsp;&nbsp;std_gpio_init
<LI><a href="#[6e]">&gt;&gt;</a>&nbsp;&nbsp;&nbsp;__aeabi_memclr4
</UL>
<BR>[Called By]<UL><LI><a href="#[22]">&gt;&gt;</a>&nbsp;&nbsp;&nbsp;main
</UL>

<P><STRONG><a name="[98]"></a>tim4_out_init</STRONG> (Thumb, 94 bytes, Stack size 48 bytes, tim_bsp.o(i.tim4_out_init))
<BR><BR>[Stack]<UL><LI>Max Depth = 88<LI>Call Chain = tim4_out_init &rArr; std_tim_output_compare_init &rArr; std_tim_ccx_channel_disable
</UL>
<BR>[Calls]<UL><LI><a href="#[a8]">&gt;&gt;</a>&nbsp;&nbsp;&nbsp;std_tim_output_compare_init
<LI><a href="#[af]">&gt;&gt;</a>&nbsp;&nbsp;&nbsp;std_tim_init
<LI><a href="#[ae]">&gt;&gt;</a>&nbsp;&nbsp;&nbsp;std_rcc_apb1_clk_enable
<LI><a href="#[6e]">&gt;&gt;</a>&nbsp;&nbsp;&nbsp;__aeabi_memclr4
</UL>
<BR>[Called By]<UL><LI><a href="#[22]">&gt;&gt;</a>&nbsp;&nbsp;&nbsp;main
</UL>

<P><STRONG><a name="[99]"></a>tim5_out_gpio_init</STRONG> (Thumb, 46 bytes, Stack size 24 bytes, tim_bsp.o(i.tim5_out_gpio_init))
<BR><BR>[Stack]<UL><LI>Max Depth = 60<LI>Call Chain = tim5_out_gpio_init &rArr; std_gpio_init &rArr; std_gpio_set_pin_pull
</UL>
<BR>[Calls]<UL><LI><a href="#[ad]">&gt;&gt;</a>&nbsp;&nbsp;&nbsp;std_rcc_gpio_clk_enable
<LI><a href="#[6f]">&gt;&gt;</a>&nbsp;&nbsp;&nbsp;std_gpio_init
<LI><a href="#[6e]">&gt;&gt;</a>&nbsp;&nbsp;&nbsp;__aeabi_memclr4
</UL>
<BR>[Called By]<UL><LI><a href="#[22]">&gt;&gt;</a>&nbsp;&nbsp;&nbsp;main
</UL>

<P><STRONG><a name="[9a]"></a>tim5_out_init</STRONG> (Thumb, 80 bytes, Stack size 48 bytes, tim_bsp.o(i.tim5_out_init))
<BR><BR>[Stack]<UL><LI>Max Depth = 88<LI>Call Chain = tim5_out_init &rArr; std_tim_output_compare_init &rArr; std_tim_ccx_channel_disable
</UL>
<BR>[Calls]<UL><LI><a href="#[a8]">&gt;&gt;</a>&nbsp;&nbsp;&nbsp;std_tim_output_compare_init
<LI><a href="#[af]">&gt;&gt;</a>&nbsp;&nbsp;&nbsp;std_tim_init
<LI><a href="#[ae]">&gt;&gt;</a>&nbsp;&nbsp;&nbsp;std_rcc_apb1_clk_enable
<LI><a href="#[6e]">&gt;&gt;</a>&nbsp;&nbsp;&nbsp;__aeabi_memclr4
</UL>
<BR>[Called By]<UL><LI><a href="#[22]">&gt;&gt;</a>&nbsp;&nbsp;&nbsp;main
</UL>

<P><STRONG><a name="[92]"></a>tim8_init</STRONG> (Thumb, 106 bytes, Stack size 32 bytes, tim_bsp.o(i.tim8_init))
<BR><BR>[Stack]<UL><LI>Max Depth = 44<LI>Call Chain = tim8_init &rArr; __aeabi_uidivmod
</UL>
<BR>[Calls]<UL><LI><a href="#[af]">&gt;&gt;</a>&nbsp;&nbsp;&nbsp;std_tim_init
<LI><a href="#[84]">&gt;&gt;</a>&nbsp;&nbsp;&nbsp;std_tim_enable
<LI><a href="#[ae]">&gt;&gt;</a>&nbsp;&nbsp;&nbsp;std_rcc_apb1_clk_enable
<LI><a href="#[b0]">&gt;&gt;</a>&nbsp;&nbsp;&nbsp;__NVIC_SetPriority
<LI><a href="#[6e]">&gt;&gt;</a>&nbsp;&nbsp;&nbsp;__aeabi_memclr4
<LI><a href="#[2e]">&gt;&gt;</a>&nbsp;&nbsp;&nbsp;__aeabi_uidivmod
</UL>
<BR>[Called By]<UL><LI><a href="#[22]">&gt;&gt;</a>&nbsp;&nbsp;&nbsp;main
</UL>

<P><STRONG><a name="[93]"></a>uart_gpio_init</STRONG> (Thumb, 102 bytes, Stack size 24 bytes, usart_bsp.o(i.uart_gpio_init))
<BR><BR>[Stack]<UL><LI>Max Depth = 60<LI>Call Chain = uart_gpio_init &rArr; std_gpio_init &rArr; std_gpio_set_pin_pull
</UL>
<BR>[Calls]<UL><LI><a href="#[6f]">&gt;&gt;</a>&nbsp;&nbsp;&nbsp;std_gpio_init
<LI><a href="#[b1]">&gt;&gt;</a>&nbsp;&nbsp;&nbsp;std_rcc_gpio_clk_enable
<LI><a href="#[6e]">&gt;&gt;</a>&nbsp;&nbsp;&nbsp;__aeabi_memclr4
</UL>
<BR>[Called By]<UL><LI><a href="#[22]">&gt;&gt;</a>&nbsp;&nbsp;&nbsp;main
</UL>

<P><STRONG><a name="[94]"></a>uart_init</STRONG> (Thumb, 108 bytes, Stack size 32 bytes, usart_bsp.o(i.uart_init))
<BR><BR>[Stack]<UL><LI>Max Depth = 164<LI>Call Chain = uart_init &rArr; std_usart_init &rArr; std_usart_baudrate_config &rArr; std_rcc_get_pclk2freq &rArr; std_rcc_get_hclkfreq &rArr; std_rcc_get_sysclkfreq &rArr; std_rcc_get_pllfreq &rArr; __aeabi_uidivmod
</UL>
<BR>[Calls]<UL><LI><a href="#[ab]">&gt;&gt;</a>&nbsp;&nbsp;&nbsp;std_usart_init
<LI><a href="#[b3]">&gt;&gt;</a>&nbsp;&nbsp;&nbsp;std_usart_enable
<LI><a href="#[b2]">&gt;&gt;</a>&nbsp;&nbsp;&nbsp;std_rcc_apb1_clk_enable
<LI><a href="#[6e]">&gt;&gt;</a>&nbsp;&nbsp;&nbsp;__aeabi_memclr4
</UL>
<BR>[Called By]<UL><LI><a href="#[22]">&gt;&gt;</a>&nbsp;&nbsp;&nbsp;main
</UL>

<P><STRONG><a name="[95]"></a>usart_init_int</STRONG> (Thumb, 56 bytes, Stack size 8 bytes, usart_bsp.o(i.usart_init_int))
<BR><BR>[Stack]<UL><LI>Max Depth = 16<LI>Call Chain = usart_init_int &rArr; __NVIC_SetPriority
</UL>
<BR>[Calls]<UL><LI><a href="#[b4]">&gt;&gt;</a>&nbsp;&nbsp;&nbsp;std_usart_cr1_interrupt_enable
<LI><a href="#[b5]">&gt;&gt;</a>&nbsp;&nbsp;&nbsp;__NVIC_SetPriority
<LI><a href="#[b6]">&gt;&gt;</a>&nbsp;&nbsp;&nbsp;__NVIC_EnableIRQ
</UL>
<BR>[Called By]<UL><LI><a href="#[22]">&gt;&gt;</a>&nbsp;&nbsp;&nbsp;main
</UL>

<P><STRONG><a name="[64]"></a>vi_Power_off</STRONG> (Thumb, 166 bytes, Stack size 8 bytes, app_service.o(i.vi_Power_off))
<BR><BR>[Stack]<UL><LI>Max Depth = 32<LI>Call Chain = vi_Power_off &rArr; SendToSub_State &rArr; UART4_Send_Buf
</UL>
<BR>[Calls]<UL><LI><a href="#[75]">&gt;&gt;</a>&nbsp;&nbsp;&nbsp;SendToSub_State
</UL>
<BR>[Called By]<UL><LI><a href="#[60]">&gt;&gt;</a>&nbsp;&nbsp;&nbsp;Input_Hand
<LI><a href="#[6a]">&gt;&gt;</a>&nbsp;&nbsp;&nbsp;ParseSubCmd
<LI><a href="#[66]">&gt;&gt;</a>&nbsp;&nbsp;&nbsp;ParseBtCmd
</UL>
<P>
<H3>
Local Symbols
</H3>
<P><STRONG><a name="[b6]"></a>__NVIC_EnableIRQ</STRONG> (Thumb, 18 bytes, Stack size 0 bytes, usart_bsp.o(i.__NVIC_EnableIRQ))
<BR><BR>[Called By]<UL><LI><a href="#[95]">&gt;&gt;</a>&nbsp;&nbsp;&nbsp;usart_init_int
</UL>

<P><STRONG><a name="[b5]"></a>__NVIC_SetPriority</STRONG> (Thumb, 110 bytes, Stack size 8 bytes, usart_bsp.o(i.__NVIC_SetPriority))
<BR><BR>[Stack]<UL><LI>Max Depth = 8<LI>Call Chain = __NVIC_SetPriority
</UL>
<BR>[Called By]<UL><LI><a href="#[95]">&gt;&gt;</a>&nbsp;&nbsp;&nbsp;usart_init_int
</UL>

<P><STRONG><a name="[b2]"></a>std_rcc_apb1_clk_enable</STRONG> (Thumb, 18 bytes, Stack size 0 bytes, usart_bsp.o(i.std_rcc_apb1_clk_enable))
<BR><BR>[Called By]<UL><LI><a href="#[94]">&gt;&gt;</a>&nbsp;&nbsp;&nbsp;uart_init
</UL>

<P><STRONG><a name="[b1]"></a>std_rcc_gpio_clk_enable</STRONG> (Thumb, 18 bytes, Stack size 0 bytes, usart_bsp.o(i.std_rcc_gpio_clk_enable))
<BR><BR>[Called By]<UL><LI><a href="#[93]">&gt;&gt;</a>&nbsp;&nbsp;&nbsp;uart_gpio_init
</UL>

<P><STRONG><a name="[7b]"></a>std_usart_clear_flag</STRONG> (Thumb, 4 bytes, Stack size 0 bytes, usart_bsp.o(i.std_usart_clear_flag))
<BR><BR>[Called By]<UL><LI><a href="#[1d]">&gt;&gt;</a>&nbsp;&nbsp;&nbsp;UART3_4_IRQHandler
<LI><a href="#[1c]">&gt;&gt;</a>&nbsp;&nbsp;&nbsp;UART2_IRQHandler
</UL>

<P><STRONG><a name="[b4]"></a>std_usart_cr1_interrupt_enable</STRONG> (Thumb, 8 bytes, Stack size 0 bytes, usart_bsp.o(i.std_usart_cr1_interrupt_enable))
<BR><BR>[Called By]<UL><LI><a href="#[95]">&gt;&gt;</a>&nbsp;&nbsp;&nbsp;usart_init_int
</UL>

<P><STRONG><a name="[b3]"></a>std_usart_enable</STRONG> (Thumb, 10 bytes, Stack size 0 bytes, usart_bsp.o(i.std_usart_enable))
<BR><BR>[Called By]<UL><LI><a href="#[94]">&gt;&gt;</a>&nbsp;&nbsp;&nbsp;uart_init
</UL>

<P><STRONG><a name="[78]"></a>std_usart_get_cr1_interrupt_enable</STRONG> (Thumb, 18 bytes, Stack size 0 bytes, usart_bsp.o(i.std_usart_get_cr1_interrupt_enable))
<BR><BR>[Called By]<UL><LI><a href="#[1d]">&gt;&gt;</a>&nbsp;&nbsp;&nbsp;UART3_4_IRQHandler
<LI><a href="#[1c]">&gt;&gt;</a>&nbsp;&nbsp;&nbsp;UART2_IRQHandler
</UL>

<P><STRONG><a name="[79]"></a>std_usart_get_cr3_interrupt_enable</STRONG> (Thumb, 18 bytes, Stack size 0 bytes, usart_bsp.o(i.std_usart_get_cr3_interrupt_enable))
<BR><BR>[Called By]<UL><LI><a href="#[1d]">&gt;&gt;</a>&nbsp;&nbsp;&nbsp;UART3_4_IRQHandler
<LI><a href="#[1c]">&gt;&gt;</a>&nbsp;&nbsp;&nbsp;UART2_IRQHandler
</UL>

<P><STRONG><a name="[7a]"></a>std_usart_get_flag</STRONG> (Thumb, 18 bytes, Stack size 0 bytes, usart_bsp.o(i.std_usart_get_flag))
<BR><BR>[Called By]<UL><LI><a href="#[29]">&gt;&gt;</a>&nbsp;&nbsp;&nbsp;fputc
<LI><a href="#[1d]">&gt;&gt;</a>&nbsp;&nbsp;&nbsp;UART3_4_IRQHandler
<LI><a href="#[1c]">&gt;&gt;</a>&nbsp;&nbsp;&nbsp;UART2_IRQHandler
</UL>

<P><STRONG><a name="[8f]"></a>std_usart_tx_write_data</STRONG> (Thumb, 4 bytes, Stack size 0 bytes, usart_bsp.o(i.std_usart_tx_write_data))
<BR><BR>[Called By]<UL><LI><a href="#[29]">&gt;&gt;</a>&nbsp;&nbsp;&nbsp;fputc
</UL>

<P><STRONG><a name="[b0]"></a>__NVIC_SetPriority</STRONG> (Thumb, 110 bytes, Stack size 8 bytes, tim_bsp.o(i.__NVIC_SetPriority))
<BR><BR>[Stack]<UL><LI>Max Depth = 8<LI>Call Chain = __NVIC_SetPriority
</UL>
<BR>[Called By]<UL><LI><a href="#[92]">&gt;&gt;</a>&nbsp;&nbsp;&nbsp;tim8_init
</UL>

<P><STRONG><a name="[ae]"></a>std_rcc_apb1_clk_enable</STRONG> (Thumb, 18 bytes, Stack size 0 bytes, tim_bsp.o(i.std_rcc_apb1_clk_enable))
<BR><BR>[Called By]<UL><LI><a href="#[92]">&gt;&gt;</a>&nbsp;&nbsp;&nbsp;tim8_init
<LI><a href="#[9a]">&gt;&gt;</a>&nbsp;&nbsp;&nbsp;tim5_out_init
<LI><a href="#[98]">&gt;&gt;</a>&nbsp;&nbsp;&nbsp;tim4_out_init
</UL>

<P><STRONG><a name="[ad]"></a>std_rcc_gpio_clk_enable</STRONG> (Thumb, 18 bytes, Stack size 0 bytes, tim_bsp.o(i.std_rcc_gpio_clk_enable))
<BR><BR>[Called By]<UL><LI><a href="#[99]">&gt;&gt;</a>&nbsp;&nbsp;&nbsp;tim5_out_gpio_init
<LI><a href="#[97]">&gt;&gt;</a>&nbsp;&nbsp;&nbsp;tim4_out_gpio_init
</UL>

<P><STRONG><a name="[83]"></a>std_tim_ccx_channel_enable</STRONG> (Thumb, 16 bytes, Stack size 8 bytes, tim_bsp.o(i.std_tim_ccx_channel_enable))
<BR><BR>[Stack]<UL><LI>Max Depth = 8<LI>Call Chain = std_tim_ccx_channel_enable
</UL>
<BR>[Called By]<UL><LI><a href="#[85]">&gt;&gt;</a>&nbsp;&nbsp;&nbsp;bsp_tim5_output_start
<LI><a href="#[82]">&gt;&gt;</a>&nbsp;&nbsp;&nbsp;bsp_tim4_output_start
</UL>

<P><STRONG><a name="[84]"></a>std_tim_enable</STRONG> (Thumb, 10 bytes, Stack size 0 bytes, tim_bsp.o(i.std_tim_enable))
<BR><BR>[Called By]<UL><LI><a href="#[92]">&gt;&gt;</a>&nbsp;&nbsp;&nbsp;tim8_init
<LI><a href="#[85]">&gt;&gt;</a>&nbsp;&nbsp;&nbsp;bsp_tim5_output_start
<LI><a href="#[82]">&gt;&gt;</a>&nbsp;&nbsp;&nbsp;bsp_tim4_output_start
</UL>

<P><STRONG><a name="[8e]"></a>__NVIC_EnableIRQ</STRONG> (Thumb, 18 bytes, Stack size 0 bytes, exti_bsp.o(i.__NVIC_EnableIRQ))
<BR><BR>[Called By]<UL><LI><a href="#[89]">&gt;&gt;</a>&nbsp;&nbsp;&nbsp;exti_init
</UL>

<P><STRONG><a name="[8d]"></a>__NVIC_SetPriority</STRONG> (Thumb, 110 bytes, Stack size 8 bytes, exti_bsp.o(i.__NVIC_SetPriority))
<BR><BR>[Stack]<UL><LI>Max Depth = 8<LI>Call Chain = __NVIC_SetPriority
</UL>
<BR>[Called By]<UL><LI><a href="#[89]">&gt;&gt;</a>&nbsp;&nbsp;&nbsp;exti_init
</UL>

<P><STRONG><a name="[48]"></a>std_exti_clear_pending</STRONG> (Thumb, 14 bytes, Stack size 0 bytes, exti_bsp.o(i.std_exti_clear_pending))
<BR><BR>[Called By]<UL><LI><a href="#[d]">&gt;&gt;</a>&nbsp;&nbsp;&nbsp;EXTI4_15_IRQHandler
</UL>

<P><STRONG><a name="[47]"></a>std_exti_get_pending_status</STRONG> (Thumb, 28 bytes, Stack size 0 bytes, exti_bsp.o(i.std_exti_get_pending_status))
<BR><BR>[Called By]<UL><LI><a href="#[d]">&gt;&gt;</a>&nbsp;&nbsp;&nbsp;EXTI4_15_IRQHandler
</UL>

<P><STRONG><a name="[8b]"></a>std_gpio_reset_pin</STRONG> (Thumb, 4 bytes, Stack size 0 bytes, exti_bsp.o(i.std_gpio_reset_pin))
<BR><BR>[Called By]<UL><LI><a href="#[89]">&gt;&gt;</a>&nbsp;&nbsp;&nbsp;exti_init
</UL>

<P><STRONG><a name="[8a]"></a>std_rcc_gpio_clk_enable</STRONG> (Thumb, 18 bytes, Stack size 0 bytes, exti_bsp.o(i.std_rcc_gpio_clk_enable))
<BR><BR>[Called By]<UL><LI><a href="#[90]">&gt;&gt;</a>&nbsp;&nbsp;&nbsp;led_init
<LI><a href="#[89]">&gt;&gt;</a>&nbsp;&nbsp;&nbsp;exti_init
</UL>

<P><STRONG><a name="[66]"></a>ParseBtCmd</STRONG> (Thumb, 328 bytes, Stack size 32 bytes, app_tcp.o(i.ParseBtCmd))
<BR><BR>[Stack]<UL><LI>Max Depth = 68<LI>Call Chain = ParseBtCmd &rArr; Power_On &rArr; Delay_1ms &rArr; __aeabi_uidivmod
</UL>
<BR>[Calls]<UL><LI><a href="#[64]">&gt;&gt;</a>&nbsp;&nbsp;&nbsp;vi_Power_off
<LI><a href="#[67]">&gt;&gt;</a>&nbsp;&nbsp;&nbsp;Power_On
<LI><a href="#[3f]">&gt;&gt;</a>&nbsp;&nbsp;&nbsp;App_OnMotorCmd
<LI><a href="#[68]">&gt;&gt;</a>&nbsp;&nbsp;&nbsp;SendToSub_Water
<LI><a href="#[69]">&gt;&gt;</a>&nbsp;&nbsp;&nbsp;SendToSub_Spring
</UL>
<BR>[Called By]<UL><LI><a href="#[71]">&gt;&gt;</a>&nbsp;&nbsp;&nbsp;tcp_hand
</UL>

<P><STRONG><a name="[6a]"></a>ParseSubCmd</STRONG> (Thumb, 112 bytes, Stack size 32 bytes, app_tcp.o(i.ParseSubCmd))
<BR><BR>[Stack]<UL><LI>Max Depth = 68<LI>Call Chain = ParseSubCmd &rArr; Power_On &rArr; Delay_1ms &rArr; __aeabi_uidivmod
</UL>
<BR>[Calls]<UL><LI><a href="#[64]">&gt;&gt;</a>&nbsp;&nbsp;&nbsp;vi_Power_off
<LI><a href="#[67]">&gt;&gt;</a>&nbsp;&nbsp;&nbsp;Power_On
<LI><a href="#[6b]">&gt;&gt;</a>&nbsp;&nbsp;&nbsp;__2printf
</UL>
<BR>[Called By]<UL><LI><a href="#[71]">&gt;&gt;</a>&nbsp;&nbsp;&nbsp;tcp_hand
</UL>

<P><STRONG><a name="[74]"></a>UART4_Send_Buf</STRONG> (Thumb, 56 bytes, Stack size 16 bytes, app_tcp.o(i.UART4_Send_Buf))
<BR><BR>[Stack]<UL><LI>Max Depth = 16<LI>Call Chain = UART4_Send_Buf
</UL>
<BR>[Calls]<UL><LI><a href="#[7c]">&gt;&gt;</a>&nbsp;&nbsp;&nbsp;std_usart_get_flag
</UL>
<BR>[Called By]<UL><LI><a href="#[68]">&gt;&gt;</a>&nbsp;&nbsp;&nbsp;SendToSub_Water
<LI><a href="#[75]">&gt;&gt;</a>&nbsp;&nbsp;&nbsp;SendToSub_State
<LI><a href="#[69]">&gt;&gt;</a>&nbsp;&nbsp;&nbsp;SendToSub_Spring
<LI><a href="#[6d]">&gt;&gt;</a>&nbsp;&nbsp;&nbsp;SendToSub_Pwr
</UL>

<P><STRONG><a name="[ac]"></a>mydatacpy</STRONG> (Thumb, 26 bytes, Stack size 12 bytes, app_tcp.o(i.mydatacpy))
<BR><BR>[Stack]<UL><LI>Max Depth = 12<LI>Call Chain = mydatacpy
</UL>
<BR>[Called By]<UL><LI><a href="#[71]">&gt;&gt;</a>&nbsp;&nbsp;&nbsp;tcp_hand
</UL>

<P><STRONG><a name="[7c]"></a>std_usart_get_flag</STRONG> (Thumb, 18 bytes, Stack size 0 bytes, app_tcp.o(i.std_usart_get_flag))
<BR><BR>[Called By]<UL><LI><a href="#[74]">&gt;&gt;</a>&nbsp;&nbsp;&nbsp;UART4_Send_Buf
</UL>

<P><STRONG><a name="[60]"></a>Input_Hand</STRONG> (Thumb, 210 bytes, Stack size 8 bytes, app_service.o(i.Input_Hand))
<BR><BR>[Stack]<UL><LI>Max Depth = 44<LI>Call Chain = Input_Hand &rArr; Power_Off &rArr; Delay_1ms &rArr; __aeabi_uidivmod
</UL>
<BR>[Calls]<UL><LI><a href="#[63]">&gt;&gt;</a>&nbsp;&nbsp;&nbsp;std_gpio_set_pin
<LI><a href="#[65]">&gt;&gt;</a>&nbsp;&nbsp;&nbsp;std_gpio_reset_pin
<LI><a href="#[61]">&gt;&gt;</a>&nbsp;&nbsp;&nbsp;std_gpio_get_input_pin
<LI><a href="#[64]">&gt;&gt;</a>&nbsp;&nbsp;&nbsp;vi_Power_off
<LI><a href="#[62]">&gt;&gt;</a>&nbsp;&nbsp;&nbsp;Power_Off
</UL>
<BR>[Called By]<UL><LI><a href="#[70]">&gt;&gt;</a>&nbsp;&nbsp;&nbsp;ScheduleHandle
</UL>

<P><STRONG><a name="[72]"></a>Tmr_Hand</STRONG> (Thumb, 232 bytes, Stack size 8 bytes, app_service.o(i.Tmr_Hand))
<BR><BR>[Stack]<UL><LI>Max Depth = 44<LI>Call Chain = Tmr_Hand &rArr; Power_Off &rArr; Delay_1ms &rArr; __aeabi_uidivmod
</UL>
<BR>[Calls]<UL><LI><a href="#[69]">&gt;&gt;</a>&nbsp;&nbsp;&nbsp;SendToSub_Spring
<LI><a href="#[62]">&gt;&gt;</a>&nbsp;&nbsp;&nbsp;Power_Off
</UL>
<BR>[Called By]<UL><LI><a href="#[70]">&gt;&gt;</a>&nbsp;&nbsp;&nbsp;ScheduleHandle
</UL>

<P><STRONG><a name="[73]"></a>Turn_Tmo_Hand</STRONG> (Thumb, 76 bytes, Stack size 8 bytes, app_service.o(i.Turn_Tmo_Hand))
<BR><BR>[Stack]<UL><LI>Max Depth = 24<LI>Call Chain = Turn_Tmo_Hand &rArr; wheel_set_forward &rArr; wheel_right_forward
</UL>
<BR>[Calls]<UL><LI><a href="#[40]">&gt;&gt;</a>&nbsp;&nbsp;&nbsp;wheel_set_forward
<LI><a href="#[41]">&gt;&gt;</a>&nbsp;&nbsp;&nbsp;std_tim_set_ccx_value
</UL>
<BR>[Called By]<UL><LI><a href="#[70]">&gt;&gt;</a>&nbsp;&nbsp;&nbsp;ScheduleHandle
</UL>

<P><STRONG><a name="[6c]"></a>fan_set_pwm</STRONG> (Thumb, 16 bytes, Stack size 8 bytes, app_service.o(i.fan_set_pwm))
<BR><BR>[Stack]<UL><LI>Max Depth = 20<LI>Call Chain = fan_set_pwm &rArr; std_tim_set_ccx_value
</UL>
<BR>[Calls]<UL><LI><a href="#[41]">&gt;&gt;</a>&nbsp;&nbsp;&nbsp;std_tim_set_ccx_value
</UL>
<BR>[Called By]<UL><LI><a href="#[67]">&gt;&gt;</a>&nbsp;&nbsp;&nbsp;Power_On
<LI><a href="#[62]">&gt;&gt;</a>&nbsp;&nbsp;&nbsp;Power_Off
</UL>

<P><STRONG><a name="[61]"></a>std_gpio_get_input_pin</STRONG> (Thumb, 18 bytes, Stack size 0 bytes, app_service.o(i.std_gpio_get_input_pin))
<BR><BR>[Called By]<UL><LI><a href="#[60]">&gt;&gt;</a>&nbsp;&nbsp;&nbsp;Input_Hand
</UL>

<P><STRONG><a name="[65]"></a>std_gpio_reset_pin</STRONG> (Thumb, 4 bytes, Stack size 0 bytes, app_service.o(i.std_gpio_reset_pin))
<BR><BR>[Called By]<UL><LI><a href="#[ba]">&gt;&gt;</a>&nbsp;&nbsp;&nbsp;wheel_right_forward
<LI><a href="#[b7]">&gt;&gt;</a>&nbsp;&nbsp;&nbsp;wheel_left_backward
<LI><a href="#[60]">&gt;&gt;</a>&nbsp;&nbsp;&nbsp;Input_Hand
<LI><a href="#[67]">&gt;&gt;</a>&nbsp;&nbsp;&nbsp;Power_On
<LI><a href="#[62]">&gt;&gt;</a>&nbsp;&nbsp;&nbsp;Power_Off
</UL>

<P><STRONG><a name="[63]"></a>std_gpio_set_pin</STRONG> (Thumb, 4 bytes, Stack size 0 bytes, app_service.o(i.std_gpio_set_pin))
<BR><BR>[Called By]<UL><LI><a href="#[b9]">&gt;&gt;</a>&nbsp;&nbsp;&nbsp;wheel_right_backward
<LI><a href="#[b8]">&gt;&gt;</a>&nbsp;&nbsp;&nbsp;wheel_left_forward
<LI><a href="#[60]">&gt;&gt;</a>&nbsp;&nbsp;&nbsp;Input_Hand
<LI><a href="#[67]">&gt;&gt;</a>&nbsp;&nbsp;&nbsp;Power_On
</UL>

<P><STRONG><a name="[41]"></a>std_tim_set_ccx_value</STRONG> (Thumb, 22 bytes, Stack size 12 bytes, app_service.o(i.std_tim_set_ccx_value))
<BR><BR>[Stack]<UL><LI>Max Depth = 12<LI>Call Chain = std_tim_set_ccx_value
</UL>
<BR>[Called By]<UL><LI><a href="#[6c]">&gt;&gt;</a>&nbsp;&nbsp;&nbsp;fan_set_pwm
<LI><a href="#[73]">&gt;&gt;</a>&nbsp;&nbsp;&nbsp;Turn_Tmo_Hand
<LI><a href="#[67]">&gt;&gt;</a>&nbsp;&nbsp;&nbsp;Power_On
<LI><a href="#[3f]">&gt;&gt;</a>&nbsp;&nbsp;&nbsp;App_OnMotorCmd
</UL>

<P><STRONG><a name="[b7]"></a>wheel_left_backward</STRONG> (Thumb, 14 bytes, Stack size 8 bytes, app_service.o(i.wheel_left_backward))
<BR><BR>[Stack]<UL><LI>Max Depth = 8<LI>Call Chain = wheel_left_backward
</UL>
<BR>[Calls]<UL><LI><a href="#[65]">&gt;&gt;</a>&nbsp;&nbsp;&nbsp;std_gpio_reset_pin
</UL>
<BR>[Called By]<UL><LI><a href="#[42]">&gt;&gt;</a>&nbsp;&nbsp;&nbsp;wheel_set_turn_left
</UL>

<P><STRONG><a name="[b8]"></a>wheel_left_forward</STRONG> (Thumb, 14 bytes, Stack size 8 bytes, app_service.o(i.wheel_left_forward))
<BR><BR>[Stack]<UL><LI>Max Depth = 8<LI>Call Chain = wheel_left_forward
</UL>
<BR>[Calls]<UL><LI><a href="#[63]">&gt;&gt;</a>&nbsp;&nbsp;&nbsp;std_gpio_set_pin
</UL>
<BR>[Called By]<UL><LI><a href="#[43]">&gt;&gt;</a>&nbsp;&nbsp;&nbsp;wheel_set_turn_right
<LI><a href="#[40]">&gt;&gt;</a>&nbsp;&nbsp;&nbsp;wheel_set_forward
</UL>

<P><STRONG><a name="[b9]"></a>wheel_right_backward</STRONG> (Thumb, 14 bytes, Stack size 8 bytes, app_service.o(i.wheel_right_backward))
<BR><BR>[Stack]<UL><LI>Max Depth = 8<LI>Call Chain = wheel_right_backward
</UL>
<BR>[Calls]<UL><LI><a href="#[63]">&gt;&gt;</a>&nbsp;&nbsp;&nbsp;std_gpio_set_pin
</UL>
<BR>[Called By]<UL><LI><a href="#[43]">&gt;&gt;</a>&nbsp;&nbsp;&nbsp;wheel_set_turn_right
</UL>

<P><STRONG><a name="[ba]"></a>wheel_right_forward</STRONG> (Thumb, 14 bytes, Stack size 8 bytes, app_service.o(i.wheel_right_forward))
<BR><BR>[Stack]<UL><LI>Max Depth = 8<LI>Call Chain = wheel_right_forward
</UL>
<BR>[Calls]<UL><LI><a href="#[65]">&gt;&gt;</a>&nbsp;&nbsp;&nbsp;std_gpio_reset_pin
</UL>
<BR>[Called By]<UL><LI><a href="#[42]">&gt;&gt;</a>&nbsp;&nbsp;&nbsp;wheel_set_turn_left
<LI><a href="#[40]">&gt;&gt;</a>&nbsp;&nbsp;&nbsp;wheel_set_forward
</UL>

<P><STRONG><a name="[40]"></a>wheel_set_forward</STRONG> (Thumb, 12 bytes, Stack size 8 bytes, app_service.o(i.wheel_set_forward))
<BR><BR>[Stack]<UL><LI>Max Depth = 16<LI>Call Chain = wheel_set_forward &rArr; wheel_right_forward
</UL>
<BR>[Calls]<UL><LI><a href="#[ba]">&gt;&gt;</a>&nbsp;&nbsp;&nbsp;wheel_right_forward
<LI><a href="#[b8]">&gt;&gt;</a>&nbsp;&nbsp;&nbsp;wheel_left_forward
</UL>
<BR>[Called By]<UL><LI><a href="#[73]">&gt;&gt;</a>&nbsp;&nbsp;&nbsp;Turn_Tmo_Hand
<LI><a href="#[67]">&gt;&gt;</a>&nbsp;&nbsp;&nbsp;Power_On
<LI><a href="#[3f]">&gt;&gt;</a>&nbsp;&nbsp;&nbsp;App_OnMotorCmd
</UL>

<P><STRONG><a name="[42]"></a>wheel_set_turn_left</STRONG> (Thumb, 12 bytes, Stack size 8 bytes, app_service.o(i.wheel_set_turn_left))
<BR><BR>[Stack]<UL><LI>Max Depth = 16<LI>Call Chain = wheel_set_turn_left &rArr; wheel_right_forward
</UL>
<BR>[Calls]<UL><LI><a href="#[ba]">&gt;&gt;</a>&nbsp;&nbsp;&nbsp;wheel_right_forward
<LI><a href="#[b7]">&gt;&gt;</a>&nbsp;&nbsp;&nbsp;wheel_left_backward
</UL>
<BR>[Called By]<UL><LI><a href="#[3f]">&gt;&gt;</a>&nbsp;&nbsp;&nbsp;App_OnMotorCmd
</UL>

<P><STRONG><a name="[43]"></a>wheel_set_turn_right</STRONG> (Thumb, 12 bytes, Stack size 8 bytes, app_service.o(i.wheel_set_turn_right))
<BR><BR>[Stack]<UL><LI>Max Depth = 16<LI>Call Chain = wheel_set_turn_right &rArr; wheel_right_backward
</UL>
<BR>[Calls]<UL><LI><a href="#[b9]">&gt;&gt;</a>&nbsp;&nbsp;&nbsp;wheel_right_backward
<LI><a href="#[b8]">&gt;&gt;</a>&nbsp;&nbsp;&nbsp;wheel_left_forward
</UL>
<BR>[Called By]<UL><LI><a href="#[3f]">&gt;&gt;</a>&nbsp;&nbsp;&nbsp;App_OnMotorCmd
</UL>

<P><STRONG><a name="[44]"></a>Delay1ms_i2c</STRONG> (Thumb, 26 bytes, Stack size 8 bytes, i2c_driver.o(i.Delay1ms_i2c))
<BR><BR>[Stack]<UL><LI>Max Depth = 8<LI>Call Chain = Delay1ms_i2c
</UL>
<BR>[Calls]<UL><LI><a href="#[45]">&gt;&gt;</a>&nbsp;&nbsp;&nbsp;I2C_delay
</UL>
<BR>[Called By]<UL><LI><a href="#[53]">&gt;&gt;</a>&nbsp;&nbsp;&nbsp;I2C_SendAddr
</UL>

<P><STRONG><a name="[4b]"></a>I2C_ChkAck</STRONG> (Thumb, 120 bytes, Stack size 16 bytes, i2c_driver.o(i.I2C_ChkAck))
<BR><BR>[Stack]<UL><LI>Max Depth = 84<LI>Call Chain = I2C_ChkAck &rArr; SDA_IO_SET &rArr; std_gpio_init &rArr; std_gpio_set_pin_pull
</UL>
<BR>[Calls]<UL><LI><a href="#[4e]">&gt;&gt;</a>&nbsp;&nbsp;&nbsp;std_gpio_set_pin
<LI><a href="#[4c]">&gt;&gt;</a>&nbsp;&nbsp;&nbsp;std_gpio_reset_pin
<LI><a href="#[4f]">&gt;&gt;</a>&nbsp;&nbsp;&nbsp;std_gpio_get_input_pin
<LI><a href="#[4d]">&gt;&gt;</a>&nbsp;&nbsp;&nbsp;SDA_IO_SET
<LI><a href="#[45]">&gt;&gt;</a>&nbsp;&nbsp;&nbsp;I2C_delay
</UL>
<BR>[Called By]<UL><LI><a href="#[5c]">&gt;&gt;</a>&nbsp;&nbsp;&nbsp;I2C_WriteByte
</UL>

<P><STRONG><a name="[58]"></a>I2C_ReadByte</STRONG> (Thumb, 100 bytes, Stack size 16 bytes, i2c_driver.o(i.I2C_ReadByte))
<BR><BR>[Stack]<UL><LI>Max Depth = 84<LI>Call Chain = I2C_ReadByte &rArr; SDA_IO_SET &rArr; std_gpio_init &rArr; std_gpio_set_pin_pull
</UL>
<BR>[Calls]<UL><LI><a href="#[4e]">&gt;&gt;</a>&nbsp;&nbsp;&nbsp;std_gpio_set_pin
<LI><a href="#[4c]">&gt;&gt;</a>&nbsp;&nbsp;&nbsp;std_gpio_reset_pin
<LI><a href="#[4f]">&gt;&gt;</a>&nbsp;&nbsp;&nbsp;std_gpio_get_input_pin
<LI><a href="#[4d]">&gt;&gt;</a>&nbsp;&nbsp;&nbsp;SDA_IO_SET
<LI><a href="#[45]">&gt;&gt;</a>&nbsp;&nbsp;&nbsp;I2C_delay
</UL>
<BR>[Called By]<UL><LI><a href="#[54]">&gt;&gt;</a>&nbsp;&nbsp;&nbsp;I2C_ReadBytes
</UL>

<P><STRONG><a name="[54]"></a>I2C_ReadBytes</STRONG> (Thumb, 44 bytes, Stack size 16 bytes, i2c_driver.o(i.I2C_ReadBytes))
<BR><BR>[Stack]<UL><LI>Max Depth = 100<LI>Call Chain = I2C_ReadBytes &rArr; I2C_ReadByte &rArr; SDA_IO_SET &rArr; std_gpio_init &rArr; std_gpio_set_pin_pull
</UL>
<BR>[Calls]<UL><LI><a href="#[59]">&gt;&gt;</a>&nbsp;&nbsp;&nbsp;I2C_SendNoAck
<LI><a href="#[5a]">&gt;&gt;</a>&nbsp;&nbsp;&nbsp;I2C_SendAck
<LI><a href="#[58]">&gt;&gt;</a>&nbsp;&nbsp;&nbsp;I2C_ReadByte
</UL>
<BR>[Called By]<UL><LI><a href="#[52]">&gt;&gt;</a>&nbsp;&nbsp;&nbsp;I2C_PolledMasterRead
</UL>

<P><STRONG><a name="[5a]"></a>I2C_SendAck</STRONG> (Thumb, 52 bytes, Stack size 8 bytes, i2c_driver.o(i.I2C_SendAck))
<BR><BR>[Stack]<UL><LI>Max Depth = 8<LI>Call Chain = I2C_SendAck
</UL>
<BR>[Calls]<UL><LI><a href="#[4e]">&gt;&gt;</a>&nbsp;&nbsp;&nbsp;std_gpio_set_pin
<LI><a href="#[4c]">&gt;&gt;</a>&nbsp;&nbsp;&nbsp;std_gpio_reset_pin
<LI><a href="#[45]">&gt;&gt;</a>&nbsp;&nbsp;&nbsp;I2C_delay
</UL>
<BR>[Called By]<UL><LI><a href="#[54]">&gt;&gt;</a>&nbsp;&nbsp;&nbsp;I2C_ReadBytes
</UL>

<P><STRONG><a name="[53]"></a>I2C_SendAddr</STRONG> (Thumb, 102 bytes, Stack size 16 bytes, i2c_driver.o(i.I2C_SendAddr))
<BR><BR>[Stack]<UL><LI>Max Depth = 116<LI>Call Chain = I2C_SendAddr &rArr; I2C_WriteByte &rArr; I2C_ChkAck &rArr; SDA_IO_SET &rArr; std_gpio_init &rArr; std_gpio_set_pin_pull
</UL>
<BR>[Calls]<UL><LI><a href="#[5c]">&gt;&gt;</a>&nbsp;&nbsp;&nbsp;I2C_WriteByte
<LI><a href="#[55]">&gt;&gt;</a>&nbsp;&nbsp;&nbsp;I2C_Stop
<LI><a href="#[5b]">&gt;&gt;</a>&nbsp;&nbsp;&nbsp;I2C_Start
<LI><a href="#[44]">&gt;&gt;</a>&nbsp;&nbsp;&nbsp;Delay1ms_i2c
</UL>
<BR>[Called By]<UL><LI><a href="#[56]">&gt;&gt;</a>&nbsp;&nbsp;&nbsp;I2C_PolledMasterWrite
<LI><a href="#[52]">&gt;&gt;</a>&nbsp;&nbsp;&nbsp;I2C_PolledMasterRead
</UL>

<P><STRONG><a name="[59]"></a>I2C_SendNoAck</STRONG> (Thumb, 52 bytes, Stack size 8 bytes, i2c_driver.o(i.I2C_SendNoAck))
<BR><BR>[Stack]<UL><LI>Max Depth = 8<LI>Call Chain = I2C_SendNoAck
</UL>
<BR>[Calls]<UL><LI><a href="#[4e]">&gt;&gt;</a>&nbsp;&nbsp;&nbsp;std_gpio_set_pin
<LI><a href="#[4c]">&gt;&gt;</a>&nbsp;&nbsp;&nbsp;std_gpio_reset_pin
<LI><a href="#[45]">&gt;&gt;</a>&nbsp;&nbsp;&nbsp;I2C_delay
</UL>
<BR>[Called By]<UL><LI><a href="#[54]">&gt;&gt;</a>&nbsp;&nbsp;&nbsp;I2C_ReadBytes
</UL>

<P><STRONG><a name="[5b]"></a>I2C_Start</STRONG> (Thumb, 74 bytes, Stack size 8 bytes, i2c_driver.o(i.I2C_Start))
<BR><BR>[Stack]<UL><LI>Max Depth = 76<LI>Call Chain = I2C_Start &rArr; SDA_IO_SET &rArr; std_gpio_init &rArr; std_gpio_set_pin_pull
</UL>
<BR>[Calls]<UL><LI><a href="#[4e]">&gt;&gt;</a>&nbsp;&nbsp;&nbsp;std_gpio_set_pin
<LI><a href="#[4c]">&gt;&gt;</a>&nbsp;&nbsp;&nbsp;std_gpio_reset_pin
<LI><a href="#[4d]">&gt;&gt;</a>&nbsp;&nbsp;&nbsp;SDA_IO_SET
<LI><a href="#[45]">&gt;&gt;</a>&nbsp;&nbsp;&nbsp;I2C_delay
</UL>
<BR>[Called By]<UL><LI><a href="#[53]">&gt;&gt;</a>&nbsp;&nbsp;&nbsp;I2C_SendAddr
</UL>

<P><STRONG><a name="[55]"></a>I2C_Stop</STRONG> (Thumb, 52 bytes, Stack size 8 bytes, i2c_driver.o(i.I2C_Stop))
<BR><BR>[Stack]<UL><LI>Max Depth = 76<LI>Call Chain = I2C_Stop &rArr; SDA_IO_SET &rArr; std_gpio_init &rArr; std_gpio_set_pin_pull
</UL>
<BR>[Calls]<UL><LI><a href="#[4e]">&gt;&gt;</a>&nbsp;&nbsp;&nbsp;std_gpio_set_pin
<LI><a href="#[4c]">&gt;&gt;</a>&nbsp;&nbsp;&nbsp;std_gpio_reset_pin
<LI><a href="#[4d]">&gt;&gt;</a>&nbsp;&nbsp;&nbsp;SDA_IO_SET
<LI><a href="#[45]">&gt;&gt;</a>&nbsp;&nbsp;&nbsp;I2C_delay
</UL>
<BR>[Called By]<UL><LI><a href="#[56]">&gt;&gt;</a>&nbsp;&nbsp;&nbsp;I2C_PolledMasterWrite
<LI><a href="#[52]">&gt;&gt;</a>&nbsp;&nbsp;&nbsp;I2C_PolledMasterRead
<LI><a href="#[53]">&gt;&gt;</a>&nbsp;&nbsp;&nbsp;I2C_SendAddr
</UL>

<P><STRONG><a name="[5c]"></a>I2C_WriteByte</STRONG> (Thumb, 116 bytes, Stack size 16 bytes, i2c_driver.o(i.I2C_WriteByte))
<BR><BR>[Stack]<UL><LI>Max Depth = 100<LI>Call Chain = I2C_WriteByte &rArr; I2C_ChkAck &rArr; SDA_IO_SET &rArr; std_gpio_init &rArr; std_gpio_set_pin_pull
</UL>
<BR>[Calls]<UL><LI><a href="#[4e]">&gt;&gt;</a>&nbsp;&nbsp;&nbsp;std_gpio_set_pin
<LI><a href="#[4c]">&gt;&gt;</a>&nbsp;&nbsp;&nbsp;std_gpio_reset_pin
<LI><a href="#[4d]">&gt;&gt;</a>&nbsp;&nbsp;&nbsp;SDA_IO_SET
<LI><a href="#[45]">&gt;&gt;</a>&nbsp;&nbsp;&nbsp;I2C_delay
<LI><a href="#[4b]">&gt;&gt;</a>&nbsp;&nbsp;&nbsp;I2C_ChkAck
</UL>
<BR>[Called By]<UL><LI><a href="#[57]">&gt;&gt;</a>&nbsp;&nbsp;&nbsp;I2C_WriteBytes
<LI><a href="#[53]">&gt;&gt;</a>&nbsp;&nbsp;&nbsp;I2C_SendAddr
</UL>

<P><STRONG><a name="[57]"></a>I2C_WriteBytes</STRONG> (Thumb, 36 bytes, Stack size 16 bytes, i2c_driver.o(i.I2C_WriteBytes))
<BR><BR>[Stack]<UL><LI>Max Depth = 116<LI>Call Chain = I2C_WriteBytes &rArr; I2C_WriteByte &rArr; I2C_ChkAck &rArr; SDA_IO_SET &rArr; std_gpio_init &rArr; std_gpio_set_pin_pull
</UL>
<BR>[Calls]<UL><LI><a href="#[5c]">&gt;&gt;</a>&nbsp;&nbsp;&nbsp;I2C_WriteByte
</UL>
<BR>[Called By]<UL><LI><a href="#[56]">&gt;&gt;</a>&nbsp;&nbsp;&nbsp;I2C_PolledMasterWrite
</UL>

<P><STRONG><a name="[45]"></a>I2C_delay</STRONG> (Thumb, 16 bytes, Stack size 0 bytes, i2c_driver.o(i.I2C_delay))
<BR><BR>[Called By]<UL><LI><a href="#[5c]">&gt;&gt;</a>&nbsp;&nbsp;&nbsp;I2C_WriteByte
<LI><a href="#[55]">&gt;&gt;</a>&nbsp;&nbsp;&nbsp;I2C_Stop
<LI><a href="#[5b]">&gt;&gt;</a>&nbsp;&nbsp;&nbsp;I2C_Start
<LI><a href="#[59]">&gt;&gt;</a>&nbsp;&nbsp;&nbsp;I2C_SendNoAck
<LI><a href="#[5a]">&gt;&gt;</a>&nbsp;&nbsp;&nbsp;I2C_SendAck
<LI><a href="#[58]">&gt;&gt;</a>&nbsp;&nbsp;&nbsp;I2C_ReadByte
<LI><a href="#[4b]">&gt;&gt;</a>&nbsp;&nbsp;&nbsp;I2C_ChkAck
<LI><a href="#[44]">&gt;&gt;</a>&nbsp;&nbsp;&nbsp;Delay1ms_i2c
</UL>

<P><STRONG><a name="[4d]"></a>SDA_IO_SET</STRONG> (Thumb, 60 bytes, Stack size 32 bytes, i2c_driver.o(i.SDA_IO_SET))
<BR><BR>[Stack]<UL><LI>Max Depth = 68<LI>Call Chain = SDA_IO_SET &rArr; std_gpio_init &rArr; std_gpio_set_pin_pull
</UL>
<BR>[Calls]<UL><LI><a href="#[6f]">&gt;&gt;</a>&nbsp;&nbsp;&nbsp;std_gpio_init
<LI><a href="#[6e]">&gt;&gt;</a>&nbsp;&nbsp;&nbsp;__aeabi_memclr4
</UL>
<BR>[Called By]<UL><LI><a href="#[5c]">&gt;&gt;</a>&nbsp;&nbsp;&nbsp;I2C_WriteByte
<LI><a href="#[55]">&gt;&gt;</a>&nbsp;&nbsp;&nbsp;I2C_Stop
<LI><a href="#[5b]">&gt;&gt;</a>&nbsp;&nbsp;&nbsp;I2C_Start
<LI><a href="#[58]">&gt;&gt;</a>&nbsp;&nbsp;&nbsp;I2C_ReadByte
<LI><a href="#[4b]">&gt;&gt;</a>&nbsp;&nbsp;&nbsp;I2C_ChkAck
</UL>

<P><STRONG><a name="[4f]"></a>std_gpio_get_input_pin</STRONG> (Thumb, 18 bytes, Stack size 0 bytes, i2c_driver.o(i.std_gpio_get_input_pin))
<BR><BR>[Called By]<UL><LI><a href="#[58]">&gt;&gt;</a>&nbsp;&nbsp;&nbsp;I2C_ReadByte
<LI><a href="#[4b]">&gt;&gt;</a>&nbsp;&nbsp;&nbsp;I2C_ChkAck
</UL>

<P><STRONG><a name="[4c]"></a>std_gpio_reset_pin</STRONG> (Thumb, 4 bytes, Stack size 0 bytes, i2c_driver.o(i.std_gpio_reset_pin))
<BR><BR>[Called By]<UL><LI><a href="#[5c]">&gt;&gt;</a>&nbsp;&nbsp;&nbsp;I2C_WriteByte
<LI><a href="#[55]">&gt;&gt;</a>&nbsp;&nbsp;&nbsp;I2C_Stop
<LI><a href="#[5b]">&gt;&gt;</a>&nbsp;&nbsp;&nbsp;I2C_Start
<LI><a href="#[59]">&gt;&gt;</a>&nbsp;&nbsp;&nbsp;I2C_SendNoAck
<LI><a href="#[5a]">&gt;&gt;</a>&nbsp;&nbsp;&nbsp;I2C_SendAck
<LI><a href="#[58]">&gt;&gt;</a>&nbsp;&nbsp;&nbsp;I2C_ReadByte
<LI><a href="#[4b]">&gt;&gt;</a>&nbsp;&nbsp;&nbsp;I2C_ChkAck
</UL>

<P><STRONG><a name="[4e]"></a>std_gpio_set_pin</STRONG> (Thumb, 4 bytes, Stack size 0 bytes, i2c_driver.o(i.std_gpio_set_pin))
<BR><BR>[Called By]<UL><LI><a href="#[51]">&gt;&gt;</a>&nbsp;&nbsp;&nbsp;i2c_gpio_init
<LI><a href="#[5c]">&gt;&gt;</a>&nbsp;&nbsp;&nbsp;I2C_WriteByte
<LI><a href="#[55]">&gt;&gt;</a>&nbsp;&nbsp;&nbsp;I2C_Stop
<LI><a href="#[5b]">&gt;&gt;</a>&nbsp;&nbsp;&nbsp;I2C_Start
<LI><a href="#[59]">&gt;&gt;</a>&nbsp;&nbsp;&nbsp;I2C_SendNoAck
<LI><a href="#[5a]">&gt;&gt;</a>&nbsp;&nbsp;&nbsp;I2C_SendAck
<LI><a href="#[58]">&gt;&gt;</a>&nbsp;&nbsp;&nbsp;I2C_ReadByte
<LI><a href="#[4b]">&gt;&gt;</a>&nbsp;&nbsp;&nbsp;I2C_ChkAck
</UL>

<P><STRONG><a name="[49]"></a>GetEpromSign</STRONG> (Thumb, 22 bytes, Stack size 8 bytes, ep24cx_i2c.o(i.GetEpromSign))
<BR><BR>[Stack]<UL><LI>Max Depth = 212<LI>Call Chain = GetEpromSign &rArr; ReadEpData &rArr; I2C_PolledMasterRead &rArr; I2C_SendAddr &rArr; I2C_WriteByte &rArr; I2C_ChkAck &rArr; SDA_IO_SET &rArr; std_gpio_init &rArr; std_gpio_set_pin_pull
</UL>
<BR>[Calls]<UL><LI><a href="#[4a]">&gt;&gt;</a>&nbsp;&nbsp;&nbsp;ReadEpData
</UL>
<BR>[Called By]<UL><LI><a href="#[5f]">&gt;&gt;</a>&nbsp;&nbsp;&nbsp;Init_SysData
</UL>

<P><STRONG><a name="[5d]"></a>InitEprom_SysData</STRONG> (Thumb, 30 bytes, Stack size 8 bytes, ep24cx_i2c.o(i.InitEprom_SysData))
<BR><BR>[Stack]<UL><LI>Max Depth = 212<LI>Call Chain = InitEprom_SysData &rArr; WriteEpData &rArr; I2C_PolledMasterWrite &rArr; I2C_WriteBytes &rArr; I2C_WriteByte &rArr; I2C_ChkAck &rArr; SDA_IO_SET &rArr; std_gpio_init &rArr; std_gpio_set_pin_pull
</UL>
<BR>[Calls]<UL><LI><a href="#[5e]">&gt;&gt;</a>&nbsp;&nbsp;&nbsp;WriteEpData
<LI><a href="#[32]">&gt;&gt;</a>&nbsp;&nbsp;&nbsp;__aeabi_memclr
</UL>
<BR>[Called By]<UL><LI><a href="#[5f]">&gt;&gt;</a>&nbsp;&nbsp;&nbsp;Init_SysData
</UL>

<P><STRONG><a name="[a0]"></a>std_gpio_set_afpin_0_7</STRONG> (Thumb, 36 bytes, Stack size 12 bytes, ciu32l051_std_gpio.o(i.std_gpio_set_afpin_0_7))
<BR><BR>[Stack]<UL><LI>Max Depth = 12<LI>Call Chain = std_gpio_set_afpin_0_7
</UL>
<BR>[Called By]<UL><LI><a href="#[6f]">&gt;&gt;</a>&nbsp;&nbsp;&nbsp;std_gpio_init
</UL>

<P><STRONG><a name="[a1]"></a>std_gpio_set_afpin_8_15</STRONG> (Thumb, 42 bytes, Stack size 12 bytes, ciu32l051_std_gpio.o(i.std_gpio_set_afpin_8_15))
<BR><BR>[Stack]<UL><LI>Max Depth = 12<LI>Call Chain = std_gpio_set_afpin_8_15
</UL>
<BR>[Called By]<UL><LI><a href="#[6f]">&gt;&gt;</a>&nbsp;&nbsp;&nbsp;std_gpio_init
</UL>

<P><STRONG><a name="[9e]"></a>std_gpio_set_pin_mode</STRONG> (Thumb, 26 bytes, Stack size 12 bytes, ciu32l051_std_gpio.o(i.std_gpio_set_pin_mode))
<BR><BR>[Stack]<UL><LI>Max Depth = 12<LI>Call Chain = std_gpio_set_pin_mode
</UL>
<BR>[Called By]<UL><LI><a href="#[6f]">&gt;&gt;</a>&nbsp;&nbsp;&nbsp;std_gpio_init
</UL>

<P><STRONG><a name="[a2]"></a>std_gpio_set_pin_output_type</STRONG> (Thumb, 16 bytes, Stack size 8 bytes, ciu32l051_std_gpio.o(i.std_gpio_set_pin_output_type))
<BR><BR>[Stack]<UL><LI>Max Depth = 8<LI>Call Chain = std_gpio_set_pin_output_type
</UL>
<BR>[Called By]<UL><LI><a href="#[6f]">&gt;&gt;</a>&nbsp;&nbsp;&nbsp;std_gpio_init
</UL>

<P><STRONG><a name="[9f]"></a>std_gpio_set_pin_pull</STRONG> (Thumb, 26 bytes, Stack size 12 bytes, ciu32l051_std_gpio.o(i.std_gpio_set_pin_pull))
<BR><BR>[Stack]<UL><LI>Max Depth = 12<LI>Call Chain = std_gpio_set_pin_pull
</UL>
<BR>[Called By]<UL><LI><a href="#[6f]">&gt;&gt;</a>&nbsp;&nbsp;&nbsp;std_gpio_init
</UL>

<P><STRONG><a name="[a9]"></a>std_tim_ccx_channel_disable</STRONG> (Thumb, 16 bytes, Stack size 8 bytes, ciu32l051_std_tim.o(i.std_tim_ccx_channel_disable))
<BR><BR>[Stack]<UL><LI>Max Depth = 8<LI>Call Chain = std_tim_ccx_channel_disable
</UL>
<BR>[Called By]<UL><LI><a href="#[a8]">&gt;&gt;</a>&nbsp;&nbsp;&nbsp;std_tim_output_compare_init
</UL>

<P><STRONG><a name="[7e]"></a>_printf_core</STRONG> (Thumb, 1020 bytes, Stack size 104 bytes, printf8.o(i._printf_core), UNUSED)
<BR><BR>[Calls]<UL><LI><a href="#[2f]">&gt;&gt;</a>&nbsp;&nbsp;&nbsp;__aeabi_uldivmod
<LI><a href="#[80]">&gt;&gt;</a>&nbsp;&nbsp;&nbsp;_printf_pre_padding
<LI><a href="#[81]">&gt;&gt;</a>&nbsp;&nbsp;&nbsp;_printf_post_padding
</UL>
<BR>[Called By]<UL><LI><a href="#[7f]">&gt;&gt;</a>&nbsp;&nbsp;&nbsp;__0sprintf$8
<LI><a href="#[7d]">&gt;&gt;</a>&nbsp;&nbsp;&nbsp;__0printf$8
</UL>

<P><STRONG><a name="[81]"></a>_printf_post_padding</STRONG> (Thumb, 32 bytes, Stack size 24 bytes, printf8.o(i._printf_post_padding), UNUSED)
<BR><BR>[Called By]<UL><LI><a href="#[7e]">&gt;&gt;</a>&nbsp;&nbsp;&nbsp;_printf_core
</UL>

<P><STRONG><a name="[80]"></a>_printf_pre_padding</STRONG> (Thumb, 44 bytes, Stack size 40 bytes, printf8.o(i._printf_pre_padding), UNUSED)
<BR><BR>[Called By]<UL><LI><a href="#[7e]">&gt;&gt;</a>&nbsp;&nbsp;&nbsp;_printf_core
</UL>

<P><STRONG><a name="[2a]"></a>_sputc</STRONG> (Thumb, 10 bytes, Stack size 0 bytes, printf8.o(i._sputc))
<BR><BR>[Called By]<UL><LI><a href="#[7f]">&gt;&gt;</a>&nbsp;&nbsp;&nbsp;__0sprintf$8
</UL>
<BR>[Address Reference Count : 1]<UL><LI> printf8.o(i.__0sprintf$8)
</UL>
<P><STRONG><a name="[27]"></a>_scanf_char_input</STRONG> (Thumb, 12 bytes, Stack size 0 bytes, scanf_char.o(.text))
<BR>[Address Reference Count : 1]<UL><LI> scanf_char.o(.text)
</UL><P>
<H3>
Undefined Global Symbols
</H3>
<P><STRONG><a name="[3d]"></a>_scanf_longlong</STRONG> (ARM, 0 bytes, Stack size 0 bytes, UNDEFINED)
<BR><BR>[Called By]<UL><LI><a href="#[39]">&gt;&gt;</a>&nbsp;&nbsp;&nbsp;__vfscanf
</UL>

<P><STRONG><a name="[3c]"></a>_scanf_real</STRONG> (ARM, 0 bytes, Stack size 0 bytes, UNDEFINED)
<BR><BR>[Called By]<UL><LI><a href="#[39]">&gt;&gt;</a>&nbsp;&nbsp;&nbsp;__vfscanf
</UL>
<HR></body></html>
