Product: MDK-ARM Standard 5.10
Component: ARM Compiler 5.04 update 1 (build 49)
Tool: armlink [5040049]

==============================================================================

Section Cross References

    main.o(i.PrintData2) refers to printf8.o(i.__0printf$8) for __2printf
    main.o(i.build_FirmVers) refers to _scanf_int.o(.text) for _scanf_int
    main.o(i.build_FirmVers) refers to _scanf_str.o(.text) for _scanf_string
    main.o(i.build_FirmVers) refers to printf8.o(i.__0sprintf$8) for __2sprintf
    main.o(i.build_FirmVers) refers to __0sscanf.o(.text) for __0sscanf
    main.o(i.build_FirmVers) refers to strstr.o(.text) for strstr
    main.o(i.build_FirmVers) refers to idiv.o(.text) for __aeabi_idivmod
    main.o(i.build_FirmVers) refers to printf8.o(i.__0printf$8) for __2printf
    main.o(i.build_FirmVers) refers to main.o(.constdata) for month_names
    main.o(i.build_FirmVers) refers to main.o(.data) for FirmVers
    main.o(i.main) refers to common.o(i.system_clock_config) for system_clock_config
    main.o(i.main) refers to tim_bsp.o(i.tim8_init) for tim8_init
    main.o(i.main) refers to usart_bsp.o(i.uart_gpio_init) for uart_gpio_init
    main.o(i.main) refers to usart_bsp.o(i.uart_init) for uart_init
    main.o(i.main) refers to usart_bsp.o(i.usart_init_int) for usart_init_int
    main.o(i.main) refers to printf8.o(i.__0printf$8) for __2printf
    main.o(i.main) refers to main.o(i.build_FirmVers) for build_FirmVers
    main.o(i.main) refers to exti_bsp.o(i.led_init) for led_init
    main.o(i.main) refers to ciu32l051_std.o(i.std_delay_init) for std_delay_init
    main.o(i.main) refers to exti_bsp.o(i.exti_init) for exti_init
    main.o(i.main) refers to tim_bsp.o(i.tim4_out_gpio_init) for tim4_out_gpio_init
    main.o(i.main) refers to tim_bsp.o(i.tim4_out_init) for tim4_out_init
    main.o(i.main) refers to tim_bsp.o(i.bsp_tim4_output_start) for bsp_tim4_output_start
    main.o(i.main) refers to tim_bsp.o(i.tim5_out_gpio_init) for tim5_out_gpio_init
    main.o(i.main) refers to tim_bsp.o(i.tim5_out_init) for tim5_out_init
    main.o(i.main) refers to tim_bsp.o(i.bsp_tim5_output_start) for bsp_tim5_output_start
    main.o(i.main) refers to main.o(i.iwdg_init) for iwdg_init
    main.o(i.main) refers to app_service.o(i.sys_flg_init) for sys_flg_init
    main.o(i.main) refers to i2c_driver.o(i.I2C_Configuration) for I2C_Configuration
    main.o(i.main) refers to ep24cx_i2c.o(i.Init_SysData) for Init_SysData
    main.o(i.main) refers to tim_bsp.o(i.TimFlg_Hand) for TimFlg_Hand
    main.o(i.main) refers to app_service.o(i.ScheduleHandle) for ScheduleHandle
    common.o(i.system_clock_config) refers to system_ciu32l051.o(i.SystemCoreClockUpdate) for SystemCoreClockUpdate
    usart_bsp.o(i.UART2_IRQHandler) refers to usart_bsp.o(i.std_usart_get_cr1_interrupt_enable) for std_usart_get_cr1_interrupt_enable
    usart_bsp.o(i.UART2_IRQHandler) refers to usart_bsp.o(i.std_usart_get_cr3_interrupt_enable) for std_usart_get_cr3_interrupt_enable
    usart_bsp.o(i.UART2_IRQHandler) refers to usart_bsp.o(i.std_usart_get_flag) for std_usart_get_flag
    usart_bsp.o(i.UART2_IRQHandler) refers to usart_bsp.o(i.std_usart_clear_flag) for std_usart_clear_flag
    usart_bsp.o(i.UART2_IRQHandler) refers to usart_bsp.o(.data) for rx_ptr2
    usart_bsp.o(i.UART2_IRQHandler) refers to usart_bsp.o(.bss) for UartRxBuf2
    usart_bsp.o(i.UART2_IRQHandler) refers to tim_bsp.o(.bss) for TimOut1mS
    usart_bsp.o(i.UART3_4_IRQHandler) refers to usart_bsp.o(i.std_usart_get_cr1_interrupt_enable) for std_usart_get_cr1_interrupt_enable
    usart_bsp.o(i.UART3_4_IRQHandler) refers to usart_bsp.o(i.std_usart_get_cr3_interrupt_enable) for std_usart_get_cr3_interrupt_enable
    usart_bsp.o(i.UART3_4_IRQHandler) refers to usart_bsp.o(i.std_usart_get_flag) for std_usart_get_flag
    usart_bsp.o(i.UART3_4_IRQHandler) refers to usart_bsp.o(i.std_usart_clear_flag) for std_usart_clear_flag
    usart_bsp.o(i.UART3_4_IRQHandler) refers to usart_bsp.o(.data) for rx_ptr3
    usart_bsp.o(i.UART3_4_IRQHandler) refers to usart_bsp.o(.bss) for UartRxBuf3
    usart_bsp.o(i.UART3_4_IRQHandler) refers to tim_bsp.o(.bss) for TimOut1mS
    usart_bsp.o(i.fputc) refers to usart_bsp.o(i.std_usart_tx_write_data) for std_usart_tx_write_data
    usart_bsp.o(i.fputc) refers to usart_bsp.o(i.std_usart_get_flag) for std_usart_get_flag
    usart_bsp.o(i.uart2_4_test) refers to usart_bsp.o(i.std_usart_get_flag) for std_usart_get_flag
    usart_bsp.o(i.uart2_4_test) refers to usart_bsp.o(i.std_usart_tx_write_data) for std_usart_tx_write_data
    usart_bsp.o(i.uart2_4_test) refers to usart_bsp.o(.data) for g_send_buffer2
    usart_bsp.o(i.uart_gpio_init) refers to memseta.o(.text) for __aeabi_memclr4
    usart_bsp.o(i.uart_gpio_init) refers to usart_bsp.o(i.std_rcc_gpio_clk_enable) for std_rcc_gpio_clk_enable
    usart_bsp.o(i.uart_gpio_init) refers to ciu32l051_std_gpio.o(i.std_gpio_init) for std_gpio_init
[...]
    Removing ciu32l051_std_dma.o(i.std_dma_init), (92 bytes).
    Removing ciu32l051_std_dma.o(i.std_dma_set_dst_address), (16 bytes).
    Removing ciu32l051_std_dma.o(i.std_dma_set_src_address), (16 bytes).
    Removing ciu32l051_std_dma.o(i.std_dma_set_transfer_data_number), (16 bytes).
    Removing ciu32l051_std_dma.o(i.std_dma_start_transmit), (60 bytes).
    Removing ciu32l051_std_dma.o(i.std_dma_struct_init), (18 bytes).
    Removing ciu32l051_std_dma.o(.constdata), (24 bytes).
    Removing ciu32l051_std_exti.o(.rev16_text), (4 bytes).
    Removing ciu32l051_std_exti.o(.revsh_text), (4 bytes).
    Removing ciu32l051_std_exti.o(i.std_exti_deinit), (52 bytes).
    Removing ciu32l051_std_exti.o(i.std_exti_struct_init), (16 bytes).
    Removing ciu32l051_std_exti.o(.constdata), (24 bytes).
    Removing ciu32l051_std_flash.o(.rev16_text), (4 bytes).
    Removing ciu32l051_std_flash.o(.revsh_text), (4 bytes).
    Removing ciu32l051_std_flash.o(i.std_flash_erase), (92 bytes).
    Removing ciu32l051_std_flash.o(i.std_flash_mass_erase), (12 bytes).
    Removing ciu32l051_std_flash.o(i.std_flash_opt_erase), (48 bytes).
    Removing ciu32l051_std_flash.o(i.std_flash_page_erase), (14 bytes).
    Removing ciu32l051_std_flash.o(i.std_flash_set_erase_mode), (20 bytes).
    Removing ciu32l051_std_flash.o(i.std_flash_wait_for_last_operation), (96 bytes).
    Removing ciu32l051_std_flash.o(i.std_flash_word_program), (72 bytes).
    Removing ciu32l051_std_flash.o(.constdata), (24 bytes).
    Removing ciu32l051_std_gpio.o(.rev16_text), (4 bytes).
    Removing ciu32l051_std_gpio.o(.revsh_text), (4 bytes).
    Removing ciu32l051_std_gpio.o(i.std_gpio_deinit), (92 bytes).
    Removing ciu32l051_std_gpio.o(i.std_gpio_struct_init), (18 bytes).
    Removing ciu32l051_std_gpio.o(.constdata), (24 bytes).
    Removing ciu32l051_std_i2c.o(.rev16_text), (4 bytes).
    Removing ciu32l051_std_i2c.o(.revsh_text), (4 bytes).
    Removing ciu32l051_std_i2c.o(i.std_i2c_deinit), (44 bytes).
    Removing ciu32l051_std_i2c.o(i.std_i2c_init), (102 bytes).
    Removing ciu32l051_std_i2c.o(i.std_i2c_struct_init), (18 bytes).
    Removing ciu32l051_std_i2c.o(.constdata), (24 bytes).
    Removing ciu32l051_std_lcd.o(.rev16_text), (4 bytes).
    Removing ciu32l051_std_lcd.o(.revsh_text), (4 bytes).
    Removing ciu32l051_std_lcd.o(i.std_lcd_deinit), (60 bytes).
    Removing ciu32l051_std_lcd.o(i.std_lcd_disable), (20 bytes).
    Removing ciu32l051_std_lcd.o(i.std_lcd_get_flag), (24 bytes).
    Removing ciu32l051_std_lcd.o(i.std_lcd_init), (112 bytes).
    Removing ciu32l051_std_lcd.o(i.std_lcd_struct_init), (34 bytes).
    Removing ciu32l051_std_lcd.o(.constdata), (24 bytes).
    Removing ciu32l051_std_lptim.o(.rev16_text), (4 bytes).
    Removing ciu32l051_std_lptim.o(.revsh_text), (4 bytes).
    Removing ciu32l051_std_lptim.o(i.std_lptim_deinit), (52 bytes).
    Removing ciu32l051_std_lptim.o(i.std_lptim_init), (32 bytes).
    Removing ciu32l051_std_lptim.o(i.std_lptim_struct_init), (12 bytes).
    Removing ciu32l051_std_lptim.o(i.std_rcc_apb1_clk_disable), (16 bytes).
    Removing ciu32l051_std_lptim.o(i.std_rcc_apb1_reset), (24 bytes).
    Removing ciu32l051_std_lptim.o(.constdata), (24 bytes).
    Removing ciu32l051_std_lpuart.o(.rev16_text), (4 bytes).
    Removing ciu32l051_std_lpuart.o(.revsh_text), (4 bytes).
    Removing ciu32l051_std_lpuart.o(i.std_lpuart_deinit), (64 bytes).
    Removing ciu32l051_std_lpuart.o(i.std_lpuart_disable), (10 bytes).
    Removing ciu32l051_std_lpuart.o(i.std_lpuart_get_flag), (18 bytes).
    Removing ciu32l051_std_lpuart.o(i.std_lpuart_init), (192 bytes).
    Removing ciu32l051_std_lpuart.o(i.std_lpuart_set_baudrate), (308 bytes).
    Removing ciu32l051_std_lpuart.o(i.std_lpuart_struct_init), (26 bytes).
    Removing ciu32l051_std_lpuart.o(i.std_rcc_apb1_clk_disable), (16 bytes).
    Removing ciu32l051_std_lpuart.o(i.std_rcc_apb1_reset), (24 bytes).
    Removing ciu32l051_std_lpuart.o(.constdata), (24 bytes).
    Removing ciu32l051_std_pmu.o(.rev16_text), (4 bytes).
    Removing ciu32l051_std_pmu.o(.revsh_text), (4 bytes).
    Removing ciu32l051_std_pmu.o(i.std_pmu_enter_sleep), (32 bytes).
    Removing ciu32l051_std_pmu.o(i.std_pmu_enter_stop), (44 bytes).
    Removing ciu32l051_std_pmu.o(i.std_pmu_pvd_init), (92 bytes).
    Removing ciu32l051_std_pmu.o(i.std_pmu_reg_reset), (28 bytes).
    Removing ciu32l051_std_pmu.o(i.std_pmu_struct_init), (18 bytes).
    Removing ciu32l051_std_pmu.o(.constdata), (24 bytes).
    Removing ciu32l051_std_rcc.o(.rev16_text), (4 bytes).
    Removing ciu32l051_std_rcc.o(.revsh_text), (4 bytes).
    Removing ciu32l051_std_rcc.o(.constdata), (24 bytes).
    Removing ciu32l051_std_rtc.o(.rev16_text), (4 bytes).
    Removing ciu32l051_std_rtc.o(.revsh_text), (4 bytes).
    Removing ciu32l051_std_rtc.o(i.std_rtc_alarm_init), (108 bytes).
    Removing ciu32l051_std_rtc.o(i.std_rtc_alarm_struct_init), (16 bytes).
    Removing ciu32l051_std_rtc.o(i.std_rtc_date_init), (100 bytes).
    Removing ciu32l051_std_rtc.o(i.std_rtc_date_struct_init), (14 bytes).
    Removing ciu32l051_std_rtc.o(i.std_rtc_deinit), (92 bytes).
    Removing ciu32l051_std_rtc.o(i.std_rtc_get_mode), (16 bytes).
    Removing ciu32l051_std_rtc.o(i.std_rtc_init_mode_enter), (84 bytes).
    Removing ciu32l051_std_rtc.o(i.std_rtc_init_mode_exit), (76 bytes).
    Removing ciu32l051_std_rtc.o(i.std_rtc_time_init), (92 bytes).
    Removing ciu32l051_std_rtc.o(i.std_rtc_time_struct_init), (10 bytes).
    Removing ciu32l051_std_rtc.o(i.std_rtc_write_protection_disable), (16 bytes).
    Removing ciu32l051_std_rtc.o(i.std_rtc_write_protection_enable), (12 bytes).
    Removing ciu32l051_std_rtc.o(.constdata), (24 bytes).
    Removing ciu32l051_std_spi.o(.rev16_text), (4 bytes).
    Removing ciu32l051_std_spi.o(.revsh_text), (4 bytes).
    Removing ciu32l051_std_spi.o(i.std_spi_deinit), (112 bytes).
    Removing ciu32l051_std_spi.o(i.std_spi_init), (60 bytes).
    Removing ciu32l051_std_spi.o(i.std_spi_struct_init), (16 bytes).
    Removing ciu32l051_std_spi.o(.constdata), (24 bytes).
    Removing ciu32l051_std_tamp.o(.rev16_text), (4 bytes).
    Removing ciu32l051_std_tamp.o(.revsh_text), (4 bytes).
    Removing ciu32l051_std_tamp.o(i.std_tamp_deinit), (40 bytes).
    Removing ciu32l051_std_tamp.o(.constdata), (24 bytes).
    Removing ciu32l051_std_tim.o(.rev16_text), (4 bytes).
    Removing ciu32l051_std_tim.o(.revsh_text), (4 bytes).
    Removing ciu32l051_std_tim.o(i.std_rcc_apb1_clk_disable), (16 bytes).
    Removing ciu32l051_std_tim.o(i.std_rcc_apb1_reset), (24 bytes).
    Removing ciu32l051_std_tim.o(i.std_tim_deinit), (112 bytes).
    Removing ciu32l051_std_tim.o(i.std_tim_input_capture_init), (236 bytes).
    Removing ciu32l051_std_tim.o(i.std_tim_input_capture_struct_init), (16 bytes).
    Removing ciu32l051_std_tim.o(i.std_tim_output_compare_struct_init), (14 bytes).
    Removing ciu32l051_std_tim.o(i.std_tim_struct_init), (24 bytes).
    Removing ciu32l051_std_tim.o(.constdata), (24 bytes).
    Removing ciu32l051_std_trng.o(.rev16_text), (4 bytes).
    Removing ciu32l051_std_trng.o(.revsh_text), (4 bytes).
    Removing ciu32l051_std_trng.o(i.std_trng_deinit), (40 bytes).
    Removing ciu32l051_std_trng.o(i.std_trng_get_random_number), (40 bytes).
    Removing ciu32l051_std_trng.o(.constdata), (24 bytes).
    Removing ciu32l051_std_usart.o(.rev16_text), (4 bytes).
    Removing ciu32l051_std_usart.o(.revsh_text), (4 bytes).
    Removing ciu32l051_std_usart.o(i.std_rcc_apb1_clk_disable), (16 bytes).
    Removing ciu32l051_std_usart.o(i.std_rcc_apb1_reset), (24 bytes).
    Removing ciu32l051_std_usart.o(i.std_usart_deinit), (152 bytes).
    Removing ciu32l051_std_usart.o(i.std_usart_struct_init), (26 bytes).
    Removing ciu32l051_std_usart.o(i.std_usart_sync_clk_init), (72 bytes).
    Removing ciu32l051_std_usart.o(i.std_usart_sync_clk_struct_init), (14 bytes).
    Removing ciu32l051_std_usart.o(.constdata), (24 bytes).
    Removing system_ciu32l051.o(.rev16_text), (4 bytes).
    Removing system_ciu32l051.o(.revsh_text), (4 bytes).
    Removing startup_ciu32l051.o(HEAP), (0 bytes).
    Removing dadd.o(.text), (356 bytes).
    Removing dmul.o(.text), (208 bytes).
    Removing ddiv.o(.text), (240 bytes).
    Removing dfixul.o(.text), (64 bytes).
    Removing cdrcmple.o(.text), (40 bytes).
    Removing depilogue.o(.text), (190 bytes).
    Removing depilogue.o(i.__ARM_clz), (46 bytes).

208 unused section(s) (total 7888 bytes) removed from the image.

==============================================================================

Image Symbol Table

    Local Symbols

    Symbol Name                              Value     Ov Type        Size  Object(Section)

    ../clib/microlib/ctype/ctype.c           0x00000000   Number         0  isspace_c.o ABSOLUTE
    ../clib/microlib/ctype/ctype.c           0x00000000   Number         0  ctype_c.o ABSOLUTE
    ../clib/microlib/division.c              0x00000000   Number         0  uldiv.o ABSOLUTE
    ../clib/microlib/division.c              0x00000000   Number         0  uidiv.o ABSOLUTE
    ../clib/microlib/division.c              0x00000000   Number         0  idiv.o ABSOLUTE
    ../clib/microlib/init/entry.s            0x00000000   Number         0  entry2.o ABSOLUTE
    ../clib/microlib/init/entry.s            0x00000000   Number         0  entry9a.o ABSOLUTE
    ../clib/microlib/init/entry.s            0x00000000   Number         0  entry11a.o ABSOLUTE
    ../clib/microlib/init/entry.s            0x00000000   Number         0  entry11b.o ABSOLUTE
    ../clib/microlib/init/entry.s            0x00000000   Number         0  entry.o ABSOLUTE
    ../clib/microlib/init/entry.s            0x00000000   Number         0  entry10a.o ABSOLUTE
    ../clib/microlib/init/entry.s            0x00000000   Number         0  entry10b.o ABSOLUTE
    ../clib/microlib/init/entry.s            0x00000000   Number         0  entry8a.o ABSOLUTE
    ../clib/microlib/init/entry.s            0x00000000   Number         0  entry8b.o ABSOLUTE
    ../clib/microlib/init/entry.s            0x00000000   Number         0  entry7a.o ABSOLUTE
    ../clib/microlib/init/entry.s            0x00000000   Number         0  entry9b.o ABSOLUTE
    ../clib/microlib/init/entry.s            0x00000000   Number         0  entry7b.o ABSOLUTE
    ../clib/microlib/init/entry.s            0x00000000   Number         0  entry5.o ABSOLUTE
    ../clib/microlib/longlong.c              0x00000000   Number         0  llushr.o ABSOLUTE
    ../clib/microlib/longlong.c              0x00000000   Number         0  llsshr.o ABSOLUTE
    ../clib/microlib/longlong.c              0x00000000   Number         0  llshl.o ABSOLUTE
    ../clib/microlib/printf/printf.c         0x00000000   Number         0  printfb.o ABSOLUTE
    ../clib/microlib/printf/printf.c         0x00000000   Number         0  printf0.o ABSOLUTE
    ../clib/microlib/printf/printf.c         0x00000000   Number         0  printf2.o ABSOLUTE
    ../clib/microlib/printf/printf.c         0x00000000   Number         0  printf3.o ABSOLUTE
    ../clib/microlib/printf/printf.c         0x00000000   Number         0  printf4.o ABSOLUTE
    ../clib/microlib/printf/printf.c         0x00000000   Number         0  printf5.o ABSOLUTE
    ../clib/microlib/printf/printf.c         0x00000000   Number         0  printf6.o ABSOLUTE
    ../clib/microlib/printf/printf.c         0x00000000   Number         0  printfa.o ABSOLUTE
    ../clib/microlib/printf/printf.c         0x00000000   Number         0  printf8.o ABSOLUTE
    ../clib/microlib/printf/printf.c         0x00000000   Number         0  printf7.o ABSOLUTE
    ../clib/microlib/printf/printf.c         0x00000000   Number         0  printf1.o ABSOLUTE
    ../clib/microlib/printf/stubs.s          0x00000000   Number         0  stubs.o ABSOLUTE
    ../clib/microlib/stdio/streams.c         0x00000000   Number         0  stdout.o ABSOLUTE
    ../clib/microlib/string/memset.c         0x00000000   Number         0  memseta.o ABSOLUTE
    ../clib/microlib/string/strstr.c         0x00000000   Number         0  strstr.o ABSOLUTE
    ../clib/microlib/stubs.s                 0x00000000   Number         0  iusefp.o ABSOLUTE
    ../clib/scanf.c                          0x00000000   Number         0  __0sscanf.o ABSOLUTE
    ../clib/scanf.c                          0x00000000   Number         0  _scanf_int.o ABSOLUTE
    ../clib/scanf.c                          0x00000000   Number         0  _chval.o ABSOLUTE
    ../clib/scanf.c                          0x00000000   Number         0  _scanf.o ABSOLUTE
    ../clib/scanf.c                          0x00000000   Number         0  _scanf_str.o ABSOLUTE
    ../clib/scanf.c                          0x00000000   Number         0  _sgetc.o ABSOLUTE
    ../clib/scanf.c                          0x00000000   Number         0  scanf_char.o ABSOLUTE
    ../fplib/microlib/fpadd.c                0x00000000   Number         0  dadd.o ABSOLUTE
    ../fplib/microlib/fpdiv.c                0x00000000   Number         0  ddiv.o ABSOLUTE
    ../fplib/microlib/fpepilogue.c           0x00000000   Number         0  depilogue.o ABSOLUTE
    ../fplib/microlib/fpfix.c                0x00000000   Number         0  dfixul.o ABSOLUTE
    ../fplib/microlib/fpmul.c                0x00000000   Number         0  dmul.o ABSOLUTE
    ..\..\Drivers\CIU32L051_Lib\Source\ciu32l051_std.c 0x00000000   Number         0  ciu32l051_std.o ABSOLUTE
    ..\..\Drivers\CIU32L051_Lib\Source\ciu32l051_std_adc.c 0x00000000   Number         0  ciu32l051_std_adc.o ABSOLUTE
    ..\..\Drivers\CIU32L051_Lib\Source\ciu32l051_std_aes.c 0x00000000   Number         0  ciu32l051_std_aes.o ABSOLUTE
    ..\..\Drivers\CIU32L051_Lib\Source\ciu32l051_std_comp.c 0x00000000   Number         0  ciu32l051_std_comp.o ABSOLUTE
    ..\..\Drivers\CIU32L051_Lib\Source\ciu32l051_std_crc.c 0x00000000   Number         0  ciu32l051_std_crc.o ABSOLUTE
    ..\..\Drivers\CIU32L051_Lib\Source\ciu32l051_std_dma.c 0x00000000   Number         0  ciu32l051_std_dma.o ABSOLUTE
    ..\..\Drivers\CIU32L051_Lib\Source\ciu32l051_std_exti.c 0x00000000   Number         0  ciu32l051_std_exti.o ABSOLUTE
    ..\..\Drivers\CIU32L051_Lib\Source\ciu32l051_std_flash.c 0x00000000   Number         0  ciu32l051_std_flash.o ABSOLUTE
    ..\..\Drivers\CIU32L051_Lib\Source\ciu32l051_std_gpio.c 0x00000000   Number         0  ciu32l051_std_gpio.o ABSOLUTE
    ..\..\Drivers\CIU32L051_Lib\Source\ciu32l051_std_i2c.c 0x00000000   Number         0  ciu32l051_std_i2c.o ABSOLUTE
    ..\..\Drivers\CIU32L051_Lib\Source\ciu32l051_std_lcd.c 0x00000000   Number         0  ciu32l051_std_lcd.o ABSOLUTE
    ..\..\Drivers\CIU32L051_Lib\Source\ciu32l051_std_lptim.c 0x00000000   Number         0  ciu32l051_std_lptim.o ABSOLUTE
    ..\..\Drivers\CIU32L051_Lib\Source\ciu32l051_std_lpuart.c 0x00000000   Number         0  ciu32l051_std_lpuart.o ABSOLUTE
    ..\..\Drivers\CIU32L051_Lib\Source\ciu32l051_std_pmu.c 0x00000000   Number         0  ciu32l051_std_pmu.o ABSOLUTE
    ..\..\Drivers\CIU32L051_Lib\Source\ciu32l051_std_rcc.c 0x00000000   Number         0  ciu32l051_std_rcc.o ABSOLUTE
    ..\..\Drivers\CIU32L051_Lib\Source\ciu32l051_std_rtc.c 0x00000000   Number         0  ciu32l051_std_rtc.o ABSOLUTE
    ..\..\Drivers\CIU32L051_Lib\Source\ciu32l051_std_spi.c 0x00000000   Number         0  ciu32l051_std_spi.o ABSOLUTE
    ..\..\Drivers\CIU32L051_Lib\Source\ciu32l051_std_tamp.c 0x00000000   Number         0  ciu32l051_std_tamp.o ABSOLUTE
    ..\..\Drivers\CIU32L051_Lib\Source\ciu32l051_std_tim.c 0x00000000   Number         0  ciu32l051_std_tim.o ABSOLUTE
    ..\..\Drivers\CIU32L051_Lib\Source\ciu32l051_std_trng.c 0x00000000   Number         0  ciu32l051_std_trng.o ABSOLUTE
    ..\..\Drivers\CIU32L051_Lib\Source\ciu32l051_std_usart.c 0x00000000   Number         0  ciu32l051_std_usart.o ABSOLUTE
    ..\..\Drivers\CMSIS\Device\system_ciu32l051.c 0x00000000   Number         0  system_ciu32l051.o ABSOLUTE
    ..\Source\app_service.c                  0x00000000   Number         0  app_service.o ABSOLUTE
    ..\Source\app_tcp.c                      0x00000000   Number         0  app_tcp.o ABSOLUTE
    ..\Source\common.c                       0x00000000   Number         0  common.o ABSOLUTE
    ..\Source\ep24cx_i2c.c                   0x00000000   Number         0  ep24cx_i2c.o ABSOLUTE
    ..\Source\exti_bsp.c                     0x00000000   Number         0  exti_bsp.o ABSOLUTE
    ..\Source\i2c_driver.c                   0x00000000   Number         0  i2c_driver.o ABSOLUTE
    ..\Source\main.c                         0x00000000   Number         0  main.o ABSOLUTE
    ..\Source\tim_bsp.c                      0x00000000   Number         0  tim_bsp.o ABSOLUTE
    ..\Source\usart_bsp.c                    0x00000000   Number         0  usart_bsp.o ABSOLUTE
    ..\\..\\Drivers\\CIU32L051_Lib\\Source\\ciu32l051_std.c 0x00000000   Number         0  ciu32l051_std.o ABSOLUTE
    ..\\..\\Drivers\\CIU32L051_Lib\\Source\\ciu32l051_std_adc.c 0x00000000   Number         0  ciu32l051_std_adc.o ABSOLUTE
    ..\\..\\Drivers\\CIU32L051_Lib\\Source\\ciu32l051_std_aes.c 0x00000000   Number         0  ciu32l051_std_aes.o ABSOLUTE
    ..\\..\\Drivers\\CIU32L051_Lib\\Source\\ciu32l051_std_comp.c 0x00000000   Number         0  ciu32l051_std_comp.o ABSOLUTE
    ..\\..\\Drivers\\CIU32L051_Lib\\Source\\ciu32l051_std_crc.c 0x00000000   Number         0  ciu32l051_std_crc.o ABSOLUTE
    ..\\..\\Drivers\\CIU32L051_Lib\\Source\\ciu32l051_std_dma.c 0x00000000   Number         0  ciu32l051_std_dma.o ABSOLUTE
    ..\\..\\Drivers\\CIU32L051_Lib\\Source\\ciu32l051_std_exti.c 0x00000000   Number         0  ciu32l051_std_exti.o ABSOLUTE
    ..\\..\\Drivers\\CIU32L051_Lib\\Source\\ciu32l051_std_flash.c 0x00000000   Number         0  ciu32l051_std_flash.o ABSOLUTE
    ..\\..\\Drivers\\CIU32L051_Lib\\Source\\ciu32l051_std_gpio.c 0x00000000   Number         0  ciu32l051_std_gpio.o ABSOLUTE
    ..\\..\\Drivers\\CIU32L051_Lib\\Source\\ciu32l051_std_i2c.c 0x00000000   Number         0  ciu32l051_std_i2c.o ABSOLUTE
    ..\\..\\Drivers\\CIU32L051_Lib\\Source\\ciu32l051_std_lcd.c 0x00000000   Number         0  ciu32l051_std_lcd.o ABSOLUTE
    ..\\..\\Drivers\\CIU32L051_Lib\\Source\\ciu32l051_std_lptim.c 0x00000000   Number         0  ciu32l051_std_lptim.o ABSOLUTE
    ..\\..\\Drivers\\CIU32L051_Lib\\Source\\ciu32l051_std_lpuart.c 0x00000000   Number         0  ciu32l051_std_lpuart.o ABSOLUTE
    ..\\..\\Drivers\\CIU32L051_Lib\\Source\\ciu32l051_std_pmu.c 0x00000000   Number         0  ciu32l051_std_pmu.o ABSOLUTE
    ..\\..\\Drivers\\CIU32L051_Lib\\Source\\ciu32l051_std_rcc.c 0x00000000   Number         0  ciu32l051_std_rcc.o ABSOLUTE
    ..\\..\\Drivers\\CIU32L051_Lib\\Source\\ciu32l051_std_rtc.c 0x00000000   Number         0  ciu32l051_std_rtc.o ABSOLUTE
    ..\\..\\Drivers\\CIU32L051_Lib\\Source\\ciu32l051_std_spi.c 0x00000000   Number         0  ciu32l051_std_spi.o ABSOLUTE
    ..\\..\\Drivers\\CIU32L051_Lib\\Source\\ciu32l051_std_tamp.c 0x00000000   Number         0  ciu32l051_std_tamp.o ABSOLUTE
    ..\\..\\Drivers\\CIU32L051_Lib\\Source\\ciu32l051_std_tim.c 0x00000000   Number         0  ciu32l051_std_tim.o ABSOLUTE
    ..\\..\\Drivers\\CIU32L051_Lib\\Source\\ciu32l051_std_trng.c 0x00000000   Number         0  ciu32l051_std_trng.o ABSOLUTE
    ..\\..\\Drivers\\CIU32L051_Lib\\Source\\ciu32l051_std_usart.c 0x00000000   Number         0  ciu32l051_std_usart.o ABSOLUTE
    ..\\..\\Drivers\\CMSIS\\Device\\system_ciu32l051.c 0x00000000   Number         0  system_ciu32l051.o ABSOLUTE
    ..\\Source\\app_service.c                0x00000000   Number         0  app_service.o ABSOLUTE
    ..\\Source\\app_tcp.c                    0x00000000   Number         0  app_tcp.o ABSOLUTE
    ..\\Source\\common.c                     0x00000000   Number         0  common.o ABSOLUTE
    ..\\Source\\ep24cx_i2c.c                 0x00000000   Number         0  ep24cx_i2c.o ABSOLUTE
    ..\\Source\\exti_bsp.c                   0x00000000   Number         0  exti_bsp.o ABSOLUTE
    ..\\Source\\i2c_driver.c                 0x00000000   Number         0  i2c_driver.o ABSOLUTE
    ..\\Source\\main.c                       0x00000000   Number         0  main.o ABSOLUTE
    ..\\Source\\tim_bsp.c                    0x00000000   Number         0  tim_bsp.o ABSOLUTE
    ..\\Source\\usart_bsp.c                  0x00000000   Number         0  usart_bsp.o ABSOLUTE
    cdrcmple.s                               0x00000000   Number         0  cdrcmple.o ABSOLUTE
    dc.s                                     0x00000000   Number         0  dc.o ABSOLUTE
    handlers.s                               0x00000000   Number         0  handlers.o ABSOLUTE
    init.s                                   0x00000000   Number         0  init.o ABSOLUTE
    startup_ciu32l051.s                      0x00000000   Number         0  startup_ciu32l051.o ABSOLUTE
    RESET                                    0x08000000   Section      192  startup_ciu32l051.o(RESET)
    .ARM.Collect$$$$00000000                 0x080000c0   Section        0  entry.o(.ARM.Collect$$$$00000000)
    .ARM.Collect$$$$00000001                 0x080000c0   Section        4  entry2.o(.ARM.Collect$$$$00000001)
    .ARM.Collect$$$$00000004                 0x080000c4   Section        4  entry5.o(.ARM.Collect$$$$00000004)
    .ARM.Collect$$$$00000008                 0x080000c8   Section        0  entry7b.o(.ARM.Collect$$$$00000008)
    .ARM.Collect$$$$0000000A                 0x080000c8   Section        0  entry8b.o(.ARM.Collect$$$$0000000A)
    .ARM.Collect$$$$0000000B                 0x080000c8   Section        8  entry9a.o(.ARM.Collect$$$$0000000B)
    .ARM.Collect$$$$0000000D                 0x080000d0   Section        0  entry10a.o(.ARM.Collect$$$$0000000D)
    .ARM.Collect$$$$0000000F                 0x080000d0   Section        0  entry11a.o(.ARM.Collect$$$$0000000F)
    .ARM.Collect$$$$00002712                 0x080000d0   Section        4  entry2.o(.ARM.Collect$$$$00002712)
    __lit__00000000                          0x080000d0   Data           4  entry2.o(.ARM.Collect$$$$00002712)
    .text                                    0x080000d4   Section       28  startup_ciu32l051.o(.text)
    .text                                    0x080000f0   Section        0  uidiv.o(.text)
    .text                                    0x0800011c   Section        0  idiv.o(.text)
    .text                                    0x08000144   Section        0  uldiv.o(.text)
    .text                                    0x080001a4   Section        0  memseta.o(.text)
    .text                                    0x080001c8   Section        0  strstr.o(.text)
    .text                                    0x080001f0   Section        0  __0sscanf.o(.text)
    .text                                    0x0800022c   Section        0  _scanf_int.o(.text)
    .text                                    0x08000376   Section        0  _scanf_str.o(.text)
    .text                                    0x0800045a   Section        0  llshl.o(.text)
    .text                                    0x0800047a   Section        0  llushr.o(.text)
    .text                                    0x0800049c   Section        0  _chval.o(.text)
    .text                                    0x080004bc   Section        0  scanf_char.o(.text)
    _scanf_char_input                        0x080004bd   Thumb Code    12  scanf_char.o(.text)
    .text                                    0x080004e8   Section        0  _sgetc.o(.text)
    .text                                    0x0800052c   Section       36  init.o(.text)
    .text                                    0x08000550   Section        0  isspace_c.o(.text)
    .text                                    0x08000560   Section        0  _scanf.o(.text)
    .text                                    0x08000894   Section        0  ctype_c.o(.text)
    i.App_OnMotorCmd                         0x080008b8   Section        0  app_service.o(i.App_OnMotorCmd)
    i.Delay1ms_i2c                           0x080009e8   Section        0  i2c_driver.o(i.Delay1ms_i2c)
    Delay1ms_i2c                             0x080009e9   Thumb Code    26  i2c_driver.o(i.Delay1ms_i2c)
    i.Delay_1ms                              0x08000a04   Section        0  tim_bsp.o(i.Delay_1ms)
    i.EXTI4_15_IRQHandler                    0x08000a68   Section        0  exti_bsp.o(i.EXTI4_15_IRQHandler)
    i.GetEpromSign                           0x08000b98   Section        0  ep24cx_i2c.o(i.GetEpromSign)
    GetEpromSign                             0x08000b99   Thumb Code    22  ep24cx_i2c.o(i.GetEpromSign)
    i.I2C_ChkAck                             0x08000bb0   Section        0  i2c_driver.o(i.I2C_ChkAck)
    I2C_ChkAck                               0x08000bb1   Thumb Code   120  i2c_driver.o(i.I2C_ChkAck)
    i.I2C_Configuration                      0x08000c2c   Section        0  i2c_driver.o(i.I2C_Configuration)
    i.I2C_PolledMasterRead                   0x08000c34   Section        0  i2c_driver.o(i.I2C_PolledMasterRead)
    i.I2C_PolledMasterWrite                  0x08000c70   Section        0  i2c_driver.o(i.I2C_PolledMasterWrite)
    i.I2C_ReadByte                           0x08000ca8   Section        0  i2c_driver.o(i.I2C_ReadByte)
    I2C_ReadByte                             0x08000ca9   Thumb Code   100  i2c_driver.o(i.I2C_ReadByte)
    i.I2C_ReadBytes                          0x08000d10   Section        0  i2c_driver.o(i.I2C_ReadBytes)
    I2C_ReadBytes                            0x08000d11   Thumb Code    44  i2c_driver.o(i.I2C_ReadBytes)
    i.I2C_SendAck                            0x08000d3c   Section        0  i2c_driver.o(i.I2C_SendAck)
    I2C_SendAck                              0x08000d3d   Thumb Code    52  i2c_driver.o(i.I2C_SendAck)
    i.I2C_SendAddr                           0x08000d74   Section        0  i2c_driver.o(i.I2C_SendAddr)
    I2C_SendAddr                             0x08000d75   Thumb Code   102  i2c_driver.o(i.I2C_SendAddr)
    i.I2C_SendNoAck                          0x08000ddc   Section        0  i2c_driver.o(i.I2C_SendNoAck)
    I2C_SendNoAck                            0x08000ddd   Thumb Code    52  i2c_driver.o(i.I2C_SendNoAck)
    i.I2C_Start                              0x08000e14   Section        0  i2c_driver.o(i.I2C_Start)
    I2C_Start                                0x08000e15   Thumb Code    74  i2c_driver.o(i.I2C_Start)
    i.I2C_Stop                               0x08000e64   Section        0  i2c_driver.o(i.I2C_Stop)
    I2C_Stop                                 0x08000e65   Thumb Code    52  i2c_driver.o(i.I2C_Stop)
    i.I2C_WriteByte                          0x08000e9c   Section        0  i2c_driver.o(i.I2C_WriteByte)
    I2C_WriteByte                            0x08000e9d   Thumb Code   116  i2c_driver.o(i.I2C_WriteByte)
    i.I2C_WriteBytes                         0x08000f14   Section        0  i2c_driver.o(i.I2C_WriteBytes)
    I2C_WriteBytes                           0x08000f15   Thumb Code    36  i2c_driver.o(i.I2C_WriteBytes)
    i.I2C_delay                              0x08000f38   Section        0  i2c_driver.o(i.I2C_delay)
    I2C_delay                                0x08000f39   Thumb Code    16  i2c_driver.o(i.I2C_delay)
    i.InitEprom_SysData                      0x08000f48   Section        0  ep24cx_i2c.o(i.InitEprom_SysData)
    InitEprom_SysData                        0x08000f49   Thumb Code    30  ep24cx_i2c.o(i.InitEprom_SysData)
    i.Init_SysData                           0x08000f6c   Section        0  ep24cx_i2c.o(i.Init_SysData)
    i.Input_Hand                             0x08000fd4   Section        0  app_service.o(i.Input_Hand)
    Input_Hand                               0x08000fd5   Thumb Code   210  app_service.o(i.Input_Hand)
    i.ParseBtCmd                             0x080010bc   Section        0  app_tcp.o(i.ParseBtCmd)
    ParseBtCmd                               0x080010bd   Thumb Code   328  app_tcp.o(i.ParseBtCmd)
    i.ParseSubCmd                            0x08001208   Section        0  app_tcp.o(i.ParseSubCmd)
    ParseSubCmd                              0x08001209   Thumb Code   112  app_tcp.o(i.ParseSubCmd)
    i.Power_Off                              0x08001288   Section        0  app_service.o(i.Power_Off)
    i.Power_On                               0x08001330   Section        0  app_service.o(i.Power_On)
    i.ReadEpData                             0x08001408   Section        0  ep24cx_i2c.o(i.ReadEpData)
    i.SDA_IO_SET                             0x080014ec   Section        0  i2c_driver.o(i.SDA_IO_SET)
    SDA_IO_SET                               0x080014ed   Thumb Code    60  i2c_driver.o(i.SDA_IO_SET)
    i.ScheduleHandle                         0x0800152c   Section        0  app_service.o(i.ScheduleHandle)
    i.SendToSub_Pwr                          0x08001540   Section        0  app_tcp.o(i.SendToSub_Pwr)
    i.SendToSub_Spring                       0x08001568   Section        0  app_tcp.o(i.SendToSub_Spring)
    i.SendToSub_State                        0x08001590   Section        0  app_tcp.o(i.SendToSub_State)
    i.SendToSub_Water                        0x080015b8   Section        0  app_tcp.o(i.SendToSub_Water)
    i.SystemCoreClockUpdate                  0x080015e0   Section        0  system_ciu32l051.o(i.SystemCoreClockUpdate)
    i.SystemInit                             0x080016dc   Section        0  system_ciu32l051.o(i.SystemInit)
    i.TIM8_IRQHandler                        0x080016fc   Section        0  tim_bsp.o(i.TIM8_IRQHandler)
    i.TimFlg_Hand                            0x08001750   Section        0  tim_bsp.o(i.TimFlg_Hand)
    i.TimingDelay_Isr                        0x08001810   Section        0  tim_bsp.o(i.TimingDelay_Isr)
    i.Tmr_Hand                               0x080018dc   Section        0  app_service.o(i.Tmr_Hand)
    Tmr_Hand                                 0x080018dd   Thumb Code   232  app_service.o(i.Tmr_Hand)
    i.Turn_Tmo_Hand                          0x080019d4   Section        0  app_service.o(i.Turn_Tmo_Hand)
    Turn_Tmo_Hand                            0x080019d5   Thumb Code    76  app_service.o(i.Turn_Tmo_Hand)
    i.UART2_IRQHandler                       0x08001a38   Section        0  usart_bsp.o(i.UART2_IRQHandler)
    i.UART3_4_IRQHandler                     0x08001ab4   Section        0  usart_bsp.o(i.UART3_4_IRQHandler)
    i.UART4_Send_Buf                         0x08001ba4   Section        0  app_tcp.o(i.UART4_Send_Buf)
    UART4_Send_Buf                           0x08001ba5   Thumb Code    56  app_tcp.o(i.UART4_Send_Buf)
    i.USART1_IRQHandler                      0x08001be0   Section        0  usart_bsp.o(i.USART1_IRQHandler)
    i.WriteEpData                            0x08001be2   Section        0  ep24cx_i2c.o(i.WriteEpData)
    i.__0printf$8                            0x08001cc4   Section        0  printf8.o(i.__0printf$8)
    i.__0sprintf$8                           0x08001ce4   Section        0  printf8.o(i.__0sprintf$8)
    i.__NVIC_EnableIRQ                       0x08001d0c   Section        0  usart_bsp.o(i.__NVIC_EnableIRQ)
    __NVIC_EnableIRQ                         0x08001d0d   Thumb Code    18  usart_bsp.o(i.__NVIC_EnableIRQ)
    i.__NVIC_EnableIRQ                       0x08001d24   Section        0  exti_bsp.o(i.__NVIC_EnableIRQ)
    __NVIC_EnableIRQ                         0x08001d25   Thumb Code    18  exti_bsp.o(i.__NVIC_EnableIRQ)
    i.__NVIC_SetPriority                     0x08001d3c   Section        0  usart_bsp.o(i.__NVIC_SetPriority)
    __NVIC_SetPriority                       0x08001d3d   Thumb Code   110  usart_bsp.o(i.__NVIC_SetPriority)
    i.__NVIC_SetPriority                     0x08001db4   Section        0  tim_bsp.o(i.__NVIC_SetPriority)
    __NVIC_SetPriority                       0x08001db5   Thumb Code   110  tim_bsp.o(i.__NVIC_SetPriority)
    i.__NVIC_SetPriority                     0x08001e2c   Section        0  exti_bsp.o(i.__NVIC_SetPriority)
    __NVIC_SetPriority                       0x08001e2d   Thumb Code   110  exti_bsp.o(i.__NVIC_SetPriority)
    i.__scatterload_copy                     0x08001ea4   Section       14  handlers.o(i.__scatterload_copy)
    i.__scatterload_null                     0x08001eb2   Section        2  handlers.o(i.__scatterload_null)
    i.__scatterload_zeroinit                 0x08001eb4   Section       14  handlers.o(i.__scatterload_zeroinit)
    i._printf_core                           0x08001ec4   Section        0  printf8.o(i._printf_core)
    _printf_core                             0x08001ec5   Thumb Code  1020  printf8.o(i._printf_core)
    i._printf_post_padding                   0x080022ec   Section        0  printf8.o(i._printf_post_padding)
    _printf_post_padding                     0x080022ed   Thumb Code    32  printf8.o(i._printf_post_padding)
    i._printf_pre_padding                    0x0800230c   Section        0  printf8.o(i._printf_pre_padding)
    _printf_pre_padding                      0x0800230d   Thumb Code    44  printf8.o(i._printf_pre_padding)
    i._sputc                                 0x08002338   Section        0  printf8.o(i._sputc)
    _sputc                                   0x08002339   Thumb Code    10  printf8.o(i._sputc)
    i.bsp_tim4_output_start                  0x08002344   Section        0  tim_bsp.o(i.bsp_tim4_output_start)
    i.bsp_tim5_output_start                  0x08002364   Section        0  tim_bsp.o(i.bsp_tim5_output_start)
    i.build_FirmVers                         0x0800237c   Section        0  main.o(i.build_FirmVers)
    i.exti_init                              0x08002458   Section        0  exti_bsp.o(i.exti_init)
    i.fan_set_pwm                            0x08002610   Section        0  app_service.o(i.fan_set_pwm)
    fan_set_pwm                              0x08002611   Thumb Code    16  app_service.o(i.fan_set_pwm)
    i.fputc                                  0x08002624   Section        0  usart_bsp.o(i.fputc)
    i.i2c_gpio_init                          0x08002648   Section        0  i2c_driver.o(i.i2c_gpio_init)
    i.iwdg_init                              0x080026a4   Section        0  main.o(i.iwdg_init)
    i.led_init                               0x080026f0   Section        0  exti_bsp.o(i.led_init)
    i.main                                   0x08002724   Section        0  main.o(i.main)
    i.mydatacpy                              0x080027ec   Section        0  app_tcp.o(i.mydatacpy)
    mydatacpy                                0x080027ed   Thumb Code    26  app_tcp.o(i.mydatacpy)
    i.std_delay_init                         0x08002808   Section        0  ciu32l051_std.o(i.std_delay_init)
    i.std_exti_clear_pending                 0x08002828   Section        0  exti_bsp.o(i.std_exti_clear_pending)
    std_exti_clear_pending                   0x08002829   Thumb Code    14  exti_bsp.o(i.std_exti_clear_pending)
    i.std_exti_get_pending_status            0x0800283c   Section        0  exti_bsp.o(i.std_exti_get_pending_status)
    std_exti_get_pending_status              0x0800283d   Thumb Code    28  exti_bsp.o(i.std_exti_get_pending_status)
    i.std_exti_init                          0x0800285c   Section        0  ciu32l051_std_exti.o(i.std_exti_init)
    i.std_gpio_get_input_pin                 0x080029d8   Section        0  app_service.o(i.std_gpio_get_input_pin)
    std_gpio_get_input_pin                   0x080029d9   Thumb Code    18  app_service.o(i.std_gpio_get_input_pin)
    i.std_gpio_get_input_pin                 0x080029ea   Section        0  i2c_driver.o(i.std_gpio_get_input_pin)
    std_gpio_get_input_pin                   0x080029eb   Thumb Code    18  i2c_driver.o(i.std_gpio_get_input_pin)
    i.std_gpio_init                          0x080029fc   Section        0  ciu32l051_std_gpio.o(i.std_gpio_init)
    i.std_gpio_reset_pin                     0x08002a6c   Section        0  exti_bsp.o(i.std_gpio_reset_pin)
    std_gpio_reset_pin                       0x08002a6d   Thumb Code     4  exti_bsp.o(i.std_gpio_reset_pin)
    i.std_gpio_reset_pin                     0x08002a70   Section        0  app_service.o(i.std_gpio_reset_pin)
    std_gpio_reset_pin                       0x08002a71   Thumb Code     4  app_service.o(i.std_gpio_reset_pin)
    i.std_gpio_reset_pin                     0x08002a74   Section        0  i2c_driver.o(i.std_gpio_reset_pin)
    std_gpio_reset_pin                       0x08002a75   Thumb Code     4  i2c_driver.o(i.std_gpio_reset_pin)
    i.std_gpio_set_afpin_0_7                 0x08002a78   Section        0  ciu32l051_std_gpio.o(i.std_gpio_set_afpin_0_7)
    std_gpio_set_afpin_0_7                   0x08002a79   Thumb Code    36  ciu32l051_std_gpio.o(i.std_gpio_set_afpin_0_7)
    i.std_gpio_set_afpin_8_15                0x08002a9c   Section        0  ciu32l051_std_gpio.o(i.std_gpio_set_afpin_8_15)
    std_gpio_set_afpin_8_15                  0x08002a9d   Thumb Code    42  ciu32l051_std_gpio.o(i.std_gpio_set_afpin_8_15)
    i.std_gpio_set_pin                       0x08002ac6   Section        0  app_service.o(i.std_gpio_set_pin)
    std_gpio_set_pin                         0x08002ac7   Thumb Code     4  app_service.o(i.std_gpio_set_pin)
    i.std_gpio_set_pin                       0x08002aca   Section        0  i2c_driver.o(i.std_gpio_set_pin)
    std_gpio_set_pin                         0x08002acb   Thumb Code     4  i2c_driver.o(i.std_gpio_set_pin)
    i.std_gpio_set_pin_mode                  0x08002ace   Section        0  ciu32l051_std_gpio.o(i.std_gpio_set_pin_mode)
    std_gpio_set_pin_mode                    0x08002acf   Thumb Code    26  ciu32l051_std_gpio.o(i.std_gpio_set_pin_mode)
    i.std_gpio_set_pin_output_type           0x08002ae8   Section        0  ciu32l051_std_gpio.o(i.std_gpio_set_pin_output_type)
    std_gpio_set_pin_output_type             0x08002ae9   Thumb Code    16  ciu32l051_std_gpio.o(i.std_gpio_set_pin_output_type)
    i.std_gpio_set_pin_pull                  0x08002af8   Section        0  ciu32l051_std_gpio.o(i.std_gpio_set_pin_pull)
    std_gpio_set_pin_pull                    0x08002af9   Thumb Code    26  ciu32l051_std_gpio.o(i.std_gpio_set_pin_pull)
    i.std_rcc_apb1_clk_enable                0x08002b14   Section        0  usart_bsp.o(i.std_rcc_apb1_clk_enable)
    std_rcc_apb1_clk_enable                  0x08002b15   Thumb Code    18  usart_bsp.o(i.std_rcc_apb1_clk_enable)
    i.std_rcc_apb1_clk_enable                0x08002b2c   Section        0  tim_bsp.o(i.std_rcc_apb1_clk_enable)
    std_rcc_apb1_clk_enable                  0x08002b2d   Thumb Code    18  tim_bsp.o(i.std_rcc_apb1_clk_enable)
    i.std_rcc_get_hclkfreq                   0x08002b44   Section        0  ciu32l051_std_rcc.o(i.std_rcc_get_hclkfreq)
    i.std_rcc_get_pclk1freq                  0x08002b6c   Section        0  ciu32l051_std_rcc.o(i.std_rcc_get_pclk1freq)
    i.std_rcc_get_pclk2freq                  0x08002b9c   Section        0  ciu32l051_std_rcc.o(i.std_rcc_get_pclk2freq)
    i.std_rcc_get_pllfreq                    0x08002bcc   Section        0  ciu32l051_std_rcc.o(i.std_rcc_get_pllfreq)
    i.std_rcc_get_sysclkfreq                 0x08002c44   Section        0  ciu32l051_std_rcc.o(i.std_rcc_get_sysclkfreq)
    i.std_rcc_gpio_clk_enable                0x08002cb8   Section        0  usart_bsp.o(i.std_rcc_gpio_clk_enable)
    std_rcc_gpio_clk_enable                  0x08002cb9   Thumb Code    18  usart_bsp.o(i.std_rcc_gpio_clk_enable)
    i.std_rcc_gpio_clk_enable                0x08002cd0   Section        0  tim_bsp.o(i.std_rcc_gpio_clk_enable)
    std_rcc_gpio_clk_enable                  0x08002cd1   Thumb Code    18  tim_bsp.o(i.std_rcc_gpio_clk_enable)
    i.std_rcc_gpio_clk_enable                0x08002ce8   Section        0  exti_bsp.o(i.std_rcc_gpio_clk_enable)
    std_rcc_gpio_clk_enable                  0x08002ce9   Thumb Code    18  exti_bsp.o(i.std_rcc_gpio_clk_enable)
    i.std_tim_ccx_channel_disable            0x08002d00   Section        0  ciu32l051_std_tim.o(i.std_tim_ccx_channel_disable)
    std_tim_ccx_channel_disable              0x08002d01   Thumb Code    16  ciu32l051_std_tim.o(i.std_tim_ccx_channel_disable)
    i.std_tim_ccx_channel_enable             0x08002d10   Section        0  tim_bsp.o(i.std_tim_ccx_channel_enable)
    std_tim_ccx_channel_enable               0x08002d11   Thumb Code    16  tim_bsp.o(i.std_tim_ccx_channel_enable)
    i.std_tim_enable                         0x08002d20   Section        0  tim_bsp.o(i.std_tim_enable)
    std_tim_enable                           0x08002d21   Thumb Code    10  tim_bsp.o(i.std_tim_enable)
    i.std_tim_init                           0x08002d2c   Section        0  ciu32l051_std_tim.o(i.std_tim_init)
    i.std_tim_output_compare_init            0x08002d78   Section        0  ciu32l051_std_tim.o(i.std_tim_output_compare_init)
    i.std_tim_set_ccx_value                  0x08002eec   Section        0  app_service.o(i.std_tim_set_ccx_value)
    std_tim_set_ccx_value                    0x08002eed   Thumb Code    22  app_service.o(i.std_tim_set_ccx_value)
    i.std_usart_baudrate_config              0x08002f04   Section        0  ciu32l051_std_usart.o(i.std_usart_baudrate_config)
    i.std_usart_clear_flag                   0x08002fb4   Section        0  usart_bsp.o(i.std_usart_clear_flag)
    std_usart_clear_flag                     0x08002fb5   Thumb Code     4  usart_bsp.o(i.std_usart_clear_flag)
    i.std_usart_cr1_interrupt_enable         0x08002fb8   Section        0  usart_bsp.o(i.std_usart_cr1_interrupt_enable)
    std_usart_cr1_interrupt_enable           0x08002fb9   Thumb Code     8  usart_bsp.o(i.std_usart_cr1_interrupt_enable)
    i.std_usart_enable                       0x08002fc0   Section        0  usart_bsp.o(i.std_usart_enable)
    std_usart_enable                         0x08002fc1   Thumb Code    10  usart_bsp.o(i.std_usart_enable)
    i.std_usart_get_cr1_interrupt_enable     0x08002fca   Section        0  usart_bsp.o(i.std_usart_get_cr1_interrupt_enable)
    std_usart_get_cr1_interrupt_enable       0x08002fcb   Thumb Code    18  usart_bsp.o(i.std_usart_get_cr1_interrupt_enable)
    i.std_usart_get_cr3_interrupt_enable     0x08002fdc   Section        0  usart_bsp.o(i.std_usart_get_cr3_interrupt_enable)
    std_usart_get_cr3_interrupt_enable       0x08002fdd   Thumb Code    18  usart_bsp.o(i.std_usart_get_cr3_interrupt_enable)
    i.std_usart_get_flag                     0x08002fee   Section        0  usart_bsp.o(i.std_usart_get_flag)
    std_usart_get_flag                       0x08002fef   Thumb Code    18  usart_bsp.o(i.std_usart_get_flag)
    i.std_usart_get_flag                     0x08003000   Section        0  app_tcp.o(i.std_usart_get_flag)
    std_usart_get_flag                       0x08003001   Thumb Code    18  app_tcp.o(i.std_usart_get_flag)
    i.std_usart_init                         0x08003012   Section        0  ciu32l051_std_usart.o(i.std_usart_init)
    i.std_usart_tx_write_data                0x08003086   Section        0  usart_bsp.o(i.std_usart_tx_write_data)
    std_usart_tx_write_data                  0x08003087   Thumb Code     4  usart_bsp.o(i.std_usart_tx_write_data)
    i.sys_flg_init                           0x0800308c   Section        0  app_service.o(i.sys_flg_init)
    i.system_clock_config                    0x080030b0   Section        0  common.o(i.system_clock_config)
    i.tcp_hand                               0x080031ac   Section        0  app_tcp.o(i.tcp_hand)
    i.tim4_out_gpio_init                     0x08003258   Section        0  tim_bsp.o(i.tim4_out_gpio_init)
    i.tim4_out_init                          0x0800329c   Section        0  tim_bsp.o(i.tim4_out_init)
    i.tim5_out_gpio_init                     0x08003300   Section        0  tim_bsp.o(i.tim5_out_gpio_init)
    i.tim5_out_init                          0x08003330   Section        0  tim_bsp.o(i.tim5_out_init)
    i.tim8_init                              0x08003384   Section        0  tim_bsp.o(i.tim8_init)
    i.uart_gpio_init                         0x08003400   Section        0  usart_bsp.o(i.uart_gpio_init)
    i.uart_init                              0x0800346c   Section        0  usart_bsp.o(i.uart_init)
    i.usart_init_int                         0x080034e4   Section        0  usart_bsp.o(i.usart_init_int)
    i.vi_Power_off                           0x08003528   Section        0  app_service.o(i.vi_Power_off)
    i.wheel_left_backward                    0x080035d8   Section        0  app_service.o(i.wheel_left_backward)
    wheel_left_backward                      0x080035d9   Thumb Code    14  app_service.o(i.wheel_left_backward)
    i.wheel_left_forward                     0x080035ec   Section        0  app_service.o(i.wheel_left_forward)
    wheel_left_forward                       0x080035ed   Thumb Code    14  app_service.o(i.wheel_left_forward)
    i.wheel_right_backward                   0x08003600   Section        0  app_service.o(i.wheel_right_backward)
    wheel_right_backward                     0x08003601   Thumb Code    14  app_service.o(i.wheel_right_backward)
    i.wheel_right_forward                    0x08003614   Section        0  app_service.o(i.wheel_right_forward)
    wheel_right_forward                      0x08003615   Thumb Code    14  app_service.o(i.wheel_right_forward)
    i.wheel_set_forward                      0x08003628   Section        0  app_service.o(i.wheel_set_forward)
    wheel_set_forward                        0x08003629   Thumb Code    12  app_service.o(i.wheel_set_forward)
    i.wheel_set_turn_left                    0x08003634   Section        0  app_service.o(i.wheel_set_turn_left)
    wheel_set_turn_left                      0x08003635   Thumb Code    12  app_service.o(i.wheel_set_turn_left)
    i.wheel_set_turn_right                   0x08003640   Section        0  app_service.o(i.wheel_set_turn_right)
    wheel_set_turn_right                     0x08003641   Thumb Code    12  app_service.o(i.wheel_set_turn_right)
    .constdata                               0x0800364c   Section       61  main.o(.constdata)
    LPUART_PRESCALER_TABLE                   0x0800364c   Data          24  main.o(.constdata)
    month_names                              0x08003664   Data          37  main.o(.constdata)
    .constdata                               0x0800368c   Section       64  system_ciu32l051.o(.constdata)
    .constdata                               0x080036cc   Section       64  ctype_c.o(.constdata)
    .data                                    0x20000000   Section       20  main.o(.data)
    .data                                    0x20000014   Section       37  usart_bsp.o(.data)
    .data                                    0x2000003c   Section       48  tim_bsp.o(.data)
    l_ustick                                 0x20000050   Data           4  tim_bsp.o(.data)
    l_tick                                   0x20000054   Data           4  tim_bsp.o(.data)
    l_tick_second                            0x20000058   Data           4  tim_bsp.o(.data)
    l_tick_Dly                               0x2000005c   Data           4  tim_bsp.o(.data)
    .data                                    0x2000006c   Section       10  exti_bsp.o(.data)
    .data                                    0x20000076   Section       13  app_service.o(.data)
    uc_PreOff_cnt                            0x20000078   Data           1  app_service.o(.data)
    uc_Bat_Low_cnt                           0x20000079   Data           1  app_service.o(.data)
    uc_Dc_In_cnt                             0x2000007a   Data           1  app_service.o(.data)
    ui_turn_try_set                          0x2000007c   Data           2  app_service.o(.data)
    ui_turn_try                              0x2000007e   Data           2  app_service.o(.data)
    f_Dc_In                                  0x20000080   Data           1  app_service.o(.data)
    f_Turn_wheel                             0x20000081   Data           1  app_service.o(.data)
    f_Turn_Cont                              0x20000082   Data           1  app_service.o(.data)
    .data                                    0x20000084   Section       16  ep24cx_i2c.o(.data)
    EpromData                                0x2000008a   Data           6  ep24cx_i2c.o(.data)
    ui_sys_flg                               0x20000090   Data           2  ep24cx_i2c.o(.data)
    ui_custcode                              0x20000092   Data           2  ep24cx_i2c.o(.data)
    .data                                    0x20000094   Section        4  system_ciu32l051.o(.data)
    .data                                    0x20000098   Section        4  stdout.o(.data)
    .bss                                     0x2000009c   Section      256  usart_bsp.o(.bss)
    .bss                                     0x2000019c   Section       12  tim_bsp.o(.bss)
    .bss                                     0x200001a8   Section       80  app_tcp.o(.bss)
    uc_Rxdata                                0x200001a8   Data          64  app_tcp.o(.bss)
    TCP_SEND_buf                             0x200001e8   Data          16  app_tcp.o(.bss)
    STACK                                    0x200001f8   Section     1024  startup_ciu32l051.o(STACK)

    Global Symbols

    Symbol Name                              Value     Ov Type        Size  Object(Section)

    BuildAttributes$$THM_ISAv3M$S$PE$A:L22$X:L11$S22$IEEE1$IW$USESV6$~STKCKD$USESV7$~SHL$OSPACE$ROPI$EBA8$MICROLIB$REQ8$PRES8$EABIv2 0x00000000   Number         0  anon$$obj.o ABSOLUTE
    __ARM_use_no_argv                        0x00000000   Number         0  main.o ABSOLUTE
    _printf_a                                0x00000000   Number         0  stubs.o ABSOLUTE
    _printf_c                                0x00000000   Number         0  stubs.o ABSOLUTE
    _printf_charcount                        0x00000000   Number         0  stubs.o ABSOLUTE
    _printf_d                                0x00000000   Number         0  stubs.o ABSOLUTE
    _printf_e                                0x00000000   Number         0  stubs.o ABSOLUTE
    _printf_f                                0x00000000   Number         0  stubs.o ABSOLUTE
    _printf_flags                            0x00000000   Number         0  stubs.o ABSOLUTE
    _printf_fp_dec                           0x00000000   Number         0  stubs.o ABSOLUTE
    _printf_fp_hex                           0x00000000   Number         0  stubs.o ABSOLUTE
    _printf_g                                0x00000000   Number         0  stubs.o ABSOLUTE
    _printf_i                                0x00000000   Number         0  stubs.o ABSOLUTE
    _printf_int_dec                          0x00000000   Number         0  stubs.o ABSOLUTE
    _printf_l                                0x00000000   Number         0  stubs.o ABSOLUTE
    _printf_lc                               0x00000000   Number         0  stubs.o ABSOLUTE
    _printf_ll                               0x00000000   Number         0  stubs.o ABSOLUTE
    _printf_lld                              0x00000000   Number         0  stubs.o ABSOLUTE
    _printf_lli                              0x00000000   Number         0  stubs.o ABSOLUTE
    _printf_llo                              0x00000000   Number         0  stubs.o ABSOLUTE
    _printf_llu                              0x00000000   Number         0  stubs.o ABSOLUTE
    _printf_llx                              0x00000000   Number         0  stubs.o ABSOLUTE
    _printf_longlong_dec                     0x00000000   Number         0  stubs.o ABSOLUTE
    _printf_longlong_hex                     0x00000000   Number         0  stubs.o ABSOLUTE
    _printf_longlong_oct                     0x00000000   Number         0  stubs.o ABSOLUTE
    _printf_ls                               0x00000000   Number         0  stubs.o ABSOLUTE
    _printf_mbtowc                           0x00000000   Number         0  stubs.o ABSOLUTE
    _printf_n                                0x00000000   Number         0  stubs.o ABSOLUTE
    _printf_o                                0x00000000   Number         0  stubs.o ABSOLUTE
    _printf_p                                0x00000000   Number         0  stubs.o ABSOLUTE
    _printf_percent                          0x00000000   Number         0  stubs.o ABSOLUTE
    _printf_pre_padding                      0x00000000   Number         0  stubs.o ABSOLUTE
    _printf_return_value                     0x00000000   Number         0  stubs.o ABSOLUTE
    _printf_s                                0x00000000   Number         0  stubs.o ABSOLUTE
    _printf_sizespec                         0x00000000   Number         0  stubs.o ABSOLUTE
    _printf_str                              0x00000000   Number         0  stubs.o ABSOLUTE
    _printf_truncate_signed                  0x00000000   Number         0  stubs.o ABSOLUTE
    _printf_truncate_unsigned                0x00000000   Number         0  stubs.o ABSOLUTE
    _printf_u                                0x00000000   Number         0  stubs.o ABSOLUTE
    _printf_wc                               0x00000000   Number         0  stubs.o ABSOLUTE
    _printf_wctomb                           0x00000000   Number         0  stubs.o ABSOLUTE
    _printf_widthprec                        0x00000000   Number         0  stubs.o ABSOLUTE
    _printf_x                                0x00000000   Number         0  stubs.o ABSOLUTE
    __cpp_initialize__aeabi_                  - Undefined Weak Reference
    __cxa_finalize                            - Undefined Weak Reference
    __decompress                              - Undefined Weak Reference
    _clock_init                               - Undefined Weak Reference
    _microlib_exit                            - Undefined Weak Reference
    _scanf_longlong                           - Undefined Weak Reference
    _scanf_real                               - Undefined Weak Reference
    __vectors_Size                           0x000000c0   Number         0  startup_ciu32l051.o ABSOLUTE
    __vector_table                           0x08000000   Data           4  startup_ciu32l051.o(RESET)
    __main                                   0x080000c1   Thumb Code     0  entry.o(.ARM.Collect$$$$00000000)
    __vectors_End                            0x080000c0   Data           0  startup_ciu32l051.o(RESET)
    _main_stk                                0x080000c1   Thumb Code     0  entry2.o(.ARM.Collect$$$$00000001)
    _main_scatterload                        0x080000c5   Thumb Code     0  entry5.o(.ARM.Collect$$$$00000004)
    __main_after_scatterload                 0x080000c9   Thumb Code     0  entry5.o(.ARM.Collect$$$$00000004)
    _main_clock                              0x080000c9   Thumb Code     0  entry7b.o(.ARM.Collect$$$$00000008)
    _main_cpp_init                           0x080000c9   Thumb Code     0  entry8b.o(.ARM.Collect$$$$0000000A)
    _main_init                               0x080000c9   Thumb Code     0  entry9a.o(.ARM.Collect$$$$0000000B)
    __rt_final_cpp                           0x080000d1   Thumb Code     0  entry10a.o(.ARM.Collect$$$$0000000D)
    __rt_final_exit                          0x080000d1   Thumb Code     0  entry11a.o(.ARM.Collect$$$$0000000F)
    Reset_Handler                            0x080000d5   Thumb Code     8  startup_ciu32l051.o(.text)
    NMI_Handler                              0x080000dd   Thumb Code     2  startup_ciu32l051.o(.text)
    HardFault_Handler                        0x080000df   Thumb Code     2  startup_ciu32l051.o(.text)
    SVC_Handler                              0x080000e1   Thumb Code     2  startup_ciu32l051.o(.text)
    PendSV_Handler                           0x080000e3   Thumb Code     2  startup_ciu32l051.o(.text)
    SysTick_Handler                          0x080000e5   Thumb Code     2  startup_ciu32l051.o(.text)
    ADC_COMP_IRQHandler                      0x080000e7   Thumb Code     0  startup_ciu32l051.o(.text)
    AES_IRQHandler                           0x080000e7   Thumb Code     0  startup_ciu32l051.o(.text)
    DMA_Channel0_IRQHandler                  0x080000e7   Thumb Code     0  startup_ciu32l051.o(.text)
    DMA_Channel1_IRQHandler                  0x080000e7   Thumb Code     0  startup_ciu32l051.o(.text)
    EXTI0_1_IRQHandler                       0x080000e7   Thumb Code     0  startup_ciu32l051.o(.text)
    EXTI2_3_IRQHandler                       0x080000e7   Thumb Code     0  startup_ciu32l051.o(.text)
    FLASH_IRQHandler                         0x080000e7   Thumb Code     0  startup_ciu32l051.o(.text)
    I2C1_IRQHandler                          0x080000e7   Thumb Code     0  startup_ciu32l051.o(.text)
    LCD_IRQHandler                           0x080000e7   Thumb Code     0  startup_ciu32l051.o(.text)
    LPTIM1_IRQHandler                        0x080000e7   Thumb Code     0  startup_ciu32l051.o(.text)
    LPTIM2_IRQHandler                        0x080000e7   Thumb Code     0  startup_ciu32l051.o(.text)
    LPUART1_IRQHandler                       0x080000e7   Thumb Code     0  startup_ciu32l051.o(.text)
    LPUART2_IRQHandler                       0x080000e7   Thumb Code     0  startup_ciu32l051.o(.text)
    PVD_IRQHandler                           0x080000e7   Thumb Code     0  startup_ciu32l051.o(.text)
    RCC_IRQHandler                           0x080000e7   Thumb Code     0  startup_ciu32l051.o(.text)
    RTC_TAMP_IRQHandler                      0x080000e7   Thumb Code     0  startup_ciu32l051.o(.text)
    SPI1_IRQHandler                          0x080000e7   Thumb Code     0  startup_ciu32l051.o(.text)
    SPI2_IRQHandler                          0x080000e7   Thumb Code     0  startup_ciu32l051.o(.text)
    TIM3_IRQHandler                          0x080000e7   Thumb Code     0  startup_ciu32l051.o(.text)
    TIM4_IRQHandler                          0x080000e7   Thumb Code     0  startup_ciu32l051.o(.text)
    TIM5_IRQHandler                          0x080000e7   Thumb Code     0  startup_ciu32l051.o(.text)
    TRNG_IRQHandler                          0x080000e7   Thumb Code     0  startup_ciu32l051.o(.text)
    WWDG_IRQHandler                          0x080000e7   Thumb Code     0  startup_ciu32l051.o(.text)
    __aeabi_uidiv                            0x080000f1   Thumb Code     0  uidiv.o(.text)
    __aeabi_uidivmod                         0x080000f1   Thumb Code    44  uidiv.o(.text)
    __aeabi_idiv                             0x0800011d   Thumb Code     0  idiv.o(.text)
    __aeabi_idivmod                          0x0800011d   Thumb Code    40  idiv.o(.text)
    __aeabi_uldivmod                         0x08000145   Thumb Code    96  uldiv.o(.text)
    __aeabi_memset                           0x080001a5   Thumb Code    14  memseta.o(.text)
    __aeabi_memset4                          0x080001a5   Thumb Code     0  memseta.o(.text)
    __aeabi_memset8                          0x080001a5   Thumb Code     0  memseta.o(.text)
    __aeabi_memclr                           0x080001b3   Thumb Code     4  memseta.o(.text)
    __aeabi_memclr4                          0x080001b3   Thumb Code     0  memseta.o(.text)
    __aeabi_memclr8                          0x080001b3   Thumb Code     0  memseta.o(.text)
    _memset$wrapper                          0x080001b7   Thumb Code    18  memseta.o(.text)
    strstr                                   0x080001c9   Thumb Code    40  strstr.o(.text)
    __0sscanf                                0x080001f1   Thumb Code    50  __0sscanf.o(.text)
    _scanf_int                               0x0800022d   Thumb Code   330  _scanf_int.o(.text)
    _scanf_string                            0x08000377   Thumb Code   228  _scanf_str.o(.text)
    __aeabi_llsl                             0x0800045b   Thumb Code    32  llshl.o(.text)
    _ll_shift_l                              0x0800045b   Thumb Code     0  llshl.o(.text)
    __aeabi_llsr                             0x0800047b   Thumb Code    34  llushr.o(.text)
    _ll_ushift_r                             0x0800047b   Thumb Code     0  llushr.o(.text)
    _chval                                   0x0800049d   Thumb Code    30  _chval.o(.text)
    __vfscanf_char                           0x080004c9   Thumb Code    24  scanf_char.o(.text)
    _sgetc                                   0x080004e9   Thumb Code    32  _sgetc.o(.text)
    _sbackspace                              0x08000509   Thumb Code    36  _sgetc.o(.text)
    __scatterload                            0x0800052d   Thumb Code    28  init.o(.text)
    __scatterload_rt2                        0x0800052d   Thumb Code     0  init.o(.text)
    isspace                                  0x08000551   Thumb Code    14  isspace_c.o(.text)
    __vfscanf                                0x08000561   Thumb Code   806  _scanf.o(.text)
    __ctype_lookup                           0x08000895   Thumb Code    32  ctype_c.o(.text)
    App_OnMotorCmd                           0x080008b9   Thumb Code   276  app_service.o(i.App_OnMotorCmd)
    Delay_1ms                                0x08000a05   Thumb Code    88  tim_bsp.o(i.Delay_1ms)
    EXTI4_15_IRQHandler                      0x08000a69   Thumb Code   278  exti_bsp.o(i.EXTI4_15_IRQHandler)
    I2C_Configuration                        0x08000c2d   Thumb Code     8  i2c_driver.o(i.I2C_Configuration)
    I2C_PolledMasterRead                     0x08000c35   Thumb Code    60  i2c_driver.o(i.I2C_PolledMasterRead)
    I2C_PolledMasterWrite                    0x08000c71   Thumb Code    56  i2c_driver.o(i.I2C_PolledMasterWrite)
    Init_SysData                             0x08000f6d   Thumb Code    88  ep24cx_i2c.o(i.Init_SysData)
    Power_Off                                0x08001289   Thumb Code   144  app_service.o(i.Power_Off)
    Power_On                                 0x08001331   Thumb Code   174  app_service.o(i.Power_On)
    ReadEpData                               0x08001409   Thumb Code   226  ep24cx_i2c.o(i.ReadEpData)
    ScheduleHandle                           0x0800152d   Thumb Code    20  app_service.o(i.ScheduleHandle)
    SendToSub_Pwr                            0x08001541   Thumb Code    34  app_tcp.o(i.SendToSub_Pwr)
    SendToSub_Spring                         0x08001569   Thumb Code    36  app_tcp.o(i.SendToSub_Spring)
    SendToSub_State                          0x08001591   Thumb Code    36  app_tcp.o(i.SendToSub_State)
    SendToSub_Water                          0x080015b9   Thumb Code    36  app_tcp.o(i.SendToSub_Water)
    SystemCoreClockUpdate                    0x080015e1   Thumb Code   230  system_ciu32l051.o(i.SystemCoreClockUpdate)
    SystemInit                               0x080016dd   Thumb Code    14  system_ciu32l051.o(i.SystemInit)
    TIM8_IRQHandler                          0x080016fd   Thumb Code    76  tim_bsp.o(i.TIM8_IRQHandler)
    TimFlg_Hand                              0x08001751   Thumb Code   176  tim_bsp.o(i.TimFlg_Hand)
    TimingDelay_Isr                          0x08001811   Thumb Code   174  tim_bsp.o(i.TimingDelay_Isr)
    UART2_IRQHandler                         0x08001a39   Thumb Code   108  usart_bsp.o(i.UART2_IRQHandler)
    UART3_4_IRQHandler                       0x08001ab5   Thumb Code   212  usart_bsp.o(i.UART3_4_IRQHandler)
    USART1_IRQHandler                        0x08001be1   Thumb Code     2  usart_bsp.o(i.USART1_IRQHandler)
    WriteEpData                              0x08001be3   Thumb Code   226  ep24cx_i2c.o(i.WriteEpData)
    __0printf$8                              0x08001cc5   Thumb Code    24  printf8.o(i.__0printf$8)
    __1printf$8                              0x08001cc5   Thumb Code     0  printf8.o(i.__0printf$8)
    __2printf                                0x08001cc5   Thumb Code     0  printf8.o(i.__0printf$8)
    __0sprintf$8                             0x08001ce5   Thumb Code    36  printf8.o(i.__0sprintf$8)
    __1sprintf$8                             0x08001ce5   Thumb Code     0  printf8.o(i.__0sprintf$8)
    __2sprintf                               0x08001ce5   Thumb Code     0  printf8.o(i.__0sprintf$8)
    __scatterload_copy                       0x08001ea5   Thumb Code    14  handlers.o(i.__scatterload_copy)
    __scatterload_null                       0x08001eb3   Thumb Code     2  handlers.o(i.__scatterload_null)
    __scatterload_zeroinit                   0x08001eb5   Thumb Code    14  handlers.o(i.__scatterload_zeroinit)
    bsp_tim4_output_start                    0x08002345   Thumb Code    26  tim_bsp.o(i.bsp_tim4_output_start)
    bsp_tim5_output_start                    0x08002365   Thumb Code    18  tim_bsp.o(i.bsp_tim5_output_start)
    build_FirmVers                           0x0800237d   Thumb Code   172  main.o(i.build_FirmVers)
    exti_init                                0x08002459   Thumb Code   424  exti_bsp.o(i.exti_init)
    fputc                                    0x08002625   Thumb Code    32  usart_bsp.o(i.fputc)
    i2c_gpio_init                            0x08002649   Thumb Code    82  i2c_driver.o(i.i2c_gpio_init)
    iwdg_init                                0x080026a5   Thumb Code    60  main.o(i.iwdg_init)
    led_init                                 0x080026f1   Thumb Code    46  exti_bsp.o(i.led_init)
    main                                     0x08002725   Thumb Code   112  main.o(i.main)
    std_delay_init                           0x08002809   Thumb Code    26  ciu32l051_std.o(i.std_delay_init)
    std_exti_init                            0x0800285d   Thumb Code   374  ciu32l051_std_exti.o(i.std_exti_init)
    std_gpio_init                            0x080029fd   Thumb Code   112  ciu32l051_std_gpio.o(i.std_gpio_init)
    std_rcc_get_hclkfreq                     0x08002b45   Thumb Code    34  ciu32l051_std_rcc.o(i.std_rcc_get_hclkfreq)
    std_rcc_get_pclk1freq                    0x08002b6d   Thumb Code    44  ciu32l051_std_rcc.o(i.std_rcc_get_pclk1freq)
    std_rcc_get_pclk2freq                    0x08002b9d   Thumb Code    44  ciu32l051_std_rcc.o(i.std_rcc_get_pclk2freq)
    std_rcc_get_pllfreq                      0x08002bcd   Thumb Code   106  ciu32l051_std_rcc.o(i.std_rcc_get_pllfreq)
    std_rcc_get_sysclkfreq                   0x08002c45   Thumb Code   104  ciu32l051_std_rcc.o(i.std_rcc_get_sysclkfreq)
    std_tim_init                             0x08002d2d   Thumb Code    72  ciu32l051_std_tim.o(i.std_tim_init)
    std_tim_output_compare_init              0x08002d79   Thumb Code   372  ciu32l051_std_tim.o(i.std_tim_output_compare_init)
    std_usart_baudrate_config                0x08002f05   Thumb Code   156  ciu32l051_std_usart.o(i.std_usart_baudrate_config)
    std_usart_init                           0x08003013   Thumb Code   116  ciu32l051_std_usart.o(i.std_usart_init)
    sys_flg_init                             0x0800308d   Thumb Code    28  app_service.o(i.sys_flg_init)
    system_clock_config                      0x080030b1   Thumb Code   240  common.o(i.system_clock_config)
    tcp_hand                                 0x080031ad   Thumb Code   148  app_tcp.o(i.tcp_hand)
    tim4_out_gpio_init                       0x08003259   Thumb Code    66  tim_bsp.o(i.tim4_out_gpio_init)
    tim4_out_init                            0x0800329d   Thumb Code    94  tim_bsp.o(i.tim4_out_init)
    tim5_out_gpio_init                       0x08003301   Thumb Code    46  tim_bsp.o(i.tim5_out_gpio_init)
    tim5_out_init                            0x08003331   Thumb Code    80  tim_bsp.o(i.tim5_out_init)
    tim8_init                                0x08003385   Thumb Code   106  tim_bsp.o(i.tim8_init)
    uart_gpio_init                           0x08003401   Thumb Code   102  usart_bsp.o(i.uart_gpio_init)
    uart_init                                0x0800346d   Thumb Code   108  usart_bsp.o(i.uart_init)
    usart_init_int                           0x080034e5   Thumb Code    56  usart_bsp.o(i.usart_init_int)
    vi_Power_off                             0x08003529   Thumb Code   166  app_service.o(i.vi_Power_off)
    g_ahb_divider_table                      0x0800368c   Data          32  system_ciu32l051.o(.constdata)
    g_apb_divider_table                      0x080036ac   Data          32  system_ciu32l051.o(.constdata)
    __ctype_categories                       0x080036cc   Data          64  ctype_c.o(.constdata)
    Region$$Table$$Base                      0x0800370c   Number         0  anon$$obj.o(Region$$Table)
    Region$$Table$$Limit                     0x0800372c   Number         0  anon$$obj.o(Region$$Table)
    FirmVers                                 0x20000000   Data          20  main.o(.data)
    rx_ptr                                   0x20000014   Data           4  usart_bsp.o(.data)
    rx_ptr2                                  0x20000018   Data           4  usart_bsp.o(.data)
    rx_ptr3                                  0x2000001c   Data           4  usart_bsp.o(.data)
    rx_ptr4                                  0x20000020   Data           4  usart_bsp.o(.data)
    rx_len                                   0x20000024   Data           4  usart_bsp.o(.data)
    rx_irq_flag                              0x20000028   Data           1  usart_bsp.o(.data)
    g_send_buffer2                           0x20000029   Data           8  usart_bsp.o(.data)
    g_send_buffer4                           0x20000031   Data           8  usart_bsp.o(.data)
    g_enter_cnt                              0x2000003c   Data           4  tim_bsp.o(.data)
    g_ch1_ccx_value                          0x20000040   Data           4  tim_bsp.o(.data)
    g_ch2_ccx_value                          0x20000044   Data           4  tim_bsp.o(.data)
    g_pwm_duty                               0x20000048   Data           4  tim_bsp.o(.data)
    g_pwm_frequency                          0x2000004c   Data           4  tim_bsp.o(.data)
    TimCnt0_1mS                              0x20000060   Data           2  tim_bsp.o(.data)
    TimFlg                                   0x20000062   Data           1  tim_bsp.o(.data)
    TimOut10mS                               0x20000064   Data           6  tim_bsp.o(.data)
    TimOut1S                                 0x2000006a   Data           2  tim_bsp.o(.data)
    g_exti_gpio_flag                         0x2000006c   Data           4  exti_bsp.o(.data)
    ui_wheel_lh_cnt                          0x20000070   Data           2  exti_bsp.o(.data)
    ui_wheel_rh_cnt                          0x20000072   Data           2  exti_bsp.o(.data)
    g_req_spring                             0x20000074   Data           1  exti_bsp.o(.data)
    g_wheel_auto_mode                        0x20000075   Data           1  exti_bsp.o(.data)
    g_app_flag                               0x20000076   Data           2  app_service.o(.data)
    gSysData                                 0x20000084   Data           6  ep24cx_i2c.o(.data)
    SystemCoreClock                          0x20000094   Data           4  system_ciu32l051.o(.data)
    __stdout                                 0x20000098   Data           4  stdout.o(.data)
    UartRxBuf                                0x2000009c   Data          64  usart_bsp.o(.bss)
    UartRxBuf2                               0x200000dc   Data          64  usart_bsp.o(.bss)
    UartRxBuf3                               0x2000011c   Data          64  usart_bsp.o(.bss)
    UartRxBuf4                               0x2000015c   Data          64  usart_bsp.o(.bss)
    TimOut1mS                                0x2000019c   Data          12  tim_bsp.o(.bss)
    __initial_sp                             0x200005f8   Data           0  startup_ciu32l051.o(STACK)



==============================================================================

Memory Map of the image

  Image Entry point : 0x080000c1

  Load Region LR_IROM1 (Base: 0x08000000, Size: 0x000037c8, Max: 0x00010000, ABSOLUTE)

    Execution Region ER_IROM1 (Base: 0x08000000, Size: 0x0000372c, Max: 0x00010000, ABSOLUTE)

    Base Addr    Size         Type   Attr      Idx    E Section Name        Object

    0x08000000   0x000000c0   Data   RO         2132    RESET               startup_ciu32l051.o
    0x080000c0   0x00000000   Code   RO         2137  * .ARM.Collect$$$$00000000  mc_p.l(entry.o)
    0x080000c0   0x00000004   Code   RO         2417    .ARM.Collect$$$$00000001  mc_p.l(entry2.o)
    0x080000c4   0x00000004   Code   RO         2420    .ARM.Collect$$$$00000004  mc_p.l(entry5.o)
    0x080000c8   0x00000000   Code   RO         2422    .ARM.Collect$$$$00000008  mc_p.l(entry7b.o)
    0x080000c8   0x00000000   Code   RO         2424    .ARM.Collect$$$$0000000A  mc_p.l(entry8b.o)
    0x080000c8   0x00000008   Code   RO         2425    .ARM.Collect$$$$0000000B  mc_p.l(entry9a.o)
    0x080000d0   0x00000000   Code   RO         2427    .ARM.Collect$$$$0000000D  mc_p.l(entry10a.o)
    0x080000d0   0x00000000   Code   RO         2429    .ARM.Collect$$$$0000000F  mc_p.l(entry11a.o)
    0x080000d0   0x00000004   Code   RO         2418    .ARM.Collect$$$$00002712  mc_p.l(entry2.o)
    0x080000d4   0x0000001c   Code   RO         2133    .text               startup_ciu32l051.o
    0x080000f0   0x0000002c   Code   RO         2140    .text               mc_p.l(uidiv.o)
    0x0800011c   0x00000028   Code   RO         2142    .text               mc_p.l(idiv.o)
    0x08000144   0x00000060   Code   RO         2144    .text               mc_p.l(uldiv.o)
    0x080001a4   0x00000024   Code   RO         2146    .text               mc_p.l(memseta.o)
    0x080001c8   0x00000028   Code   RO         2148    .text               mc_p.l(strstr.o)
    0x080001f0   0x0000003c   Code   RO         2411    .text               mc_p.l(__0sscanf.o)
    0x0800022c   0x0000014a   Code   RO         2413    .text               mc_p.l(_scanf_int.o)
    0x08000376   0x000000e4   Code   RO         2415    .text               mc_p.l(_scanf_str.o)
    0x0800045a   0x00000020   Code   RO         2432    .text               mc_p.l(llshl.o)
    0x0800047a   0x00000022   Code   RO         2434    .text               mc_p.l(llushr.o)
    0x0800049c   0x0000001e   Code   RO         2436    .text               mc_p.l(_chval.o)
    0x080004ba   0x00000002   PAD
    0x080004bc   0x0000002c   Code   RO         2438    .text               mc_p.l(scanf_char.o)
    0x080004e8   0x00000044   Code   RO         2440    .text               mc_p.l(_sgetc.o)
    0x0800052c   0x00000024   Code   RO         2453    .text               mc_p.l(init.o)
    0x08000550   0x0000000e   Code   RO         2457    .text               mc_p.l(isspace_c.o)
    0x0800055e   0x00000002   PAD
    0x08000560   0x00000334   Code   RO         2459    .text               mc_p.l(_scanf.o)
    0x08000894   0x00000024   Code   RO         2465    .text               mc_p.l(ctype_c.o)
    0x080008b8   0x00000130   Code   RO          704    i.App_OnMotorCmd    app_service.o
    0x080009e8   0x0000001a   Code   RO          842    i.Delay1ms_i2c      i2c_driver.o
    0x08000a02   0x00000002   PAD
    0x08000a04   0x00000064   Code   RO          366    i.Delay_1ms         tim_bsp.o
    0x08000a68   0x00000130   Code   RO          539    i.EXTI4_15_IRQHandler  exti_bsp.o
    0x08000b98   0x00000016   Code   RO          980    i.GetEpromSign      ep24cx_i2c.o
    0x08000bae   0x00000002   PAD
    0x08000bb0   0x0000007c   Code   RO          843    i.I2C_ChkAck        i2c_driver.o
    0x08000c2c   0x00000008   Code   RO          844    i.I2C_Configuration  i2c_driver.o
    0x08000c34   0x0000003c   Code   RO          847    i.I2C_PolledMasterRead  i2c_driver.o
    0x08000c70   0x00000038   Code   RO          848    i.I2C_PolledMasterWrite  i2c_driver.o
    0x08000ca8   0x00000068   Code   RO          849    i.I2C_ReadByte      i2c_driver.o
    0x08000d10   0x0000002c   Code   RO          850    i.I2C_ReadBytes     i2c_driver.o
    0x08000d3c   0x00000038   Code   RO          851    i.I2C_SendAck       i2c_driver.o
    0x08000d74   0x00000066   Code   RO          852    i.I2C_SendAddr      i2c_driver.o
    0x08000dda   0x00000002   PAD
    0x08000ddc   0x00000038   Code   RO          853    i.I2C_SendNoAck     i2c_driver.o
    0x08000e14   0x00000050   Code   RO          854    i.I2C_Start         i2c_driver.o
    0x08000e64   0x00000038   Code   RO          855    i.I2C_Stop          i2c_driver.o
    0x08000e9c   0x00000078   Code   RO          856    i.I2C_WriteByte     i2c_driver.o
    0x08000f14   0x00000024   Code   RO          857    i.I2C_WriteBytes    i2c_driver.o
    0x08000f38   0x00000010   Code   RO          859    i.I2C_delay         i2c_driver.o
    0x08000f48   0x00000024   Code   RO          981    i.InitEprom_SysData  ep24cx_i2c.o
    0x08000f6c   0x00000068   Code   RO          982    i.Init_SysData      ep24cx_i2c.o
    0x08000fd4   0x000000e8   Code   RO          705    i.Input_Hand        app_service.o
    0x080010bc   0x0000014c   Code   RO          617    i.ParseBtCmd        app_tcp.o
    0x08001208   0x00000080   Code   RO          618    i.ParseSubCmd       app_tcp.o
    0x08001288   0x000000a8   Code   RO          706    i.Power_Off         app_service.o
    0x08001330   0x000000d8   Code   RO          707    i.Power_On          app_service.o
    0x08001408   0x000000e2   Code   RO          983    i.ReadEpData        ep24cx_i2c.o
    0x080014ea   0x00000002   PAD
    0x080014ec   0x00000040   Code   RO          860    i.SDA_IO_SET        i2c_driver.o
    0x0800152c   0x00000014   Code   RO          708    i.ScheduleHandle    app_service.o
    0x08001540   0x00000028   Code   RO          619    i.SendToSub_Pwr     app_tcp.o
    0x08001568   0x00000028   Code   RO          621    i.SendToSub_Spring  app_tcp.o
    0x08001590   0x00000028   Code   RO          622    i.SendToSub_State   app_tcp.o
    0x080015b8   0x00000028   Code   RO          623    i.SendToSub_Water   app_tcp.o
    0x080015e0   0x000000fc   Code   RO         2098    i.SystemCoreClockUpdate  system_ciu32l051.o
    0x080016dc   0x00000020   Code   RO         2099    i.SystemInit        system_ciu32l051.o
    0x080016fc   0x00000054   Code   RO          367    i.TIM8_IRQHandler   tim_bsp.o
    0x08001750   0x000000c0   Code   RO          368    i.TimFlg_Hand       tim_bsp.o
    0x08001810   0x000000cc   Code   RO          369    i.TimingDelay_Isr   tim_bsp.o
    0x080018dc   0x000000f8   Code   RO          709    i.Tmr_Hand          app_service.o
    0x080019d4   0x00000064   Code   RO          710    i.Turn_Tmo_Hand     app_service.o
    0x08001a38   0x0000007c   Code   RO          231    i.UART2_IRQHandler  usart_bsp.o
    0x08001ab4   0x000000f0   Code   RO          232    i.UART3_4_IRQHandler  usart_bsp.o
    0x08001ba4   0x0000003c   Code   RO          624    i.UART4_Send_Buf    app_tcp.o
    0x08001be0   0x00000002   Code   RO          233    i.USART1_IRQHandler  usart_bsp.o
    0x08001be2   0x000000e2   Code   RO          985    i.WriteEpData       ep24cx_i2c.o
    0x08001cc4   0x00000020   Code   RO         2357    i.__0printf$8       mc_p.l(printf8.o)
    0x08001ce4   0x00000028   Code   RO         2359    i.__0sprintf$8      mc_p.l(printf8.o)
    0x08001d0c   0x00000018   Code   RO          234    i.__NVIC_EnableIRQ  usart_bsp.o
    0x08001d24   0x00000018   Code   RO          540    i.__NVIC_EnableIRQ  exti_bsp.o
    0x08001d3c   0x00000078   Code   RO          235    i.__NVIC_SetPriority  usart_bsp.o
    0x08001db4   0x00000078   Code   RO          370    i.__NVIC_SetPriority  tim_bsp.o
    0x08001e2c   0x00000078   Code   RO          541    i.__NVIC_SetPriority  exti_bsp.o
    0x08001ea4   0x0000000e   Code   RO         2470    i.__scatterload_copy  mc_p.l(handlers.o)
    0x08001eb2   0x00000002   Code   RO         2471    i.__scatterload_null  mc_p.l(handlers.o)
    0x08001eb4   0x0000000e   Code   RO         2472    i.__scatterload_zeroinit  mc_p.l(handlers.o)
    0x08001ec2   0x00000002   PAD
    0x08001ec4   0x00000428   Code   RO         2364    i._printf_core      mc_p.l(printf8.o)
    0x080022ec   0x00000020   Code   RO         2365    i._printf_post_padding  mc_p.l(printf8.o)
    0x0800230c   0x0000002c   Code   RO         2366    i._printf_pre_padding  mc_p.l(printf8.o)
    0x08002338   0x0000000a   Code   RO         2368    i._sputc            mc_p.l(printf8.o)
    0x08002342   0x00000002   PAD
    0x08002344   0x00000020   Code   RO          372    i.bsp_tim4_output_start  tim_bsp.o
    0x08002364   0x00000018   Code   RO          373    i.bsp_tim5_output_start  tim_bsp.o
    0x0800237c   0x000000dc   Code   RO            4    i.build_FirmVers    main.o
    0x08002458   0x000001b8   Code   RO          542    i.exti_init         exti_bsp.o
    0x08002610   0x00000014   Code   RO          711    i.fan_set_pwm       app_service.o
    0x08002624   0x00000024   Code   RO          236    i.fputc             usart_bsp.o
    0x08002648   0x0000005c   Code   RO          861    i.i2c_gpio_init     i2c_driver.o
    0x080026a4   0x0000004c   Code   RO            5    i.iwdg_init         main.o
    0x080026f0   0x00000034   Code   RO          543    i.led_init          exti_bsp.o
    0x08002724   0x000000c8   Code   RO            6    i.main              main.o
    0x080027ec   0x0000001a   Code   RO          625    i.mydatacpy         app_tcp.o
    0x08002806   0x00000002   PAD
    0x08002808   0x00000020   Code   RO         1048    i.std_delay_init    ciu32l051_std.o
    0x08002828   0x00000014   Code   RO          544    i.std_exti_clear_pending  exti_bsp.o
    0x0800283c   0x00000020   Code   RO          545    i.std_exti_get_pending_status  exti_bsp.o
    0x0800285c   0x0000017c   Code   RO         1320    i.std_exti_init     ciu32l051_std_exti.o
    0x080029d8   0x00000012   Code   RO          712    i.std_gpio_get_input_pin  app_service.o
    0x080029ea   0x00000012   Code   RO          862    i.std_gpio_get_input_pin  i2c_driver.o
    0x080029fc   0x00000070   Code   RO         1417    i.std_gpio_init     ciu32l051_std_gpio.o
    0x08002a6c   0x00000004   Code   RO          546    i.std_gpio_reset_pin  exti_bsp.o
    0x08002a70   0x00000004   Code   RO          713    i.std_gpio_reset_pin  app_service.o
    0x08002a74   0x00000004   Code   RO          863    i.std_gpio_reset_pin  i2c_driver.o
    0x08002a78   0x00000024   Code   RO         1418    i.std_gpio_set_afpin_0_7  ciu32l051_std_gpio.o
    0x08002a9c   0x0000002a   Code   RO         1419    i.std_gpio_set_afpin_8_15  ciu32l051_std_gpio.o
    0x08002ac6   0x00000004   Code   RO          714    i.std_gpio_set_pin  app_service.o
    0x08002aca   0x00000004   Code   RO          864    i.std_gpio_set_pin  i2c_driver.o
    0x08002ace   0x0000001a   Code   RO         1420    i.std_gpio_set_pin_mode  ciu32l051_std_gpio.o
    0x08002ae8   0x00000010   Code   RO         1421    i.std_gpio_set_pin_output_type  ciu32l051_std_gpio.o
    0x08002af8   0x0000001a   Code   RO         1422    i.std_gpio_set_pin_pull  ciu32l051_std_gpio.o
    0x08002b12   0x00000002   PAD
    0x08002b14   0x00000018   Code   RO          237    i.std_rcc_apb1_clk_enable  usart_bsp.o
    0x08002b2c   0x00000018   Code   RO          377    i.std_rcc_apb1_clk_enable  tim_bsp.o
    0x08002b44   0x00000028   Code   RO         1727    i.std_rcc_get_hclkfreq  ciu32l051_std_rcc.o
    0x08002b6c   0x00000030   Code   RO         1728    i.std_rcc_get_pclk1freq  ciu32l051_std_rcc.o
    0x08002b9c   0x00000030   Code   RO         1729    i.std_rcc_get_pclk2freq  ciu32l051_std_rcc.o
    0x08002bcc   0x00000078   Code   RO         1730    i.std_rcc_get_pllfreq  ciu32l051_std_rcc.o
    0x08002c44   0x00000074   Code   RO         1731    i.std_rcc_get_sysclkfreq  ciu32l051_std_rcc.o
    0x08002cb8   0x00000018   Code   RO          238    i.std_rcc_gpio_clk_enable  usart_bsp.o
    0x08002cd0   0x00000018   Code   RO          378    i.std_rcc_gpio_clk_enable  tim_bsp.o
    0x08002ce8   0x00000018   Code   RO          547    i.std_rcc_gpio_clk_enable  exti_bsp.o
    0x08002d00   0x00000010   Code   RO         1928    i.std_tim_ccx_channel_disable  ciu32l051_std_tim.o
    0x08002d10   0x00000010   Code   RO          379    i.std_tim_ccx_channel_enable  tim_bsp.o
    0x08002d20   0x0000000a   Code   RO          380    i.std_tim_enable    tim_bsp.o
    0x08002d2a   0x00000002   PAD
    0x08002d2c   0x0000004c   Code   RO         1930    i.std_tim_init      ciu32l051_std_tim.o
    0x08002d78   0x00000174   Code   RO         1933    i.std_tim_output_compare_init  ciu32l051_std_tim.o
    0x08002eec   0x00000016   Code   RO          715    i.std_tim_set_ccx_value  app_service.o
    0x08002f02   0x00000002   PAD
    0x08002f04   0x000000b0   Code   RO         2035    i.std_usart_baudrate_config  ciu32l051_std_usart.o
    0x08002fb4   0x00000004   Code   RO          239    i.std_usart_clear_flag  usart_bsp.o
    0x08002fb8   0x00000008   Code   RO          240    i.std_usart_cr1_interrupt_enable  usart_bsp.o
    0x08002fc0   0x0000000a   Code   RO          241    i.std_usart_enable  usart_bsp.o
    0x08002fca   0x00000012   Code   RO          242    i.std_usart_get_cr1_interrupt_enable  usart_bsp.o
    0x08002fdc   0x00000012   Code   RO          243    i.std_usart_get_cr3_interrupt_enable  usart_bsp.o
    0x08002fee   0x00000012   Code   RO          244    i.std_usart_get_flag  usart_bsp.o
    0x08003000   0x00000012   Code   RO          626    i.std_usart_get_flag  app_tcp.o
    0x08003012   0x00000074   Code   RO         2037    i.std_usart_init    ciu32l051_std_usart.o
    0x08003086   0x00000004   Code   RO          245    i.std_usart_tx_write_data  usart_bsp.o
    0x0800308a   0x00000002   PAD
    0x0800308c   0x00000024   Code   RO          716    i.sys_flg_init      app_service.o
    0x080030b0   0x000000fc   Code   RO          200    i.system_clock_config  common.o
    0x080031ac   0x000000ac   Code   RO          627    i.tcp_hand          app_tcp.o
    0x08003258   0x00000042   Code   RO          383    i.tim4_out_gpio_init  tim_bsp.o
    0x0800329a   0x00000002   PAD
    0x0800329c   0x00000064   Code   RO          384    i.tim4_out_init     tim_bsp.o
    0x08003300   0x0000002e   Code   RO          385    i.tim5_out_gpio_init  tim_bsp.o
    0x0800332e   0x00000002   PAD
    0x08003330   0x00000054   Code   RO          386    i.tim5_out_init     tim_bsp.o
    0x08003384   0x0000007c   Code   RO          387    i.tim8_init         tim_bsp.o
    0x08003400   0x0000006c   Code   RO          247    i.uart_gpio_init    usart_bsp.o
    0x0800346c   0x00000078   Code   RO          248    i.uart_init         usart_bsp.o
    0x080034e4   0x00000044   Code   RO          249    i.usart_init_int    usart_bsp.o
    0x08003528   0x000000b0   Code   RO          717    i.vi_Power_off      app_service.o
    0x080035d8   0x00000014   Code   RO          718    i.wheel_left_backward  app_service.o
    0x080035ec   0x00000014   Code   RO          719    i.wheel_left_forward  app_service.o
    0x08003600   0x00000014   Code   RO          720    i.wheel_right_backward  app_service.o
    0x08003614   0x00000014   Code   RO          721    i.wheel_right_forward  app_service.o
    0x08003628   0x0000000c   Code   RO          722    i.wheel_set_forward  app_service.o
    0x08003634   0x0000000c   Code   RO          723    i.wheel_set_turn_left  app_service.o
    0x08003640   0x0000000c   Code   RO          724    i.wheel_set_turn_right  app_service.o
    0x0800364c   0x0000003d   Data   RO            7    .constdata          main.o
    0x08003689   0x00000003   PAD
    0x0800368c   0x00000040   Data   RO         2100    .constdata          system_ciu32l051.o
    0x080036cc   0x00000040   Data   RO         2466    .constdata          mc_p.l(ctype_c.o)
    0x0800370c   0x00000020   Data   RO         2468    Region$$Table       anon$$obj.o


    Execution Region RW_IRAM1 (Base: 0x20000000, Size: 0x000005f8, Max: 0x00004000, ABSOLUTE)

    Base Addr    Size         Type   Attr      Idx    E Section Name        Object

    0x20000000   0x00000014   Data   RW            8    .data               main.o
    0x20000014   0x00000025   Data   RW          252    .data               usart_bsp.o
    0x20000039   0x00000003   PAD
    0x2000003c   0x00000030   Data   RW          390    .data               tim_bsp.o
    0x2000006c   0x0000000a   Data   RW          549    .data               exti_bsp.o
    0x20000076   0x0000000d   Data   RW          726    .data               app_service.o
    0x20000083   0x00000001   PAD
    0x20000084   0x00000010   Data   RW          988    .data               ep24cx_i2c.o
    0x20000094   0x00000004   Data   RW         2101    .data               system_ciu32l051.o
    0x20000098   0x00000004   Data   RW         2431    .data               mc_p.l(stdout.o)
    0x2000009c   0x00000100   Zero   RW          250    .bss                usart_bsp.o
    0x2000019c   0x0000000c   Zero   RW          388    .bss                tim_bsp.o
    0x200001a8   0x00000050   Zero   RW          628    .bss                app_tcp.o
    0x200001f8   0x00000400   Zero   RW         2130    STACK               startup_ciu32l051.o


==============================================================================

Image component sizes


      Code (inc. data)   RO Data    RW Data    ZI Data      Debug   Object Name

      1684        202          0         13          0      26808   app_service.o
       896         66          0          0         80      16026   app_tcp.o
        32          6          0          0          0        473   ciu32l051_std.o
       380          6          0          0          0       4828   ciu32l051_std_exti.o
       258          0          0          0          0       8372   ciu32l051_std_gpio.o
       372         40          0          0          0      19034   ciu32l051_std_rcc.o
       464          4          0          0          0      15993   ciu32l051_std_tim.o
       292         20          0          0          0      11989   ciu32l051_std_usart.o
       252         12          0          0          0      20678   common.o
       614         22          0         16          0       4753   ep24cx_i2c.o
      1020         80          0         10          0      28607   exti_bsp.o
      1126         44          0          0          0      11059   i2c_driver.o
       496        152         61         20          0     210470   main.o
        28          8        192          0       1024        588   startup_ciu32l051.o
       284         40         64          4          0       2308   system_ciu32l051.o
      1250        128          0         48         12      37070   tim_bsp.o
       970        106          0         37        256      42667   usart_bsp.o

    ----------------------------------------------------------------------
     10440        936        352        152       1372     461723   Object Totals
         0          0         32          0          0          0   (incl. Generated)
        22          0          3          4          0          0   (incl. Padding)

    ----------------------------------------------------------------------

      Code (inc. data)   RO Data    RW Data    ZI Data      Debug   Library Member Name

        60         10          0          0          0         84   __0sscanf.o
        30          0          0          0          0         60   _chval.o
       820         14          0          0          0         84   _scanf.o
       330          0          0          0          0         84   _scanf_int.o
       228          0          0          0          0         84   _scanf_str.o
        68          0          0          0          0         76   _sgetc.o
        36          4         64          0          0         60   ctype_c.o
         0          0          0          0          0          0   entry.o
         0          0          0          0          0          0   entry10a.o
         0          0          0          0          0          0   entry11a.o
         8          4          0          0          0          0   entry2.o
         4          0          0          0          0          0   entry5.o
         0          0          0          0          0          0   entry7b.o
         0          0          0          0          0          0   entry8b.o
         8          4          0          0          0          0   entry9a.o
        30          0          0          0          0          0   handlers.o
        40          0          0          0          0         72   idiv.o
        36          8          0          0          0         68   init.o
        14          0          0          0          0         68   isspace_c.o
        32          0          0          0          0         68   llshl.o
        34          0          0          0          0         68   llushr.o
        36          0          0          0          0        100   memseta.o
      1222         56          0          0          0        468   printf8.o
        44          8          0          0          0         84   scanf_char.o
         0          0          0          4          0          0   stdout.o
        40          0          0          0          0         72   strstr.o
        44          0          0          0          0         72   uidiv.o
        96          0          0          0          0         84   uldiv.o

    ----------------------------------------------------------------------
      3268        108         64          4          0       1756   Library Totals
         8          0          0          0          0          0   (incl. Padding)

    ----------------------------------------------------------------------

      Code (inc. data)   RO Data    RW Data    ZI Data      Debug   Library Name

      3260        108         64          4          0       1756   mc_p.l

    ----------------------------------------------------------------------
      3268        108         64          4          0       1756   Library Totals

    ----------------------------------------------------------------------

==============================================================================


      Code (inc. data)   RO Data    RW Data    ZI Data      Debug   

     13708       1044        416        156       1372     457427   Grand Totals
     13708       1044        416        156       1372     457427   ELF Image Totals
     13708       1044        416        156          0          0   ROM Totals

==============================================================================

    Total RO  Size (Code + RO Data)                14124 (  13.79kB)
    Total RW  Size (RW Data + ZI Data)              1528 (   1.49kB)
    Total ROM Size (Code + RO Data + RW Data)      14280 (  13.95kB)

==============================================================================

