Product: MDK-ARM Standard 5.10
Component: ARM Compiler 5.04 update 1 (build 49)
Tool: armlink [5040049]

==============================================================================

Section Cross References

    main.o(i.PrintData2) refers to printf8.o(i.__0printf$8) for __2printf
    main.o(i.build_FirmVers) refers to _scanf_int.o(.text) for _scanf_int
    main.o(i.build_FirmVers) refers to _scanf_str.o(.text) for _scanf_string
    main.o(i.build_FirmVers) refers to printf8.o(i.__0sprintf$8) for __2sprintf
    main.o(i.build_FirmVers) refers to __0sscanf.o(.text) for __0sscanf
    main.o(i.build_FirmVers) refers to strstr.o(.text) for strstr
    main.o(i.build_FirmVers) refers to idiv.o(.text) for __aeabi_idivmod
    main.o(i.build_FirmVers) refers to printf8.o(i.__0printf$8) for __2printf
    main.o(i.build_FirmVers) refers to main.o(.constdata) for month_names
    main.o(i.build_FirmVers) refers to main.o(.data) for FirmVers
    main.o(i.main) refers to common.o(i.system_clock_config) for system_clock_config
    main.o(i.main) refers to usart_bsp.o(i.uart_gpio_init) for uart_gpio_init
    main.o(i.main) refers to usart_bsp.o(i.uart_init) for uart_init
    main.o(i.main) refers to usart_bsp.o(i.usart_init_int) for usart_init_int
    main.o(i.main) refers to printf8.o(i.__0printf$8) for __2printf
    main.o(i.main) refers to main.o(i.build_FirmVers) for build_FirmVers
    main.o(i.main) refers to exti_bsp.o(i.led_init) for led_init
    main.o(i.main) refers to ciu32l051_std.o(i.std_delay_init) for std_delay_init
    main.o(i.main) refers to exti_bsp.o(i.exti_init) for exti_init
    main.o(i.main) refers to tim_bsp.o(i.bsp_rcc_mco_config) for bsp_rcc_mco_config
    main.o(i.main) refers to tim_bsp.o(i.tim3_in_gpio_init) for tim3_in_gpio_init
    main.o(i.main) refers to tim_bsp.o(i.tim3_in_init) for tim3_in_init
    main.o(i.main) refers to tim_bsp.o(i.bsp_tim3_capture_start) for bsp_tim3_capture_start
    main.o(i.main) refers to tim_bsp.o(i.tim4_out_gpio_init) for tim4_out_gpio_init
    main.o(i.main) refers to tim_bsp.o(i.tim4_out_init) for tim4_out_init
    main.o(i.main) refers to tim_bsp.o(i.bsp_tim4_output_start) for bsp_tim4_output_start
    main.o(i.main) refers to tim_bsp.o(i.tim5_out_gpio_init) for tim5_out_gpio_init
    main.o(i.main) refers to tim_bsp.o(i.tim5_out_init) for tim5_out_init
    main.o(i.main) refers to tim_bsp.o(i.bsp_tim5_output_start) for bsp_tim5_output_start
    main.o(i.main) refers to main.o(i.iwdg_init) for iwdg_init
    main.o(i.main) refers to usart_bsp.o(i.tcp_hand) for tcp_hand
    main.o(i.main) refers to tim_bsp.o(i.Pwm_in_hand) for Pwm_in_hand
    main.o(i.main) refers to exti_bsp.o(i.Exit_Hand) for Exit_Hand
    common.o(i.system_clock_config) refers to system_ciu32l051.o(i.SystemCoreClockUpdate) for SystemCoreClockUpdate
    usart_bsp.o(i.UART2_IRQHandler) refers to usart_bsp.o(i.std_usart_get_cr1_interrupt_enable) for std_usart_get_cr1_interrupt_enable
    usart_bsp.o(i.UART2_IRQHandler) refers to usart_bsp.o(i.std_usart_get_cr3_interrupt_enable) for std_usart_get_cr3_interrupt_enable
    usart_bsp.o(i.UART2_IRQHandler) refers to usart_bsp.o(i.std_usart_get_flag) for std_usart_get_flag
    usart_bsp.o(i.UART2_IRQHandler) refers to usart_bsp.o(i.std_usart_clear_flag) for std_usart_clear_flag
    usart_bsp.o(i.UART2_IRQHandler) refers to usart_bsp.o(i.std_usart_rx_read_data) for std_usart_rx_read_data
    usart_bsp.o(i.UART2_IRQHandler) refers to usart_bsp.o(.data) for rx_ptr2
    usart_bsp.o(i.UART2_IRQHandler) refers to usart_bsp.o(.bss) for UartRxBuf2
    usart_bsp.o(i.UART3_4_IRQHandler) refers to usart_bsp.o(i.std_usart_get_cr1_interrupt_enable) for std_usart_get_cr1_interrupt_enable
    usart_bsp.o(i.UART3_4_IRQHandler) refers to usart_bsp.o(i.std_usart_get_cr3_interrupt_enable) for std_usart_get_cr3_interrupt_enable
    usart_bsp.o(i.UART3_4_IRQHandler) refers to usart_bsp.o(i.std_usart_get_flag) for std_usart_get_flag
    usart_bsp.o(i.UART3_4_IRQHandler) refers to usart_bsp.o(i.std_usart_clear_flag) for std_usart_clear_flag
    usart_bsp.o(i.UART3_4_IRQHandler) refers to usart_bsp.o(i.std_usart_rx_read_data) for std_usart_rx_read_data
    usart_bsp.o(i.UART3_4_IRQHandler) refers to usart_bsp.o(.data) for rx_ptr3
    usart_bsp.o(i.UART3_4_IRQHandler) refers to usart_bsp.o(.bss) for UartRxBuf3
    usart_bsp.o(i.USART1_IRQHandler) refers to usart_bsp.o(i.std_usart_get_cr1_interrupt_enable) for std_usart_get_cr1_interrupt_enable
    usart_bsp.o(i.USART1_IRQHandler) refers to usart_bsp.o(i.std_usart_get_cr3_interrupt_enable) for std_usart_get_cr3_interrupt_enable
    usart_bsp.o(i.USART1_IRQHandler) refers to usart_bsp.o(i.std_usart_get_flag) for std_usart_get_flag
    usart_bsp.o(i.USART1_IRQHandler) refers to usart_bsp.o(i.std_usart_clear_flag) for std_usart_clear_flag
    usart_bsp.o(i.USART1_IRQHandler) refers to usart_bsp.o(i.std_usart_rx_read_data) for std_usart_rx_read_data
    usart_bsp.o(i.USART1_IRQHandler) refers to usart_bsp.o(.data) for rx_ptr
[...]
    printf2.o(i.__0vsprintf$2) refers to printf2.o(i._printf_core) for _printf_core
    printf2.o(i.__0vsprintf$2) refers to printf2.o(i._sputc) for _sputc
    printf3.o(i.__0fprintf$3) refers to printf3.o(i._printf_core) for _printf_core
    printf3.o(i.__0fprintf$3) refers to usart_bsp.o(i.fputc) for fputc
    printf3.o(i.__0printf$3) refers to printf3.o(i._printf_core) for _printf_core
    printf3.o(i.__0printf$3) refers to usart_bsp.o(i.fputc) for fputc
    printf3.o(i.__0printf$3) refers to stdout.o(.data) for __stdout
    printf3.o(i.__0snprintf$3) refers to printf3.o(i._printf_core) for _printf_core
    printf3.o(i.__0snprintf$3) refers to printf3.o(i._snputc) for _snputc
    printf3.o(i.__0sprintf$3) refers to printf3.o(i._printf_core) for _printf_core
    printf3.o(i.__0sprintf$3) refers to printf3.o(i._sputc) for _sputc
    printf3.o(i.__0vfprintf$3) refers to printf3.o(i._printf_core) for _printf_core
    printf3.o(i.__0vfprintf$3) refers to usart_bsp.o(i.fputc) for fputc
    printf3.o(i.__0vprintf$3) refers to printf3.o(i._printf_core) for _printf_core
    printf3.o(i.__0vprintf$3) refers to usart_bsp.o(i.fputc) for fputc
    printf3.o(i.__0vprintf$3) refers to stdout.o(.data) for __stdout
    printf3.o(i.__0vsnprintf$3) refers to printf3.o(i._printf_core) for _printf_core
    printf3.o(i.__0vsnprintf$3) refers to printf3.o(i._snputc) for _snputc
    printf3.o(i.__0vsprintf$3) refers to printf3.o(i._printf_core) for _printf_core
    printf3.o(i.__0vsprintf$3) refers to printf3.o(i._sputc) for _sputc
    printf3.o(i._printf_core) refers to uidiv.o(.text) for __aeabi_uidivmod
    printf4.o(i.__0fprintf$4) refers to printf4.o(i._printf_core) for _printf_core
    printf4.o(i.__0fprintf$4) refers to usart_bsp.o(i.fputc) for fputc
    printf4.o(i.__0printf$4) refers to printf4.o(i._printf_core) for _printf_core
    printf4.o(i.__0printf$4) refers to usart_bsp.o(i.fputc) for fputc
    printf4.o(i.__0printf$4) refers to stdout.o(.data) for __stdout
    printf4.o(i.__0snprintf$4) refers to printf4.o(i._printf_core) for _printf_core
    printf4.o(i.__0snprintf$4) refers to printf4.o(i._snputc) for _snputc
    printf4.o(i.__0sprintf$4) refers to printf4.o(i._printf_core) for _printf_core
    printf4.o(i.__0sprintf$4) refers to printf4.o(i._sputc) for _sputc
    printf4.o(i.__0vfprintf$4) refers to printf4.o(i._printf_core) for _printf_core
    printf4.o(i.__0vfprintf$4) refers to usart_bsp.o(i.fputc) for fputc
    printf4.o(i.__0vprintf$4) refers to printf4.o(i._printf_core) for _printf_core
    printf4.o(i.__0vprintf$4) refers to usart_bsp.o(i.fputc) for fputc
    printf4.o(i.__0vprintf$4) refers to stdout.o(.data) for __stdout
    printf4.o(i.__0vsnprintf$4) refers to printf4.o(i._printf_core) for _printf_core
    printf4.o(i.__0vsnprintf$4) refers to printf4.o(i._snputc) for _snputc
    printf4.o(i.__0vsprintf$4) refers to printf4.o(i._printf_core) for _printf_core
    printf4.o(i.__0vsprintf$4) refers to printf4.o(i._sputc) for _sputc
    printf4.o(i._printf_core) refers to uldiv.o(.text) for __aeabi_uldivmod
    printf5.o(i.__0fprintf$5) refers to printf5.o(i._printf_core) for _printf_core
    printf5.o(i.__0fprintf$5) refers to usart_bsp.o(i.fputc) for fputc
    printf5.o(i.__0printf$5) refers to printf5.o(i._printf_core) for _printf_core
    printf5.o(i.__0printf$5) refers to usart_bsp.o(i.fputc) for fputc
    printf5.o(i.__0printf$5) refers to stdout.o(.data) for __stdout
    printf5.o(i.__0snprintf$5) refers to printf5.o(i._printf_core) for _printf_core
    printf5.o(i.__0snprintf$5) refers to printf5.o(i._snputc) for _snputc
    printf5.o(i.__0sprintf$5) refers to printf5.o(i._printf_core) for _printf_core
    printf5.o(i.__0sprintf$5) refers to printf5.o(i._sputc) for _sputc
    printf5.o(i.__0vfprintf$5) refers to printf5.o(i._printf_core) for _printf_core
    printf5.o(i.__0vfprintf$5) refers to usart_bsp.o(i.fputc) for fputc
    printf5.o(i.__0vprintf$5) refers to printf5.o(i._printf_core) for _printf_core
    printf5.o(i.__0vprintf$5) refers to usart_bsp.o(i.fputc) for fputc
    printf5.o(i.__0vprintf$5) refers to stdout.o(.data) for __stdout
    printf5.o(i.__0vsnprintf$5) refers to printf5.o(i._printf_core) for _printf_core
    printf5.o(i.__0vsnprintf$5) refers to printf5.o(i._snputc) for _snputc
    printf5.o(i.__0vsprintf$5) refers to printf5.o(i._printf_core) for _printf_core
    printf5.o(i.__0vsprintf$5) refers to printf5.o(i._sputc) for _sputc
    printf5.o(i._printf_core) refers to uldiv.o(.text) for __aeabi_uldivmod
    printf6.o(i.__0fprintf$6) refers to printf6.o(i._printf_core) for _printf_core
    printf6.o(i.__0fprintf$6) refers to usart_bsp.o(i.fputc) for fputc
    printf6.o(i.__0printf$6) refers to printf6.o(i._printf_core) for _printf_core
    printf6.o(i.__0printf$6) refers to usart_bsp.o(i.fputc) for fputc
    printf6.o(i.__0printf$6) refers to stdout.o(.data) for __stdout
    printf6.o(i.__0snprintf$6) refers to printf6.o(i._printf_core) for _printf_core
    printf6.o(i.__0snprintf$6) refers to printf6.o(i._snputc) for _snputc
    printf6.o(i.__0sprintf$6) refers to printf6.o(i._printf_core) for _printf_core
    printf6.o(i.__0sprintf$6) refers to printf6.o(i._sputc) for _sputc
    printf6.o(i.__0vfprintf$6) refers to printf6.o(i._printf_core) for _printf_core
    printf6.o(i.__0vfprintf$6) refers to usart_bsp.o(i.fputc) for fputc
    printf6.o(i.__0vprintf$6) refers to printf6.o(i._printf_core) for _printf_core
    printf6.o(i.__0vprintf$6) refers to usart_bsp.o(i.fputc) for fputc
    printf6.o(i.__0vprintf$6) refers to stdout.o(.data) for __stdout
    printf6.o(i.__0vsnprintf$6) refers to printf6.o(i._printf_core) for _printf_core
    printf6.o(i.__0vsnprintf$6) refers to printf6.o(i._snputc) for _snputc
    printf6.o(i.__0vsprintf$6) refers to printf6.o(i._printf_core) for _printf_core
    printf6.o(i.__0vsprintf$6) refers to printf6.o(i._sputc) for _sputc
    printf6.o(i._printf_core) refers to printf6.o(i._printf_pre_padding) for _printf_pre_padding
    printf6.o(i._printf_core) refers to printf6.o(i._printf_post_padding) for _printf_post_padding
    printf6.o(i._printf_core) refers to uidiv.o(.text) for __aeabi_uidivmod
    printf7.o(i.__0fprintf$7) refers to printf7.o(i._printf_core) for _printf_core
    printf7.o(i.__0fprintf$7) refers to usart_bsp.o(i.fputc) for fputc
    printf7.o(i.__0printf$7) refers to printf7.o(i._printf_core) for _printf_core
    printf7.o(i.__0printf$7) refers to usart_bsp.o(i.fputc) for fputc
    printf7.o(i.__0printf$7) refers to stdout.o(.data) for __stdout
    printf7.o(i.__0snprintf$7) refers to printf7.o(i._printf_core) for _printf_core
    printf7.o(i.__0snprintf$7) refers to printf7.o(i._snputc) for _snputc
    printf7.o(i.__0sprintf$7) refers to printf7.o(i._printf_core) for _printf_core
    printf7.o(i.__0sprintf$7) refers to printf7.o(i._sputc) for _sputc
    printf7.o(i.__0vfprintf$7) refers to printf7.o(i._printf_core) for _printf_core
    printf7.o(i.__0vfprintf$7) refers to usart_bsp.o(i.fputc) for fputc
    printf7.o(i.__0vprintf$7) refers to printf7.o(i._printf_core) for _printf_core
    printf7.o(i.__0vprintf$7) refers to usart_bsp.o(i.fputc) for fputc
    printf7.o(i.__0vprintf$7) refers to stdout.o(.data) for __stdout
    printf7.o(i.__0vsnprintf$7) refers to printf7.o(i._printf_core) for _printf_core
    printf7.o(i.__0vsnprintf$7) refers to printf7.o(i._snputc) for _snputc
    printf7.o(i.__0vsprintf$7) refers to printf7.o(i._printf_core) for _printf_core
    printf7.o(i.__0vsprintf$7) refers to printf7.o(i._sputc) for _sputc
    printf7.o(i._printf_core) refers to printf7.o(i._printf_pre_padding) for _printf_pre_padding
    printf7.o(i._printf_core) refers to printf7.o(i._printf_post_padding) for _printf_post_padding
    printf7.o(i._printf_core) refers to uldiv.o(.text) for __aeabi_uldivmod
    printf8.o(i.__0fprintf$8) refers to printf8.o(i._printf_core) for _printf_core
    printf8.o(i.__0fprintf$8) refers to usart_bsp.o(i.fputc) for fputc
    printf8.o(i.__0printf$8) refers to printf8.o(i._printf_core) for _printf_core
    printf8.o(i.__0printf$8) refers to usart_bsp.o(i.fputc) for fputc
    printf8.o(i.__0printf$8) refers to stdout.o(.data) for __stdout
    printf8.o(i.__0snprintf$8) refers to printf8.o(i._printf_core) for _printf_core
    printf8.o(i.__0snprintf$8) refers to printf8.o(i._snputc) for _snputc
    printf8.o(i.__0sprintf$8) refers to printf8.o(i._printf_core) for _printf_core
    printf8.o(i.__0sprintf$8) refers to printf8.o(i._sputc) for _sputc
    printf8.o(i.__0vfprintf$8) refers to printf8.o(i._printf_core) for _printf_core
    printf8.o(i.__0vfprintf$8) refers to usart_bsp.o(i.fputc) for fputc
    printf8.o(i.__0vprintf$8) refers to printf8.o(i._printf_core) for _printf_core
    printf8.o(i.__0vprintf$8) refers to usart_bsp.o(i.fputc) for fputc
    printf8.o(i.__0vprintf$8) refers to stdout.o(.data) for __stdout
    printf8.o(i.__0vsnprintf$8) refers to printf8.o(i._printf_core) for _printf_core
    printf8.o(i.__0vsnprintf$8) refers to printf8.o(i._snputc) for _snputc
    printf8.o(i.__0vsprintf$8) refers to printf8.o(i._printf_core) for _printf_core
    printf8.o(i.__0vsprintf$8) refers to printf8.o(i._sputc) for _sputc
    printf8.o(i._printf_core) refers to printf8.o(i._printf_pre_padding) for _printf_pre_padding
    printf8.o(i._printf_core) refers to printf8.o(i._printf_post_padding) for _printf_post_padding
    printf8.o(i._printf_core) refers to uldiv.o(.text) for __aeabi_uldivmod
    printfa.o(i.__0fprintf) refers (Special) to iusefp.o(.text) for __I$use$fp
    printfa.o(i.__0fprintf) refers to printfa.o(i._printf_core) for _printf_core
    printfa.o(i.__0fprintf) refers to usart_bsp.o(i.fputc) for fputc
    printfa.o(i.__0printf) refers (Special) to iusefp.o(.text) for __I$use$fp
    printfa.o(i.__0printf) refers to printfa.o(i._printf_core) for _printf_core
    printfa.o(i.__0printf) refers to usart_bsp.o(i.fputc) for fputc
    printfa.o(i.__0printf) refers to stdout.o(.data) for __stdout
    printfa.o(i.__0snprintf) refers (Special) to iusefp.o(.text) for __I$use$fp
    printfa.o(i.__0snprintf) refers to printfa.o(i._printf_core) for _printf_core
    printfa.o(i.__0snprintf) refers to printfa.o(i._snputc) for _snputc
    printfa.o(i.__0sprintf) refers (Special) to iusefp.o(.text) for __I$use$fp
    printfa.o(i.__0sprintf) refers to printfa.o(i._printf_core) for _printf_core
    printfa.o(i.__0sprintf) refers to printfa.o(i._sputc) for _sputc
    printfa.o(i.__0vfprintf) refers (Special) to iusefp.o(.text) for __I$use$fp
    printfa.o(i.__0vfprintf) refers to printfa.o(i._printf_core) for _printf_core
    printfa.o(i.__0vfprintf) refers to usart_bsp.o(i.fputc) for fputc
    printfa.o(i.__0vprintf) refers (Special) to iusefp.o(.text) for __I$use$fp
    printfa.o(i.__0vprintf) refers to printfa.o(i._printf_core) for _printf_core
    printfa.o(i.__0vprintf) refers to usart_bsp.o(i.fputc) for fputc
    printfa.o(i.__0vprintf) refers to stdout.o(.data) for __stdout
    printfa.o(i.__0vsnprintf) refers (Special) to iusefp.o(.text) for __I$use$fp
    printfa.o(i.__0vsnprintf) refers to printfa.o(i._printf_core) for _printf_core
    printfa.o(i.__0vsnprintf) refers to printfa.o(i._snputc) for _snputc
    printfa.o(i.__0vsprintf) refers (Special) to iusefp.o(.text) for __I$use$fp
    printfa.o(i.__0vsprintf) refers to printfa.o(i._printf_core) for _printf_core
    printfa.o(i.__0vsprintf) refers to printfa.o(i._sputc) for _sputc
    printfa.o(i._fp_digits) refers (Special) to iusefp.o(.text) for __I$use$fp
    printfa.o(i._fp_digits) refers to dmul.o(.text) for __aeabi_dmul
    printfa.o(i._fp_digits) refers to ddiv.o(.text) for __aeabi_ddiv
    printfa.o(i._fp_digits) refers to cdrcmple.o(.text) for __aeabi_cdrcmple
    printfa.o(i._fp_digits) refers to dadd.o(.text) for __aeabi_dadd
    printfa.o(i._fp_digits) refers to dfixul.o(.text) for __aeabi_d2ulz
    printfa.o(i._fp_digits) refers to uldiv.o(.text) for __aeabi_uldivmod
    printfa.o(i._printf_core) refers (Special) to iusefp.o(.text) for __I$use$fp
    printfa.o(i._printf_core) refers to printfa.o(i._printf_pre_padding) for _printf_pre_padding
    printfa.o(i._printf_core) refers to uldiv.o(.text) for __aeabi_uldivmod
    printfa.o(i._printf_core) refers to printfa.o(i._printf_post_padding) for _printf_post_padding
    printfa.o(i._printf_core) refers to printfa.o(i._fp_digits) for _fp_digits
    printfa.o(i._printf_core) refers to uidiv.o(.text) for __aeabi_uidivmod
    printfa.o(i._printf_post_padding) refers (Special) to iusefp.o(.text) for __I$use$fp
    printfa.o(i._printf_pre_padding) refers (Special) to iusefp.o(.text) for __I$use$fp
    printfa.o(i._snputc) refers (Special) to iusefp.o(.text) for __I$use$fp
    printfa.o(i._sputc) refers (Special) to iusefp.o(.text) for __I$use$fp
    __0sscanf.o(.text) refers to scanf_char.o(.text) for __vfscanf_char
    __0sscanf.o(.text) refers to _sgetc.o(.text) for _sgetc
    _scanf_int.o(.text) refers to _chval.o(.text) for _chval
    entry2.o(.ARM.Collect$$$$00000001) refers to entry2.o(.ARM.Collect$$$$00002712) for __lit__00000000
    entry2.o(.ARM.Collect$$$$00002712) refers to startup_ciu32l051.o(STACK) for __initial_sp
    entry2.o(__vectab_stack_and_reset_area) refers to startup_ciu32l051.o(STACK) for __initial_sp
    entry2.o(__vectab_stack_and_reset_area) refers to entry.o(.ARM.Collect$$$$00000000) for __main
    entry5.o(.ARM.Collect$$$$00000004) refers to init.o(.text) for __scatterload
    entry9a.o(.ARM.Collect$$$$0000000B) refers to main.o(i.main) for main
    entry9b.o(.ARM.Collect$$$$0000000C) refers to main.o(i.main) for main
    scanf_char.o(.text) refers to _scanf.o(.text) for __vfscanf
    scanf_char.o(.text) refers to isspace_c.o(.text) for isspace
    dadd.o(.text) refers to llshl.o(.text) for __aeabi_llsl
    dadd.o(.text) refers to llsshr.o(.text) for __aeabi_lasr
    dadd.o(.text) refers to depilogue.o(.text) for _double_epilogue
    dmul.o(.text) refers to depilogue.o(.text) for _double_epilogue
    ddiv.o(.text) refers to depilogue.o(.text) for _double_round
    dfixul.o(.text) refers to llushr.o(.text) for __aeabi_llsr
    dfixul.o(.text) refers to llshl.o(.text) for __aeabi_llsl
    init.o(.text) refers to entry5.o(.ARM.Collect$$$$00000004) for __main_after_scatterload
    isspace_c.o(.text) refers to ctype_c.o(.text) for __ctype_lookup
    _scanf.o(.text) refers (Weak) to _scanf_int.o(.text) for _scanf_int
    _scanf.o(.text) refers (Weak) to _scanf_str.o(.text) for _scanf_string
    depilogue.o(.text) refers to depilogue.o(i.__ARM_clz) for __ARM_clz
    depilogue.o(.text) refers to llshl.o(.text) for __aeabi_llsl
    depilogue.o(.text) refers to llushr.o(.text) for __aeabi_llsr
    ctype_c.o(.text) refers to ctype_c.o(.constdata) for .constdata


==============================================================================

Removing Unused input sections from the image.

    Removing main.o(.rev16_text), (4 bytes).
    Removing main.o(.revsh_text), (4 bytes).
    Removing main.o(i.PrintData2), (48 bytes).
    Removing common.o(.rev16_text), (4 bytes).
    Removing common.o(.revsh_text), (4 bytes).
    Removing common.o(.constdata), (24 bytes).
    Removing usart_bsp.o(.rev16_text), (4 bytes).
    Removing usart_bsp.o(.revsh_text), (4 bytes).
    Removing usart_bsp.o(i.uart2_4_test), (108 bytes).
    Removing usart_bsp.o(.constdata), (24 bytes).
    Removing tim_bsp.o(.rev16_text), (4 bytes).
    Removing tim_bsp.o(.revsh_text), (4 bytes).
    Removing tim_bsp.o(i.bsp_tim3_output_start), (48 bytes).
    Removing tim_bsp.o(i.tim3_out_gpio_init), (88 bytes).
    Removing tim_bsp.o(i.tim3_out_init), (128 bytes).
    Removing tim_bsp.o(.constdata), (24 bytes).
    Removing exti_bsp.o(.rev16_text), (4 bytes).
    Removing exti_bsp.o(.revsh_text), (4 bytes).
    Removing exti_bsp.o(.constdata), (24 bytes).
    Removing ciu32l051_std.o(.rev16_text), (4 bytes).
    Removing ciu32l051_std.o(.revsh_text), (4 bytes).
    Removing ciu32l051_std.o(i.std_delay_end), (20 bytes).
    Removing ciu32l051_std.o(i.std_delayms), (24 bytes).
    Removing ciu32l051_std.o(i.std_delayms_start), (18 bytes).
    Removing ciu32l051_std.o(i.std_delayus), (68 bytes).
    Removing ciu32l051_std.o(i.std_delayus_start), (56 bytes).
    Removing ciu32l051_std.o(.constdata), (24 bytes).
    Removing ciu32l051_std_adc.o(.rev16_text), (4 bytes).
    Removing ciu32l051_std_adc.o(.revsh_text), (4 bytes).
    Removing ciu32l051_std_adc.o(i.std_adc_deinit), (56 bytes).
    Removing ciu32l051_std_adc.o(i.std_adc_init), (192 bytes).
    Removing ciu32l051_std_adc.o(i.std_adc_struct_init), (34 bytes).
    Removing ciu32l051_std_adc.o(i.std_adc_trig_edge_config), (24 bytes).
    Removing ciu32l051_std_adc.o(.constdata), (24 bytes).
    Removing ciu32l051_std_aes.o(.rev16_text), (4 bytes).
    Removing ciu32l051_std_aes.o(.revsh_text), (4 bytes).
    Removing ciu32l051_std_aes.o(i.std_aes_deinit), (44 bytes).
    Removing ciu32l051_std_aes.o(i.std_aes_init), (28 bytes).
    Removing ciu32l051_std_aes.o(i.std_aes_struct_init), (8 bytes).
    Removing ciu32l051_std_aes.o(.constdata), (24 bytes).
    Removing ciu32l051_std_comp.o(.rev16_text), (4 bytes).
    Removing ciu32l051_std_comp.o(.revsh_text), (4 bytes).
    Removing ciu32l051_std_comp.o(i.std_comp_deinit), (18 bytes).
    Removing ciu32l051_std_comp.o(i.std_comp_init), (80 bytes).
    Removing ciu32l051_std_comp.o(i.std_comp_struct_init), (26 bytes).
    Removing ciu32l051_std_comp.o(.constdata), (24 bytes).
    Removing ciu32l051_std_crc.o(.rev16_text), (4 bytes).
    Removing ciu32l051_std_crc.o(.revsh_text), (4 bytes).
    Removing ciu32l051_std_crc.o(i.std_crc_deinit), (44 bytes).
    Removing ciu32l051_std_crc.o(i.std_crc_init), (48 bytes).
    Removing ciu32l051_std_crc.o(i.std_crc_set_init_value_invert), (100 bytes).
    Removing ciu32l051_std_crc.o(i.std_crc_struct_init), (14 bytes).
    Removing ciu32l051_std_crc.o(.constdata), (24 bytes).
    Removing ciu32l051_std_dma.o(.rev16_text), (4 bytes).
    Removing ciu32l051_std_dma.o(.revsh_text), (4 bytes).
    Removing ciu32l051_std_dma.o(i.std_dma_deinit), (108 bytes).
    Removing ciu32l051_std_dma.o(i.std_dma_init), (92 bytes).
    Removing ciu32l051_std_dma.o(i.std_dma_set_dst_address), (16 bytes).
    Removing ciu32l051_std_dma.o(i.std_dma_set_src_address), (16 bytes).
    Removing ciu32l051_std_dma.o(i.std_dma_set_transfer_data_number), (16 bytes).
    Removing ciu32l051_std_dma.o(i.std_dma_start_transmit), (60 bytes).
    Removing ciu32l051_std_dma.o(i.std_dma_struct_init), (18 bytes).
    Removing ciu32l051_std_dma.o(.constdata), (24 bytes).
    Removing ciu32l051_std_exti.o(.rev16_text), (4 bytes).
    Removing ciu32l051_std_exti.o(.revsh_text), (4 bytes).
    Removing ciu32l051_std_exti.o(i.std_exti_deinit), (52 bytes).
    Removing ciu32l051_std_exti.o(i.std_exti_struct_init), (16 bytes).
    Removing ciu32l051_std_exti.o(.constdata), (24 bytes).
    Removing ciu32l051_std_flash.o(.rev16_text), (4 bytes).
    Removing ciu32l051_std_flash.o(.revsh_text), (4 bytes).
    Removing ciu32l051_std_flash.o(i.std_flash_erase), (92 bytes).
    Removing ciu32l051_std_flash.o(i.std_flash_mass_erase), (12 bytes).
    Removing ciu32l051_std_flash.o(i.std_flash_opt_erase), (48 bytes).
    Removing ciu32l051_std_flash.o(i.std_flash_page_erase), (14 bytes).
    Removing ciu32l051_std_flash.o(i.std_flash_set_erase_mode), (20 bytes).
    Removing ciu32l051_std_flash.o(i.std_flash_wait_for_last_operation), (96 bytes).
    Removing ciu32l051_std_flash.o(i.std_flash_word_program), (72 bytes).
    Removing ciu32l051_std_flash.o(.constdata), (24 bytes).
    Removing ciu32l051_std_gpio.o(.rev16_text), (4 bytes).
    Removing ciu32l051_std_gpio.o(.revsh_text), (4 bytes).
    Removing ciu32l051_std_gpio.o(i.std_gpio_deinit), (92 bytes).
    Removing ciu32l051_std_gpio.o(i.std_gpio_struct_init), (18 bytes).
    Removing ciu32l051_std_gpio.o(.constdata), (24 bytes).
    Removing ciu32l051_std_i2c.o(.rev16_text), (4 bytes).
    Removing ciu32l051_std_i2c.o(.revsh_text), (4 bytes).
    Removing ciu32l051_std_i2c.o(i.std_i2c_deinit), (44 bytes).
    Removing ciu32l051_std_i2c.o(i.std_i2c_init), (102 bytes).
    Removing ciu32l051_std_i2c.o(i.std_i2c_struct_init), (18 bytes).
    Removing ciu32l051_std_i2c.o(.constdata), (24 bytes).
    Removing ciu32l051_std_lcd.o(.rev16_text), (4 bytes).
    Removing ciu32l051_std_lcd.o(.revsh_text), (4 bytes).
    Removing ciu32l051_std_lcd.o(i.std_lcd_deinit), (60 bytes).
    Removing ciu32l051_std_lcd.o(i.std_lcd_disable), (20 bytes).
    Removing ciu32l051_std_lcd.o(i.std_lcd_get_flag), (24 bytes).
    Removing ciu32l051_std_lcd.o(i.std_lcd_init), (112 bytes).
    Removing ciu32l051_std_lcd.o(i.std_lcd_struct_init), (34 bytes).
    Removing ciu32l051_std_lcd.o(.constdata), (24 bytes).
    Removing ciu32l051_std_lptim.o(.rev16_text), (4 bytes).
    Removing ciu32l051_std_lptim.o(.revsh_text), (4 bytes).
    Removing ciu32l051_std_lptim.o(i.std_lptim_deinit), (52 bytes).
    Removing ciu32l051_std_lptim.o(i.std_lptim_init), (32 bytes).
    Removing ciu32l051_std_lptim.o(i.std_lptim_struct_init), (12 bytes).
    Removing ciu32l051_std_lptim.o(i.std_rcc_apb1_clk_disable), (16 bytes).
    Removing ciu32l051_std_lptim.o(i.std_rcc_apb1_reset), (24 bytes).
    Removing ciu32l051_std_lptim.o(.constdata), (24 bytes).
    Removing ciu32l051_std_lpuart.o(.rev16_text), (4 bytes).
    Removing ciu32l051_std_lpuart.o(.revsh_text), (4 bytes).
    Removing ciu32l051_std_lpuart.o(i.std_lpuart_deinit), (64 bytes).
    Removing ciu32l051_std_lpuart.o(i.std_lpuart_disable), (10 bytes).
    Removing ciu32l051_std_lpuart.o(i.std_lpuart_get_flag), (18 bytes).
    Removing ciu32l051_std_lpuart.o(i.std_lpuart_init), (192 bytes).
    Removing ciu32l051_std_lpuart.o(i.std_lpuart_set_baudrate), (308 bytes).
    Removing ciu32l051_std_lpuart.o(i.std_lpuart_struct_init), (26 bytes).
    Removing ciu32l051_std_lpuart.o(i.std_rcc_apb1_clk_disable), (16 bytes).
    Removing ciu32l051_std_lpuart.o(i.std_rcc_apb1_reset), (24 bytes).
    Removing ciu32l051_std_lpuart.o(.constdata), (24 bytes).
    Removing ciu32l051_std_pmu.o(.rev16_text), (4 bytes).
    Removing ciu32l051_std_pmu.o(.revsh_text), (4 bytes).
    Removing ciu32l051_std_pmu.o(i.std_pmu_enter_sleep), (32 bytes).
    Removing ciu32l051_std_pmu.o(i.std_pmu_enter_stop), (44 bytes).
    Removing ciu32l051_std_pmu.o(i.std_pmu_pvd_init), (92 bytes).
    Removing ciu32l051_std_pmu.o(i.std_pmu_reg_reset), (28 bytes).
    Removing ciu32l051_std_pmu.o(i.std_pmu_struct_init), (18 bytes).
    Removing ciu32l051_std_pmu.o(.constdata), (24 bytes).
    Removing ciu32l051_std_rcc.o(.rev16_text), (4 bytes).
    Removing ciu32l051_std_rcc.o(.revsh_text), (4 bytes).
    Removing ciu32l051_std_rcc.o(.constdata), (24 bytes).
    Removing ciu32l051_std_rtc.o(.rev16_text), (4 bytes).
    Removing ciu32l051_std_rtc.o(.revsh_text), (4 bytes).
    Removing ciu32l051_std_rtc.o(i.std_rtc_alarm_init), (108 bytes).
    Removing ciu32l051_std_rtc.o(i.std_rtc_alarm_struct_init), (16 bytes).
    Removing ciu32l051_std_rtc.o(i.std_rtc_date_init), (100 bytes).
    Removing ciu32l051_std_rtc.o(i.std_rtc_date_struct_init), (14 bytes).
    Removing ciu32l051_std_rtc.o(i.std_rtc_deinit), (92 bytes).
    Removing ciu32l051_std_rtc.o(i.std_rtc_get_mode), (16 bytes).
    Removing ciu32l051_std_rtc.o(i.std_rtc_init_mode_enter), (84 bytes).
    Removing ciu32l051_std_rtc.o(i.std_rtc_init_mode_exit), (76 bytes).
    Removing ciu32l051_std_rtc.o(i.std_rtc_time_init), (92 bytes).
    Removing ciu32l051_std_rtc.o(i.std_rtc_time_struct_init), (10 bytes).
    Removing ciu32l051_std_rtc.o(i.std_rtc_write_protection_disable), (16 bytes).
    Removing ciu32l051_std_rtc.o(i.std_rtc_write_protection_enable), (12 bytes).
    Removing ciu32l051_std_rtc.o(.constdata), (24 bytes).
    Removing ciu32l051_std_spi.o(.rev16_text), (4 bytes).
    Removing ciu32l051_std_spi.o(.revsh_text), (4 bytes).
    Removing ciu32l051_std_spi.o(i.std_spi_deinit), (112 bytes).
    Removing ciu32l051_std_spi.o(i.std_spi_init), (60 bytes).
    Removing ciu32l051_std_spi.o(i.std_spi_struct_init), (16 bytes).
    Removing ciu32l051_std_spi.o(.constdata), (24 bytes).
    Removing ciu32l051_std_tamp.o(.rev16_text), (4 bytes).
    Removing ciu32l051_std_tamp.o(.revsh_text), (4 bytes).
    Removing ciu32l051_std_tamp.o(i.std_tamp_deinit), (40 bytes).
    Removing ciu32l051_std_tamp.o(.constdata), (24 bytes).
    Removing ciu32l051_std_tim.o(.rev16_text), (4 bytes).
    Removing ciu32l051_std_tim.o(.revsh_text), (4 bytes).
    Removing ciu32l051_std_tim.o(i.std_rcc_apb1_clk_disable), (16 bytes).
    Removing ciu32l051_std_tim.o(i.std_rcc_apb1_reset), (24 bytes).
    Removing ciu32l051_std_tim.o(i.std_tim_deinit), (112 bytes).
    Removing ciu32l051_std_tim.o(i.std_tim_input_capture_struct_init), (16 bytes).
    Removing ciu32l051_std_tim.o(i.std_tim_output_compare_struct_init), (14 bytes).
    Removing ciu32l051_std_tim.o(i.std_tim_struct_init), (24 bytes).
    Removing ciu32l051_std_tim.o(.constdata), (24 bytes).
    Removing ciu32l051_std_trng.o(.rev16_text), (4 bytes).
    Removing ciu32l051_std_trng.o(.revsh_text), (4 bytes).
    Removing ciu32l051_std_trng.o(i.std_trng_deinit), (40 bytes).
    Removing ciu32l051_std_trng.o(i.std_trng_get_random_number), (40 bytes).
    Removing ciu32l051_std_trng.o(.constdata), (24 bytes).
    Removing ciu32l051_std_usart.o(.rev16_text), (4 bytes).
    Removing ciu32l051_std_usart.o(.revsh_text), (4 bytes).
    Removing ciu32l051_std_usart.o(i.std_rcc_apb1_clk_disable), (16 bytes).
    Removing ciu32l051_std_usart.o(i.std_rcc_apb1_reset), (24 bytes).
    Removing ciu32l051_std_usart.o(i.std_usart_deinit), (152 bytes).
    Removing ciu32l051_std_usart.o(i.std_usart_struct_init), (26 bytes).
    Removing ciu32l051_std_usart.o(i.std_usart_sync_clk_init), (72 bytes).
    Removing ciu32l051_std_usart.o(i.std_usart_sync_clk_struct_init), (14 bytes).
    Removing ciu32l051_std_usart.o(.constdata), (24 bytes).
    Removing system_ciu32l051.o(.rev16_text), (4 bytes).
    Removing system_ciu32l051.o(.revsh_text), (4 bytes).
    Removing startup_ciu32l051.o(HEAP), (0 bytes).
    Removing dadd.o(.text), (356 bytes).
    Removing dmul.o(.text), (208 bytes).
    Removing ddiv.o(.text), (240 bytes).
    Removing dfixul.o(.text), (64 bytes).
    Removing cdrcmple.o(.text), (40 bytes).
    Removing depilogue.o(.text), (190 bytes).
    Removing depilogue.o(i.__ARM_clz), (46 bytes).

185 unused section(s) (total 7016 bytes) removed from the image.

==============================================================================

Image Symbol Table

    Local Symbols

    Symbol Name                              Value     Ov Type        Size  Object(Section)

    ../clib/microlib/ctype/ctype.c           0x00000000   Number         0  isspace_c.o ABSOLUTE
    ../clib/microlib/ctype/ctype.c           0x00000000   Number         0  ctype_c.o ABSOLUTE
    ../clib/microlib/division.c              0x00000000   Number         0  uldiv.o ABSOLUTE
    ../clib/microlib/division.c              0x00000000   Number         0  idiv.o ABSOLUTE
    ../clib/microlib/division.c              0x00000000   Number         0  uidiv.o ABSOLUTE
    ../clib/microlib/init/entry.s            0x00000000   Number         0  entry.o ABSOLUTE
    ../clib/microlib/init/entry.s            0x00000000   Number         0  entry5.o ABSOLUTE
    ../clib/microlib/init/entry.s            0x00000000   Number         0  entry10b.o ABSOLUTE
    ../clib/microlib/init/entry.s            0x00000000   Number         0  entry10a.o ABSOLUTE
    ../clib/microlib/init/entry.s            0x00000000   Number         0  entry9b.o ABSOLUTE
    ../clib/microlib/init/entry.s            0x00000000   Number         0  entry9a.o ABSOLUTE
    ../clib/microlib/init/entry.s            0x00000000   Number         0  entry8b.o ABSOLUTE
    ../clib/microlib/init/entry.s            0x00000000   Number         0  entry8a.o ABSOLUTE
    ../clib/microlib/init/entry.s            0x00000000   Number         0  entry2.o ABSOLUTE
    ../clib/microlib/init/entry.s            0x00000000   Number         0  entry7b.o ABSOLUTE
    ../clib/microlib/init/entry.s            0x00000000   Number         0  entry7a.o ABSOLUTE
    ../clib/microlib/init/entry.s            0x00000000   Number         0  entry11b.o ABSOLUTE
    ../clib/microlib/init/entry.s            0x00000000   Number         0  entry11a.o ABSOLUTE
    ../clib/microlib/longlong.c              0x00000000   Number         0  llushr.o ABSOLUTE
    ../clib/microlib/longlong.c              0x00000000   Number         0  llshl.o ABSOLUTE
    ../clib/microlib/longlong.c              0x00000000   Number         0  llsshr.o ABSOLUTE
    ../clib/microlib/printf/printf.c         0x00000000   Number         0  printf1.o ABSOLUTE
    ../clib/microlib/printf/printf.c         0x00000000   Number         0  printf2.o ABSOLUTE
    ../clib/microlib/printf/printf.c         0x00000000   Number         0  printf3.o ABSOLUTE
    ../clib/microlib/printf/printf.c         0x00000000   Number         0  printf4.o ABSOLUTE
    ../clib/microlib/printf/printf.c         0x00000000   Number         0  printf5.o ABSOLUTE
    ../clib/microlib/printf/printf.c         0x00000000   Number         0  printf8.o ABSOLUTE
    ../clib/microlib/printf/printf.c         0x00000000   Number         0  printf6.o ABSOLUTE
    ../clib/microlib/printf/printf.c         0x00000000   Number         0  printfa.o ABSOLUTE
    ../clib/microlib/printf/printf.c         0x00000000   Number         0  printfb.o ABSOLUTE
    ../clib/microlib/printf/printf.c         0x00000000   Number         0  printf7.o ABSOLUTE
    ../clib/microlib/printf/printf.c         0x00000000   Number         0  printf0.o ABSOLUTE
    ../clib/microlib/printf/stubs.s          0x00000000   Number         0  stubs.o ABSOLUTE
    ../clib/microlib/stdio/streams.c         0x00000000   Number         0  stdout.o ABSOLUTE
    ../clib/microlib/string/memset.c         0x00000000   Number         0  memseta.o ABSOLUTE
    ../clib/microlib/string/strstr.c         0x00000000   Number         0  strstr.o ABSOLUTE
    ../clib/microlib/stubs.s                 0x00000000   Number         0  iusefp.o ABSOLUTE
    ../clib/scanf.c                          0x00000000   Number         0  _chval.o ABSOLUTE
    ../clib/scanf.c                          0x00000000   Number         0  _scanf.o ABSOLUTE
    ../clib/scanf.c                          0x00000000   Number         0  scanf_char.o ABSOLUTE
    ../clib/scanf.c                          0x00000000   Number         0  __0sscanf.o ABSOLUTE
    ../clib/scanf.c                          0x00000000   Number         0  _scanf_str.o ABSOLUTE
    ../clib/scanf.c                          0x00000000   Number         0  _scanf_int.o ABSOLUTE
    ../clib/scanf.c                          0x00000000   Number         0  _sgetc.o ABSOLUTE
    ../fplib/microlib/fpadd.c                0x00000000   Number         0  dadd.o ABSOLUTE
    ../fplib/microlib/fpdiv.c                0x00000000   Number         0  ddiv.o ABSOLUTE
    ../fplib/microlib/fpepilogue.c           0x00000000   Number         0  depilogue.o ABSOLUTE
    ../fplib/microlib/fpfix.c                0x00000000   Number         0  dfixul.o ABSOLUTE
    ../fplib/microlib/fpmul.c                0x00000000   Number         0  dmul.o ABSOLUTE
    ..\..\Drivers\CIU32L051_Lib\Source\ciu32l051_std.c 0x00000000   Number         0  ciu32l051_std.o ABSOLUTE
    ..\..\Drivers\CIU32L051_Lib\Source\ciu32l051_std_adc.c 0x00000000   Number         0  ciu32l051_std_adc.o ABSOLUTE
    ..\..\Drivers\CIU32L051_Lib\Source\ciu32l051_std_aes.c 0x00000000   Number         0  ciu32l051_std_aes.o ABSOLUTE
    ..\..\Drivers\CIU32L051_Lib\Source\ciu32l051_std_comp.c 0x00000000   Number         0  ciu32l051_std_comp.o ABSOLUTE
    ..\..\Drivers\CIU32L051_Lib\Source\ciu32l051_std_crc.c 0x00000000   Number         0  ciu32l051_std_crc.o ABSOLUTE
    ..\..\Drivers\CIU32L051_Lib\Source\ciu32l051_std_dma.c 0x00000000   Number         0  ciu32l051_std_dma.o ABSOLUTE
    ..\..\Drivers\CIU32L051_Lib\Source\ciu32l051_std_exti.c 0x00000000   Number         0  ciu32l051_std_exti.o ABSOLUTE
    ..\..\Drivers\CIU32L051_Lib\Source\ciu32l051_std_flash.c 0x00000000   Number         0  ciu32l051_std_flash.o ABSOLUTE
    ..\..\Drivers\CIU32L051_Lib\Source\ciu32l051_std_gpio.c 0x00000000   Number         0  ciu32l051_std_gpio.o ABSOLUTE
    ..\..\Drivers\CIU32L051_Lib\Source\ciu32l051_std_i2c.c 0x00000000   Number         0  ciu32l051_std_i2c.o ABSOLUTE
    ..\..\Drivers\CIU32L051_Lib\Source\ciu32l051_std_lcd.c 0x00000000   Number         0  ciu32l051_std_lcd.o ABSOLUTE
    ..\..\Drivers\CIU32L051_Lib\Source\ciu32l051_std_lptim.c 0x00000000   Number         0  ciu32l051_std_lptim.o ABSOLUTE
    ..\..\Drivers\CIU32L051_Lib\Source\ciu32l051_std_lpuart.c 0x00000000   Number         0  ciu32l051_std_lpuart.o ABSOLUTE
    ..\..\Drivers\CIU32L051_Lib\Source\ciu32l051_std_pmu.c 0x00000000   Number         0  ciu32l051_std_pmu.o ABSOLUTE
    ..\..\Drivers\CIU32L051_Lib\Source\ciu32l051_std_rcc.c 0x00000000   Number         0  ciu32l051_std_rcc.o ABSOLUTE
    ..\..\Drivers\CIU32L051_Lib\Source\ciu32l051_std_rtc.c 0x00000000   Number         0  ciu32l051_std_rtc.o ABSOLUTE
    ..\..\Drivers\CIU32L051_Lib\Source\ciu32l051_std_spi.c 0x00000000   Number         0  ciu32l051_std_spi.o ABSOLUTE
    ..\..\Drivers\CIU32L051_Lib\Source\ciu32l051_std_tamp.c 0x00000000   Number         0  ciu32l051_std_tamp.o ABSOLUTE
    ..\..\Drivers\CIU32L051_Lib\Source\ciu32l051_std_tim.c 0x00000000   Number         0  ciu32l051_std_tim.o ABSOLUTE
    ..\..\Drivers\CIU32L051_Lib\Source\ciu32l051_std_trng.c 0x00000000   Number         0  ciu32l051_std_trng.o ABSOLUTE
    ..\..\Drivers\CIU32L051_Lib\Source\ciu32l051_std_usart.c 0x00000000   Number         0  ciu32l051_std_usart.o ABSOLUTE
    ..\..\Drivers\CMSIS\Device\system_ciu32l051.c 0x00000000   Number         0  system_ciu32l051.o ABSOLUTE
    ..\Source\common.c                       0x00000000   Number         0  common.o ABSOLUTE
    ..\Source\exti_bsp.c                     0x00000000   Number         0  exti_bsp.o ABSOLUTE
    ..\Source\main.c                         0x00000000   Number         0  main.o ABSOLUTE
    ..\Source\tim_bsp.c                      0x00000000   Number         0  tim_bsp.o ABSOLUTE
    ..\Source\usart_bsp.c                    0x00000000   Number         0  usart_bsp.o ABSOLUTE
    ..\\..\\Drivers\\CIU32L051_Lib\\Source\\ciu32l051_std.c 0x00000000   Number         0  ciu32l051_std.o ABSOLUTE
    ..\\..\\Drivers\\CIU32L051_Lib\\Source\\ciu32l051_std_adc.c 0x00000000   Number         0  ciu32l051_std_adc.o ABSOLUTE
    ..\\..\\Drivers\\CIU32L051_Lib\\Source\\ciu32l051_std_aes.c 0x00000000   Number         0  ciu32l051_std_aes.o ABSOLUTE
    ..\\..\\Drivers\\CIU32L051_Lib\\Source\\ciu32l051_std_comp.c 0x00000000   Number         0  ciu32l051_std_comp.o ABSOLUTE
    ..\\..\\Drivers\\CIU32L051_Lib\\Source\\ciu32l051_std_crc.c 0x00000000   Number         0  ciu32l051_std_crc.o ABSOLUTE
    ..\\..\\Drivers\\CIU32L051_Lib\\Source\\ciu32l051_std_dma.c 0x00000000   Number         0  ciu32l051_std_dma.o ABSOLUTE
    ..\\..\\Drivers\\CIU32L051_Lib\\Source\\ciu32l051_std_exti.c 0x00000000   Number         0  ciu32l051_std_exti.o ABSOLUTE
    ..\\..\\Drivers\\CIU32L051_Lib\\Source\\ciu32l051_std_flash.c 0x00000000   Number         0  ciu32l051_std_flash.o ABSOLUTE
    ..\\..\\Drivers\\CIU32L051_Lib\\Source\\ciu32l051_std_gpio.c 0x00000000   Number         0  ciu32l051_std_gpio.o ABSOLUTE
    ..\\..\\Drivers\\CIU32L051_Lib\\Source\\ciu32l051_std_i2c.c 0x00000000   Number         0  ciu32l051_std_i2c.o ABSOLUTE
    ..\\..\\Drivers\\CIU32L051_Lib\\Source\\ciu32l051_std_lcd.c 0x00000000   Number         0  ciu32l051_std_lcd.o ABSOLUTE
    ..\\..\\Drivers\\CIU32L051_Lib\\Source\\ciu32l051_std_lptim.c 0x00000000   Number         0  ciu32l051_std_lptim.o ABSOLUTE
    ..\\..\\Drivers\\CIU32L051_Lib\\Source\\ciu32l051_std_lpuart.c 0x00000000   Number         0  ciu32l051_std_lpuart.o ABSOLUTE
    ..\\..\\Drivers\\CIU32L051_Lib\\Source\\ciu32l051_std_pmu.c 0x00000000   Number         0  ciu32l051_std_pmu.o ABSOLUTE
    ..\\..\\Drivers\\CIU32L051_Lib\\Source\\ciu32l051_std_rcc.c 0x00000000   Number         0  ciu32l051_std_rcc.o ABSOLUTE
    ..\\..\\Drivers\\CIU32L051_Lib\\Source\\ciu32l051_std_rtc.c 0x00000000   Number         0  ciu32l051_std_rtc.o ABSOLUTE
    ..\\..\\Drivers\\CIU32L051_Lib\\Source\\ciu32l051_std_spi.c 0x00000000   Number         0  ciu32l051_std_spi.o ABSOLUTE
    ..\\..\\Drivers\\CIU32L051_Lib\\Source\\ciu32l051_std_tamp.c 0x00000000   Number         0  ciu32l051_std_tamp.o ABSOLUTE
    ..\\..\\Drivers\\CIU32L051_Lib\\Source\\ciu32l051_std_tim.c 0x00000000   Number         0  ciu32l051_std_tim.o ABSOLUTE
    ..\\..\\Drivers\\CIU32L051_Lib\\Source\\ciu32l051_std_trng.c 0x00000000   Number         0  ciu32l051_std_trng.o ABSOLUTE
    ..\\..\\Drivers\\CIU32L051_Lib\\Source\\ciu32l051_std_usart.c 0x00000000   Number         0  ciu32l051_std_usart.o ABSOLUTE
    ..\\..\\Drivers\\CMSIS\\Device\\system_ciu32l051.c 0x00000000   Number         0  system_ciu32l051.o ABSOLUTE
    ..\\Source\\common.c                     0x00000000   Number         0  common.o ABSOLUTE
    ..\\Source\\exti_bsp.c                   0x00000000   Number         0  exti_bsp.o ABSOLUTE
    ..\\Source\\main.c                       0x00000000   Number         0  main.o ABSOLUTE
    ..\\Source\\tim_bsp.c                    0x00000000   Number         0  tim_bsp.o ABSOLUTE
    ..\\Source\\usart_bsp.c                  0x00000000   Number         0  usart_bsp.o ABSOLUTE
    cdrcmple.s                               0x00000000   Number         0  cdrcmple.o ABSOLUTE
    dc.s                                     0x00000000   Number         0  dc.o ABSOLUTE
    handlers.s                               0x00000000   Number         0  handlers.o ABSOLUTE
    init.s                                   0x00000000   Number         0  init.o ABSOLUTE
    startup_ciu32l051.s                      0x00000000   Number         0  startup_ciu32l051.o ABSOLUTE
    RESET                                    0x08000000   Section      192  startup_ciu32l051.o(RESET)
    .ARM.Collect$$$$00000000                 0x080000c0   Section        0  entry.o(.ARM.Collect$$$$00000000)
    .ARM.Collect$$$$00000001                 0x080000c0   Section        4  entry2.o(.ARM.Collect$$$$00000001)
    .ARM.Collect$$$$00000004                 0x080000c4   Section        4  entry5.o(.ARM.Collect$$$$00000004)
    .ARM.Collect$$$$00000008                 0x080000c8   Section        0  entry7b.o(.ARM.Collect$$$$00000008)
    .ARM.Collect$$$$0000000A                 0x080000c8   Section        0  entry8b.o(.ARM.Collect$$$$0000000A)
    .ARM.Collect$$$$0000000B                 0x080000c8   Section        8  entry9a.o(.ARM.Collect$$$$0000000B)
    .ARM.Collect$$$$0000000D                 0x080000d0   Section        0  entry10a.o(.ARM.Collect$$$$0000000D)
    .ARM.Collect$$$$0000000F                 0x080000d0   Section        0  entry11a.o(.ARM.Collect$$$$0000000F)
    .ARM.Collect$$$$00002712                 0x080000d0   Section        4  entry2.o(.ARM.Collect$$$$00002712)
    __lit__00000000                          0x080000d0   Data           4  entry2.o(.ARM.Collect$$$$00002712)
    .text                                    0x080000d4   Section       28  startup_ciu32l051.o(.text)
    .text                                    0x080000f0   Section        0  uidiv.o(.text)
    .text                                    0x0800011c   Section        0  idiv.o(.text)
    .text                                    0x08000144   Section        0  uldiv.o(.text)
    .text                                    0x080001a4   Section        0  memseta.o(.text)
    .text                                    0x080001c8   Section        0  strstr.o(.text)
    .text                                    0x080001f0   Section        0  __0sscanf.o(.text)
    .text                                    0x0800022c   Section        0  _scanf_int.o(.text)
    .text                                    0x08000376   Section        0  _scanf_str.o(.text)
    .text                                    0x0800045a   Section        0  llshl.o(.text)
    .text                                    0x0800047a   Section        0  llushr.o(.text)
    .text                                    0x0800049c   Section        0  _chval.o(.text)
    .text                                    0x080004bc   Section        0  scanf_char.o(.text)
    _scanf_char_input                        0x080004bd   Thumb Code    12  scanf_char.o(.text)
    .text                                    0x080004e8   Section        0  _sgetc.o(.text)
    .text                                    0x0800052c   Section       36  init.o(.text)
    .text                                    0x08000550   Section        0  isspace_c.o(.text)
    .text                                    0x08000560   Section        0  _scanf.o(.text)
    .text                                    0x08000894   Section        0  ctype_c.o(.text)
    i.EXTI4_15_IRQHandler                    0x080008b8   Section        0  exti_bsp.o(i.EXTI4_15_IRQHandler)
    i.Exit_Hand                              0x08000944   Section        0  exti_bsp.o(i.Exit_Hand)
    i.Pwm_in_hand                            0x0800096c   Section        0  tim_bsp.o(i.Pwm_in_hand)
    i.SystemCoreClockUpdate                  0x080009e4   Section        0  system_ciu32l051.o(i.SystemCoreClockUpdate)
    i.SystemInit                             0x08000ae0   Section        0  system_ciu32l051.o(i.SystemInit)
    i.TIM3_IRQHandler                        0x08000b00   Section        0  tim_bsp.o(i.TIM3_IRQHandler)
    i.UART2_IRQHandler                       0x08000b98   Section        0  usart_bsp.o(i.UART2_IRQHandler)
    i.UART3_4_IRQHandler                     0x08000c04   Section        0  usart_bsp.o(i.UART3_4_IRQHandler)
    i.USART1_IRQHandler                      0x08000cd4   Section        0  usart_bsp.o(i.USART1_IRQHandler)
    i.__0printf$8                            0x08000d7c   Section        0  printf8.o(i.__0printf$8)
    i.__0sprintf$8                           0x08000d9c   Section        0  printf8.o(i.__0sprintf$8)
    i.__NVIC_EnableIRQ                       0x08000dc4   Section        0  usart_bsp.o(i.__NVIC_EnableIRQ)
    __NVIC_EnableIRQ                         0x08000dc5   Thumb Code    18  usart_bsp.o(i.__NVIC_EnableIRQ)
    i.__NVIC_EnableIRQ                       0x08000ddc   Section        0  exti_bsp.o(i.__NVIC_EnableIRQ)
    __NVIC_EnableIRQ                         0x08000ddd   Thumb Code    18  exti_bsp.o(i.__NVIC_EnableIRQ)
    i.__NVIC_SetPriority                     0x08000df4   Section        0  usart_bsp.o(i.__NVIC_SetPriority)
    __NVIC_SetPriority                       0x08000df5   Thumb Code   110  usart_bsp.o(i.__NVIC_SetPriority)
    i.__NVIC_SetPriority                     0x08000e6c   Section        0  tim_bsp.o(i.__NVIC_SetPriority)
    __NVIC_SetPriority                       0x08000e6d   Thumb Code   110  tim_bsp.o(i.__NVIC_SetPriority)
    i.__NVIC_SetPriority                     0x08000ee4   Section        0  exti_bsp.o(i.__NVIC_SetPriority)
    __NVIC_SetPriority                       0x08000ee5   Thumb Code   110  exti_bsp.o(i.__NVIC_SetPriority)
    i.__scatterload_copy                     0x08000f5c   Section       14  handlers.o(i.__scatterload_copy)
    i.__scatterload_null                     0x08000f6a   Section        2  handlers.o(i.__scatterload_null)
    i.__scatterload_zeroinit                 0x08000f6c   Section       14  handlers.o(i.__scatterload_zeroinit)
    i._printf_core                           0x08000f7c   Section        0  printf8.o(i._printf_core)
    _printf_core                             0x08000f7d   Thumb Code  1020  printf8.o(i._printf_core)
    i._printf_post_padding                   0x080013a4   Section        0  printf8.o(i._printf_post_padding)
    _printf_post_padding                     0x080013a5   Thumb Code    32  printf8.o(i._printf_post_padding)
    i._printf_pre_padding                    0x080013c4   Section        0  printf8.o(i._printf_pre_padding)
    _printf_pre_padding                      0x080013c5   Thumb Code    44  printf8.o(i._printf_pre_padding)
    i._sputc                                 0x080013f0   Section        0  printf8.o(i._sputc)
    _sputc                                   0x080013f1   Thumb Code    10  printf8.o(i._sputc)
    i.bsp_rcc_mco_config                     0x080013fc   Section        0  tim_bsp.o(i.bsp_rcc_mco_config)
    i.bsp_tim3_capture_start                 0x08001450   Section        0  tim_bsp.o(i.bsp_tim3_capture_start)
    i.bsp_tim4_output_start                  0x0800147c   Section        0  tim_bsp.o(i.bsp_tim4_output_start)
    i.bsp_tim5_output_start                  0x0800149c   Section        0  tim_bsp.o(i.bsp_tim5_output_start)
    i.build_FirmVers                         0x080014b4   Section        0  main.o(i.build_FirmVers)
    i.exti_init                              0x08001590   Section        0  exti_bsp.o(i.exti_init)
    i.fputc                                  0x08001698   Section        0  usart_bsp.o(i.fputc)
    i.iwdg_init                              0x080016bc   Section        0  main.o(i.iwdg_init)
    i.led_init                               0x08001708   Section        0  exti_bsp.o(i.led_init)
    i.main                                   0x0800173c   Section        0  main.o(i.main)
    i.mydatacpy                              0x08001808   Section        0  usart_bsp.o(i.mydatacpy)
    i.std_delay_init                         0x08001824   Section        0  ciu32l051_std.o(i.std_delay_init)
    i.std_exti_clear_pending                 0x08001844   Section        0  exti_bsp.o(i.std_exti_clear_pending)
    std_exti_clear_pending                   0x08001845   Thumb Code    14  exti_bsp.o(i.std_exti_clear_pending)
    i.std_exti_get_pending_status            0x08001858   Section        0  exti_bsp.o(i.std_exti_get_pending_status)
    std_exti_get_pending_status              0x08001859   Thumb Code    28  exti_bsp.o(i.std_exti_get_pending_status)
    i.std_exti_init                          0x08001878   Section        0  ciu32l051_std_exti.o(i.std_exti_init)
    i.std_gpio_init                          0x080019f4   Section        0  ciu32l051_std_gpio.o(i.std_gpio_init)
    i.std_gpio_set_afpin_0_7                 0x08001a64   Section        0  ciu32l051_std_gpio.o(i.std_gpio_set_afpin_0_7)
    std_gpio_set_afpin_0_7                   0x08001a65   Thumb Code    36  ciu32l051_std_gpio.o(i.std_gpio_set_afpin_0_7)
    i.std_gpio_set_afpin_8_15                0x08001a88   Section        0  ciu32l051_std_gpio.o(i.std_gpio_set_afpin_8_15)
    std_gpio_set_afpin_8_15                  0x08001a89   Thumb Code    42  ciu32l051_std_gpio.o(i.std_gpio_set_afpin_8_15)
    i.std_gpio_set_pin_mode                  0x08001ab2   Section        0  ciu32l051_std_gpio.o(i.std_gpio_set_pin_mode)
    std_gpio_set_pin_mode                    0x08001ab3   Thumb Code    26  ciu32l051_std_gpio.o(i.std_gpio_set_pin_mode)
    i.std_gpio_set_pin_output_type           0x08001acc   Section        0  ciu32l051_std_gpio.o(i.std_gpio_set_pin_output_type)
    std_gpio_set_pin_output_type             0x08001acd   Thumb Code    16  ciu32l051_std_gpio.o(i.std_gpio_set_pin_output_type)
    i.std_gpio_set_pin_pull                  0x08001adc   Section        0  ciu32l051_std_gpio.o(i.std_gpio_set_pin_pull)
    std_gpio_set_pin_pull                    0x08001add   Thumb Code    26  ciu32l051_std_gpio.o(i.std_gpio_set_pin_pull)
    i.std_rcc_apb1_clk_enable                0x08001af8   Section        0  usart_bsp.o(i.std_rcc_apb1_clk_enable)
    std_rcc_apb1_clk_enable                  0x08001af9   Thumb Code    18  usart_bsp.o(i.std_rcc_apb1_clk_enable)
    i.std_rcc_apb1_clk_enable                0x08001b10   Section        0  tim_bsp.o(i.std_rcc_apb1_clk_enable)
    std_rcc_apb1_clk_enable                  0x08001b11   Thumb Code    18  tim_bsp.o(i.std_rcc_apb1_clk_enable)
    i.std_rcc_get_hclkfreq                   0x08001b28   Section        0  ciu32l051_std_rcc.o(i.std_rcc_get_hclkfreq)
    i.std_rcc_get_pclk1freq                  0x08001b50   Section        0  ciu32l051_std_rcc.o(i.std_rcc_get_pclk1freq)
    i.std_rcc_get_pclk2freq                  0x08001b80   Section        0  ciu32l051_std_rcc.o(i.std_rcc_get_pclk2freq)
    i.std_rcc_get_pllfreq                    0x08001bb0   Section        0  ciu32l051_std_rcc.o(i.std_rcc_get_pllfreq)
    i.std_rcc_get_sysclkfreq                 0x08001c28   Section        0  ciu32l051_std_rcc.o(i.std_rcc_get_sysclkfreq)
    i.std_rcc_gpio_clk_enable                0x08001c9c   Section        0  usart_bsp.o(i.std_rcc_gpio_clk_enable)
    std_rcc_gpio_clk_enable                  0x08001c9d   Thumb Code    18  usart_bsp.o(i.std_rcc_gpio_clk_enable)
    i.std_rcc_gpio_clk_enable                0x08001cb4   Section        0  tim_bsp.o(i.std_rcc_gpio_clk_enable)
    std_rcc_gpio_clk_enable                  0x08001cb5   Thumb Code    18  tim_bsp.o(i.std_rcc_gpio_clk_enable)
    i.std_rcc_gpio_clk_enable                0x08001ccc   Section        0  exti_bsp.o(i.std_rcc_gpio_clk_enable)
    std_rcc_gpio_clk_enable                  0x08001ccd   Thumb Code    18  exti_bsp.o(i.std_rcc_gpio_clk_enable)
    i.std_tim_ccx_channel_disable            0x08001ce4   Section        0  ciu32l051_std_tim.o(i.std_tim_ccx_channel_disable)
    std_tim_ccx_channel_disable              0x08001ce5   Thumb Code    16  ciu32l051_std_tim.o(i.std_tim_ccx_channel_disable)
    i.std_tim_ccx_channel_enable             0x08001cf4   Section        0  tim_bsp.o(i.std_tim_ccx_channel_enable)
    std_tim_ccx_channel_enable               0x08001cf5   Thumb Code    16  tim_bsp.o(i.std_tim_ccx_channel_enable)
    i.std_tim_clear_flag                     0x08001d04   Section        0  tim_bsp.o(i.std_tim_clear_flag)
    std_tim_clear_flag                       0x08001d05   Thumb Code     6  tim_bsp.o(i.std_tim_clear_flag)
    i.std_tim_enable                         0x08001d0a   Section        0  tim_bsp.o(i.std_tim_enable)
    std_tim_enable                           0x08001d0b   Thumb Code    10  tim_bsp.o(i.std_tim_enable)
    i.std_tim_get_ccx_value                  0x08001d14   Section        0  tim_bsp.o(i.std_tim_get_ccx_value)
    std_tim_get_ccx_value                    0x08001d15   Thumb Code    18  tim_bsp.o(i.std_tim_get_ccx_value)
    i.std_tim_get_flag                       0x08001d26   Section        0  tim_bsp.o(i.std_tim_get_flag)
    std_tim_get_flag                         0x08001d27   Thumb Code    18  tim_bsp.o(i.std_tim_get_flag)
    i.std_tim_get_interrupt_enable           0x08001d38   Section        0  tim_bsp.o(i.std_tim_get_interrupt_enable)
    std_tim_get_interrupt_enable             0x08001d39   Thumb Code    18  tim_bsp.o(i.std_tim_get_interrupt_enable)
    i.std_tim_init                           0x08001d4c   Section        0  ciu32l051_std_tim.o(i.std_tim_init)
    i.std_tim_input_capture_init             0x08001d98   Section        0  ciu32l051_std_tim.o(i.std_tim_input_capture_init)
    i.std_tim_output_compare_init            0x08001e84   Section        0  ciu32l051_std_tim.o(i.std_tim_output_compare_init)
    i.std_usart_baudrate_config              0x08001ff8   Section        0  ciu32l051_std_usart.o(i.std_usart_baudrate_config)
    i.std_usart_clear_flag                   0x080020a8   Section        0  usart_bsp.o(i.std_usart_clear_flag)
    std_usart_clear_flag                     0x080020a9   Thumb Code     4  usart_bsp.o(i.std_usart_clear_flag)
    i.std_usart_cr1_interrupt_enable         0x080020ac   Section        0  usart_bsp.o(i.std_usart_cr1_interrupt_enable)
    std_usart_cr1_interrupt_enable           0x080020ad   Thumb Code     8  usart_bsp.o(i.std_usart_cr1_interrupt_enable)
    i.std_usart_enable                       0x080020b4   Section        0  usart_bsp.o(i.std_usart_enable)
    std_usart_enable                         0x080020b5   Thumb Code    10  usart_bsp.o(i.std_usart_enable)
    i.std_usart_get_cr1_interrupt_enable     0x080020be   Section        0  usart_bsp.o(i.std_usart_get_cr1_interrupt_enable)
    std_usart_get_cr1_interrupt_enable       0x080020bf   Thumb Code    18  usart_bsp.o(i.std_usart_get_cr1_interrupt_enable)
    i.std_usart_get_cr3_interrupt_enable     0x080020d0   Section        0  usart_bsp.o(i.std_usart_get_cr3_interrupt_enable)
    std_usart_get_cr3_interrupt_enable       0x080020d1   Thumb Code    18  usart_bsp.o(i.std_usart_get_cr3_interrupt_enable)
    i.std_usart_get_flag                     0x080020e2   Section        0  usart_bsp.o(i.std_usart_get_flag)
    std_usart_get_flag                       0x080020e3   Thumb Code    18  usart_bsp.o(i.std_usart_get_flag)
    i.std_usart_init                         0x080020f4   Section        0  ciu32l051_std_usart.o(i.std_usart_init)
    i.std_usart_rx_read_data                 0x08002168   Section        0  usart_bsp.o(i.std_usart_rx_read_data)
    std_usart_rx_read_data                   0x08002169   Thumb Code    10  usart_bsp.o(i.std_usart_rx_read_data)
    i.std_usart_tx_write_data                0x08002172   Section        0  usart_bsp.o(i.std_usart_tx_write_data)
    std_usart_tx_write_data                  0x08002173   Thumb Code     4  usart_bsp.o(i.std_usart_tx_write_data)
    i.system_clock_config                    0x08002178   Section        0  common.o(i.system_clock_config)
    i.tcp_hand                               0x08002274   Section        0  usart_bsp.o(i.tcp_hand)
    i.tim3_in_gpio_init                      0x080022d8   Section        0  tim_bsp.o(i.tim3_in_gpio_init)
    i.tim3_in_init                           0x08002308   Section        0  tim_bsp.o(i.tim3_in_init)
    i.tim4_out_gpio_init                     0x080023cc   Section        0  tim_bsp.o(i.tim4_out_gpio_init)
    i.tim4_out_init                          0x08002410   Section        0  tim_bsp.o(i.tim4_out_init)
    i.tim5_out_gpio_init                     0x08002474   Section        0  tim_bsp.o(i.tim5_out_gpio_init)
    i.tim5_out_init                          0x080024a4   Section        0  tim_bsp.o(i.tim5_out_init)
    i.uart_gpio_init                         0x080024f8   Section        0  usart_bsp.o(i.uart_gpio_init)
    i.uart_init                              0x08002584   Section        0  usart_bsp.o(i.uart_init)
    i.usart_init_int                         0x08002624   Section        0  usart_bsp.o(i.usart_init_int)
    .constdata                               0x08002678   Section       61  main.o(.constdata)
    LPUART_PRESCALER_TABLE                   0x08002678   Data          24  main.o(.constdata)
    month_names                              0x08002690   Data          37  main.o(.constdata)
    .constdata                               0x080026b8   Section       64  system_ciu32l051.o(.constdata)
    .constdata                               0x080026f8   Section       64  ctype_c.o(.constdata)
    .data                                    0x20000000   Section       20  main.o(.data)
    .data                                    0x20000014   Section       37  usart_bsp.o(.data)
    .data                                    0x2000003c   Section       32  tim_bsp.o(.data)
    .data                                    0x2000005c   Section        4  exti_bsp.o(.data)
    .data                                    0x20000060   Section        4  system_ciu32l051.o(.data)
    .data                                    0x20000064   Section        4  stdout.o(.data)
    .bss                                     0x20000068   Section      272  usart_bsp.o(.bss)
    STACK                                    0x20000178   Section     1024  startup_ciu32l051.o(STACK)

    Global Symbols

    Symbol Name                              Value     Ov Type        Size  Object(Section)

    BuildAttributes$$THM_ISAv3M$S$PE$A:L22$X:L11$S22$IEEE1$IW$USESV6$~STKCKD$USESV7$~SHL$OSPACE$ROPI$EBA8$MICROLIB$REQ8$PRES8$EABIv2 0x00000000   Number         0  anon$$obj.o ABSOLUTE
    __ARM_use_no_argv                        0x00000000   Number         0  main.o ABSOLUTE
    _printf_a                                0x00000000   Number         0  stubs.o ABSOLUTE
    _printf_c                                0x00000000   Number         0  stubs.o ABSOLUTE
    _printf_charcount                        0x00000000   Number         0  stubs.o ABSOLUTE
    _printf_d                                0x00000000   Number         0  stubs.o ABSOLUTE
    _printf_e                                0x00000000   Number         0  stubs.o ABSOLUTE
    _printf_f                                0x00000000   Number         0  stubs.o ABSOLUTE
    _printf_flags                            0x00000000   Number         0  stubs.o ABSOLUTE
    _printf_fp_dec                           0x00000000   Number         0  stubs.o ABSOLUTE
    _printf_fp_hex                           0x00000000   Number         0  stubs.o ABSOLUTE
    _printf_g                                0x00000000   Number         0  stubs.o ABSOLUTE
    _printf_i                                0x00000000   Number         0  stubs.o ABSOLUTE
    _printf_int_dec                          0x00000000   Number         0  stubs.o ABSOLUTE
    _printf_l                                0x00000000   Number         0  stubs.o ABSOLUTE
    _printf_lc                               0x00000000   Number         0  stubs.o ABSOLUTE
    _printf_ll                               0x00000000   Number         0  stubs.o ABSOLUTE
    _printf_lld                              0x00000000   Number         0  stubs.o ABSOLUTE
    _printf_lli                              0x00000000   Number         0  stubs.o ABSOLUTE
    _printf_llo                              0x00000000   Number         0  stubs.o ABSOLUTE
    _printf_llu                              0x00000000   Number         0  stubs.o ABSOLUTE
    _printf_llx                              0x00000000   Number         0  stubs.o ABSOLUTE
    _printf_longlong_dec                     0x00000000   Number         0  stubs.o ABSOLUTE
    _printf_longlong_hex                     0x00000000   Number         0  stubs.o ABSOLUTE
    _printf_longlong_oct                     0x00000000   Number         0  stubs.o ABSOLUTE
    _printf_ls                               0x00000000   Number         0  stubs.o ABSOLUTE
    _printf_mbtowc                           0x00000000   Number         0  stubs.o ABSOLUTE
    _printf_n                                0x00000000   Number         0  stubs.o ABSOLUTE
    _printf_o                                0x00000000   Number         0  stubs.o ABSOLUTE
    _printf_p                                0x00000000   Number         0  stubs.o ABSOLUTE
    _printf_percent                          0x00000000   Number         0  stubs.o ABSOLUTE
    _printf_pre_padding                      0x00000000   Number         0  stubs.o ABSOLUTE
    _printf_return_value                     0x00000000   Number         0  stubs.o ABSOLUTE
    _printf_s                                0x00000000   Number         0  stubs.o ABSOLUTE
    _printf_sizespec                         0x00000000   Number         0  stubs.o ABSOLUTE
    _printf_str                              0x00000000   Number         0  stubs.o ABSOLUTE
    _printf_truncate_signed                  0x00000000   Number         0  stubs.o ABSOLUTE
    _printf_truncate_unsigned                0x00000000   Number         0  stubs.o ABSOLUTE
    _printf_u                                0x00000000   Number         0  stubs.o ABSOLUTE
    _printf_wc                               0x00000000   Number         0  stubs.o ABSOLUTE
    _printf_wctomb                           0x00000000   Number         0  stubs.o ABSOLUTE
    _printf_widthprec                        0x00000000   Number         0  stubs.o ABSOLUTE
    _printf_x                                0x00000000   Number         0  stubs.o ABSOLUTE
    __cpp_initialize__aeabi_                  - Undefined Weak Reference
    __cxa_finalize                            - Undefined Weak Reference
    __decompress                              - Undefined Weak Reference
    _clock_init                               - Undefined Weak Reference
    _microlib_exit                            - Undefined Weak Reference
    _scanf_longlong                           - Undefined Weak Reference
    _scanf_real                               - Undefined Weak Reference
    __vectors_Size                           0x000000c0   Number         0  startup_ciu32l051.o ABSOLUTE
    __vector_table                           0x08000000   Data           4  startup_ciu32l051.o(RESET)
    __main                                   0x080000c1   Thumb Code     0  entry.o(.ARM.Collect$$$$00000000)
    __vectors_End                            0x080000c0   Data           0  startup_ciu32l051.o(RESET)
    _main_stk                                0x080000c1   Thumb Code     0  entry2.o(.ARM.Collect$$$$00000001)
    _main_scatterload                        0x080000c5   Thumb Code     0  entry5.o(.ARM.Collect$$$$00000004)
    __main_after_scatterload                 0x080000c9   Thumb Code     0  entry5.o(.ARM.Collect$$$$00000004)
    _main_clock                              0x080000c9   Thumb Code     0  entry7b.o(.ARM.Collect$$$$00000008)
    _main_cpp_init                           0x080000c9   Thumb Code     0  entry8b.o(.ARM.Collect$$$$0000000A)
    _main_init                               0x080000c9   Thumb Code     0  entry9a.o(.ARM.Collect$$$$0000000B)
    __rt_final_cpp                           0x080000d1   Thumb Code     0  entry10a.o(.ARM.Collect$$$$0000000D)
    __rt_final_exit                          0x080000d1   Thumb Code     0  entry11a.o(.ARM.Collect$$$$0000000F)
    Reset_Handler                            0x080000d5   Thumb Code     8  startup_ciu32l051.o(.text)
    NMI_Handler                              0x080000dd   Thumb Code     2  startup_ciu32l051.o(.text)
    HardFault_Handler                        0x080000df   Thumb Code     2  startup_ciu32l051.o(.text)
    SVC_Handler                              0x080000e1   Thumb Code     2  startup_ciu32l051.o(.text)
    PendSV_Handler                           0x080000e3   Thumb Code     2  startup_ciu32l051.o(.text)
    SysTick_Handler                          0x080000e5   Thumb Code     2  startup_ciu32l051.o(.text)
    ADC_COMP_IRQHandler                      0x080000e7   Thumb Code     0  startup_ciu32l051.o(.text)
    AES_IRQHandler                           0x080000e7   Thumb Code     0  startup_ciu32l051.o(.text)
    DMA_Channel0_IRQHandler                  0x080000e7   Thumb Code     0  startup_ciu32l051.o(.text)
    DMA_Channel1_IRQHandler                  0x080000e7   Thumb Code     0  startup_ciu32l051.o(.text)
    EXTI0_1_IRQHandler                       0x080000e7   Thumb Code     0  startup_ciu32l051.o(.text)
    EXTI2_3_IRQHandler                       0x080000e7   Thumb Code     0  startup_ciu32l051.o(.text)
    FLASH_IRQHandler                         0x080000e7   Thumb Code     0  startup_ciu32l051.o(.text)
    I2C1_IRQHandler                          0x080000e7   Thumb Code     0  startup_ciu32l051.o(.text)
    LCD_IRQHandler                           0x080000e7   Thumb Code     0  startup_ciu32l051.o(.text)
    LPTIM1_IRQHandler                        0x080000e7   Thumb Code     0  startup_ciu32l051.o(.text)
    LPTIM2_IRQHandler                        0x080000e7   Thumb Code     0  startup_ciu32l051.o(.text)
    LPUART1_IRQHandler                       0x080000e7   Thumb Code     0  startup_ciu32l051.o(.text)
    LPUART2_IRQHandler                       0x080000e7   Thumb Code     0  startup_ciu32l051.o(.text)
    PVD_IRQHandler                           0x080000e7   Thumb Code     0  startup_ciu32l051.o(.text)
    RCC_IRQHandler                           0x080000e7   Thumb Code     0  startup_ciu32l051.o(.text)
    RTC_TAMP_IRQHandler                      0x080000e7   Thumb Code     0  startup_ciu32l051.o(.text)
    SPI1_IRQHandler                          0x080000e7   Thumb Code     0  startup_ciu32l051.o(.text)
    SPI2_IRQHandler                          0x080000e7   Thumb Code     0  startup_ciu32l051.o(.text)
    TIM4_IRQHandler                          0x080000e7   Thumb Code     0  startup_ciu32l051.o(.text)
    TIM5_IRQHandler                          0x080000e7   Thumb Code     0  startup_ciu32l051.o(.text)
    TIM8_IRQHandler                          0x080000e7   Thumb Code     0  startup_ciu32l051.o(.text)
    TRNG_IRQHandler                          0x080000e7   Thumb Code     0  startup_ciu32l051.o(.text)
    WWDG_IRQHandler                          0x080000e7   Thumb Code     0  startup_ciu32l051.o(.text)
    __aeabi_uidiv                            0x080000f1   Thumb Code     0  uidiv.o(.text)
    __aeabi_uidivmod                         0x080000f1   Thumb Code    44  uidiv.o(.text)
    __aeabi_idiv                             0x0800011d   Thumb Code     0  idiv.o(.text)
    __aeabi_idivmod                          0x0800011d   Thumb Code    40  idiv.o(.text)
    __aeabi_uldivmod                         0x08000145   Thumb Code    96  uldiv.o(.text)
    __aeabi_memset                           0x080001a5   Thumb Code    14  memseta.o(.text)
    __aeabi_memset4                          0x080001a5   Thumb Code     0  memseta.o(.text)
    __aeabi_memset8                          0x080001a5   Thumb Code     0  memseta.o(.text)
    __aeabi_memclr                           0x080001b3   Thumb Code     4  memseta.o(.text)
    __aeabi_memclr4                          0x080001b3   Thumb Code     0  memseta.o(.text)
    __aeabi_memclr8                          0x080001b3   Thumb Code     0  memseta.o(.text)
    _memset$wrapper                          0x080001b7   Thumb Code    18  memseta.o(.text)
    strstr                                   0x080001c9   Thumb Code    40  strstr.o(.text)
    __0sscanf                                0x080001f1   Thumb Code    50  __0sscanf.o(.text)
    _scanf_int                               0x0800022d   Thumb Code   330  _scanf_int.o(.text)
    _scanf_string                            0x08000377   Thumb Code   228  _scanf_str.o(.text)
    __aeabi_llsl                             0x0800045b   Thumb Code    32  llshl.o(.text)
    _ll_shift_l                              0x0800045b   Thumb Code     0  llshl.o(.text)
    __aeabi_llsr                             0x0800047b   Thumb Code    34  llushr.o(.text)
    _ll_ushift_r                             0x0800047b   Thumb Code     0  llushr.o(.text)
    _chval                                   0x0800049d   Thumb Code    30  _chval.o(.text)
    __vfscanf_char                           0x080004c9   Thumb Code    24  scanf_char.o(.text)
    _sgetc                                   0x080004e9   Thumb Code    32  _sgetc.o(.text)
    _sbackspace                              0x08000509   Thumb Code    36  _sgetc.o(.text)
    __scatterload                            0x0800052d   Thumb Code    28  init.o(.text)
    __scatterload_rt2                        0x0800052d   Thumb Code     0  init.o(.text)
    isspace                                  0x08000551   Thumb Code    14  isspace_c.o(.text)
    __vfscanf                                0x08000561   Thumb Code   806  _scanf.o(.text)
    __ctype_lookup                           0x08000895   Thumb Code    32  ctype_c.o(.text)
    EXTI4_15_IRQHandler                      0x080008b9   Thumb Code   130  exti_bsp.o(i.EXTI4_15_IRQHandler)
    Exit_Hand                                0x08000945   Thumb Code    30  exti_bsp.o(i.Exit_Hand)
    Pwm_in_hand                              0x0800096d   Thumb Code    80  tim_bsp.o(i.Pwm_in_hand)
    SystemCoreClockUpdate                    0x080009e5   Thumb Code   230  system_ciu32l051.o(i.SystemCoreClockUpdate)
    SystemInit                               0x08000ae1   Thumb Code    14  system_ciu32l051.o(i.SystemInit)
    TIM3_IRQHandler                          0x08000b01   Thumb Code   130  tim_bsp.o(i.TIM3_IRQHandler)
    UART2_IRQHandler                         0x08000b99   Thumb Code    94  usart_bsp.o(i.UART2_IRQHandler)
    UART3_4_IRQHandler                       0x08000c05   Thumb Code   184  usart_bsp.o(i.UART3_4_IRQHandler)
    USART1_IRQHandler                        0x08000cd5   Thumb Code   146  usart_bsp.o(i.USART1_IRQHandler)
    __0printf$8                              0x08000d7d   Thumb Code    24  printf8.o(i.__0printf$8)
    __1printf$8                              0x08000d7d   Thumb Code     0  printf8.o(i.__0printf$8)
    __2printf                                0x08000d7d   Thumb Code     0  printf8.o(i.__0printf$8)
    __0sprintf$8                             0x08000d9d   Thumb Code    36  printf8.o(i.__0sprintf$8)
    __1sprintf$8                             0x08000d9d   Thumb Code     0  printf8.o(i.__0sprintf$8)
    __2sprintf                               0x08000d9d   Thumb Code     0  printf8.o(i.__0sprintf$8)
    __scatterload_copy                       0x08000f5d   Thumb Code    14  handlers.o(i.__scatterload_copy)
    __scatterload_null                       0x08000f6b   Thumb Code     2  handlers.o(i.__scatterload_null)
    __scatterload_zeroinit                   0x08000f6d   Thumb Code    14  handlers.o(i.__scatterload_zeroinit)
    bsp_rcc_mco_config                       0x080013fd   Thumb Code    78  tim_bsp.o(i.bsp_rcc_mco_config)
    bsp_tim3_capture_start                   0x08001451   Thumb Code    40  tim_bsp.o(i.bsp_tim3_capture_start)
    bsp_tim4_output_start                    0x0800147d   Thumb Code    26  tim_bsp.o(i.bsp_tim4_output_start)
    bsp_tim5_output_start                    0x0800149d   Thumb Code    18  tim_bsp.o(i.bsp_tim5_output_start)
    build_FirmVers                           0x080014b5   Thumb Code   172  main.o(i.build_FirmVers)
    exti_init                                0x08001591   Thumb Code   248  exti_bsp.o(i.exti_init)
    fputc                                    0x08001699   Thumb Code    32  usart_bsp.o(i.fputc)
    iwdg_init                                0x080016bd   Thumb Code    60  main.o(i.iwdg_init)
    led_init                                 0x08001709   Thumb Code    46  exti_bsp.o(i.led_init)
    main                                     0x0800173d   Thumb Code   116  main.o(i.main)
    mydatacpy                                0x08001809   Thumb Code    28  usart_bsp.o(i.mydatacpy)
    std_delay_init                           0x08001825   Thumb Code    26  ciu32l051_std.o(i.std_delay_init)
    std_exti_init                            0x08001879   Thumb Code   374  ciu32l051_std_exti.o(i.std_exti_init)
    std_gpio_init                            0x080019f5   Thumb Code   112  ciu32l051_std_gpio.o(i.std_gpio_init)
    std_rcc_get_hclkfreq                     0x08001b29   Thumb Code    34  ciu32l051_std_rcc.o(i.std_rcc_get_hclkfreq)
    std_rcc_get_pclk1freq                    0x08001b51   Thumb Code    44  ciu32l051_std_rcc.o(i.std_rcc_get_pclk1freq)
    std_rcc_get_pclk2freq                    0x08001b81   Thumb Code    44  ciu32l051_std_rcc.o(i.std_rcc_get_pclk2freq)
    std_rcc_get_pllfreq                      0x08001bb1   Thumb Code   106  ciu32l051_std_rcc.o(i.std_rcc_get_pllfreq)
    std_rcc_get_sysclkfreq                   0x08001c29   Thumb Code   104  ciu32l051_std_rcc.o(i.std_rcc_get_sysclkfreq)
    std_tim_init                             0x08001d4d   Thumb Code    72  ciu32l051_std_tim.o(i.std_tim_init)
    std_tim_input_capture_init               0x08001d99   Thumb Code   236  ciu32l051_std_tim.o(i.std_tim_input_capture_init)
    std_tim_output_compare_init              0x08001e85   Thumb Code   372  ciu32l051_std_tim.o(i.std_tim_output_compare_init)
    std_usart_baudrate_config                0x08001ff9   Thumb Code   156  ciu32l051_std_usart.o(i.std_usart_baudrate_config)
    std_usart_init                           0x080020f5   Thumb Code   116  ciu32l051_std_usart.o(i.std_usart_init)
    system_clock_config                      0x08002179   Thumb Code   240  common.o(i.system_clock_config)
    tcp_hand                                 0x08002275   Thumb Code    66  usart_bsp.o(i.tcp_hand)
    tim3_in_gpio_init                        0x080022d9   Thumb Code    42  tim_bsp.o(i.tim3_in_gpio_init)
    tim3_in_init                             0x08002309   Thumb Code   182  tim_bsp.o(i.tim3_in_init)
    tim4_out_gpio_init                       0x080023cd   Thumb Code    66  tim_bsp.o(i.tim4_out_gpio_init)
    tim4_out_init                            0x08002411   Thumb Code    94  tim_bsp.o(i.tim4_out_init)
    tim5_out_gpio_init                       0x08002475   Thumb Code    46  tim_bsp.o(i.tim5_out_gpio_init)
    tim5_out_init                            0x080024a5   Thumb Code    80  tim_bsp.o(i.tim5_out_init)
    uart_gpio_init                           0x080024f9   Thumb Code   130  usart_bsp.o(i.uart_gpio_init)
    uart_init                                0x08002585   Thumb Code   140  usart_bsp.o(i.uart_init)
    usart_init_int                           0x08002625   Thumb Code    70  usart_bsp.o(i.usart_init_int)
    g_ahb_divider_table                      0x080026b8   Data          32  system_ciu32l051.o(.constdata)
    g_apb_divider_table                      0x080026d8   Data          32  system_ciu32l051.o(.constdata)
    __ctype_categories                       0x080026f8   Data          64  ctype_c.o(.constdata)
    Region$$Table$$Base                      0x08002738   Number         0  anon$$obj.o(Region$$Table)
    Region$$Table$$Limit                     0x08002758   Number         0  anon$$obj.o(Region$$Table)
    FirmVers                                 0x20000000   Data          20  main.o(.data)
    rx_ptr                                   0x20000014   Data           4  usart_bsp.o(.data)
    rx_ptr2                                  0x20000018   Data           4  usart_bsp.o(.data)
    rx_ptr3                                  0x2000001c   Data           4  usart_bsp.o(.data)
    rx_ptr4                                  0x20000020   Data           4  usart_bsp.o(.data)
    rx_len                                   0x20000024   Data           4  usart_bsp.o(.data)
    rx_irq_flag                              0x20000028   Data           1  usart_bsp.o(.data)
    g_send_buffer2                           0x20000029   Data           8  usart_bsp.o(.data)
    g_send_buffer4                           0x20000031   Data           8  usart_bsp.o(.data)
    g_enter_cnt                              0x2000003c   Data           4  tim_bsp.o(.data)
    g_ch1_ccx_value                          0x20000040   Data           4  tim_bsp.o(.data)
    g_ch2_ccx_value                          0x20000044   Data           4  tim_bsp.o(.data)
    g_pwm_duty                               0x20000048   Data           4  tim_bsp.o(.data)
    g_pwm_frequency                          0x2000004c   Data           4  tim_bsp.o(.data)
    period_cnt1                              0x20000050   Data           2  tim_bsp.o(.data)
    period_cnt2                              0x20000052   Data           2  tim_bsp.o(.data)
    duty_cnt1                                0x20000054   Data           2  tim_bsp.o(.data)
    duty_cnt2                                0x20000056   Data           2  tim_bsp.o(.data)
    update_flag1                             0x20000058   Data           1  tim_bsp.o(.data)
    update_flag2                             0x20000059   Data           1  tim_bsp.o(.data)
    cc1_valid                                0x2000005a   Data           1  tim_bsp.o(.data)
    cc2_valid                                0x2000005b   Data           1  tim_bsp.o(.data)
    g_exti_gpio_flag                         0x2000005c   Data           4  exti_bsp.o(.data)
    SystemCoreClock                          0x20000060   Data           4  system_ciu32l051.o(.data)
    __stdout                                 0x20000064   Data           4  stdout.o(.data)
    UartRxBuf                                0x20000068   Data          64  usart_bsp.o(.bss)
    UartRxBuf2                               0x200000a8   Data          64  usart_bsp.o(.bss)
    UartRxBuf3                               0x200000e8   Data          64  usart_bsp.o(.bss)
    UartRxBuf4                               0x20000128   Data          64  usart_bsp.o(.bss)
    uc_Rxdata                                0x20000168   Data          16  usart_bsp.o(.bss)
    __initial_sp                             0x20000578   Data           0  startup_ciu32l051.o(STACK)



==============================================================================

Memory Map of the image

  Image Entry point : 0x080000c1

  Load Region LR_IROM1 (Base: 0x08000000, Size: 0x000027c0, Max: 0x00010000, ABSOLUTE)

    Execution Region ER_IROM1 (Base: 0x08000000, Size: 0x00002758, Max: 0x00010000, ABSOLUTE)

    Base Addr    Size         Type   Attr      Idx    E Section Name        Object

    0x08000000   0x000000c0   Data   RO         1702    RESET               startup_ciu32l051.o
    0x080000c0   0x00000000   Code   RO         1707  * .ARM.Collect$$$$00000000  mc_p.l(entry.o)
    0x080000c0   0x00000004   Code   RO         1987    .ARM.Collect$$$$00000001  mc_p.l(entry2.o)
    0x080000c4   0x00000004   Code   RO         1990    .ARM.Collect$$$$00000004  mc_p.l(entry5.o)
    0x080000c8   0x00000000   Code   RO         1992    .ARM.Collect$$$$00000008  mc_p.l(entry7b.o)
    0x080000c8   0x00000000   Code   RO         1994    .ARM.Collect$$$$0000000A  mc_p.l(entry8b.o)
    0x080000c8   0x00000008   Code   RO         1995    .ARM.Collect$$$$0000000B  mc_p.l(entry9a.o)
    0x080000d0   0x00000000   Code   RO         1997    .ARM.Collect$$$$0000000D  mc_p.l(entry10a.o)
    0x080000d0   0x00000000   Code   RO         1999    .ARM.Collect$$$$0000000F  mc_p.l(entry11a.o)
    0x080000d0   0x00000004   Code   RO         1988    .ARM.Collect$$$$00002712  mc_p.l(entry2.o)
    0x080000d4   0x0000001c   Code   RO         1703    .text               startup_ciu32l051.o
    0x080000f0   0x0000002c   Code   RO         1710    .text               mc_p.l(uidiv.o)
    0x0800011c   0x00000028   Code   RO         1712    .text               mc_p.l(idiv.o)
    0x08000144   0x00000060   Code   RO         1714    .text               mc_p.l(uldiv.o)
    0x080001a4   0x00000024   Code   RO         1716    .text               mc_p.l(memseta.o)
    0x080001c8   0x00000028   Code   RO         1718    .text               mc_p.l(strstr.o)
    0x080001f0   0x0000003c   Code   RO         1981    .text               mc_p.l(__0sscanf.o)
    0x0800022c   0x0000014a   Code   RO         1983    .text               mc_p.l(_scanf_int.o)
    0x08000376   0x000000e4   Code   RO         1985    .text               mc_p.l(_scanf_str.o)
    0x0800045a   0x00000020   Code   RO         2002    .text               mc_p.l(llshl.o)
    0x0800047a   0x00000022   Code   RO         2004    .text               mc_p.l(llushr.o)
    0x0800049c   0x0000001e   Code   RO         2006    .text               mc_p.l(_chval.o)
    0x080004ba   0x00000002   PAD
    0x080004bc   0x0000002c   Code   RO         2008    .text               mc_p.l(scanf_char.o)
    0x080004e8   0x00000044   Code   RO         2010    .text               mc_p.l(_sgetc.o)
    0x0800052c   0x00000024   Code   RO         2023    .text               mc_p.l(init.o)
    0x08000550   0x0000000e   Code   RO         2027    .text               mc_p.l(isspace_c.o)
    0x0800055e   0x00000002   PAD
    0x08000560   0x00000334   Code   RO         2029    .text               mc_p.l(_scanf.o)
    0x08000894   0x00000024   Code   RO         2035    .text               mc_p.l(ctype_c.o)
    0x080008b8   0x0000008c   Code   RO          535    i.EXTI4_15_IRQHandler  exti_bsp.o
    0x08000944   0x00000028   Code   RO          536    i.Exit_Hand         exti_bsp.o
    0x0800096c   0x00000078   Code   RO          370    i.Pwm_in_hand       tim_bsp.o
    0x080009e4   0x000000fc   Code   RO         1668    i.SystemCoreClockUpdate  system_ciu32l051.o
    0x08000ae0   0x00000020   Code   RO         1669    i.SystemInit        system_ciu32l051.o
    0x08000b00   0x00000098   Code   RO          371    i.TIM3_IRQHandler   tim_bsp.o
    0x08000b98   0x0000006c   Code   RO          219    i.UART2_IRQHandler  usart_bsp.o
    0x08000c04   0x000000d0   Code   RO          220    i.UART3_4_IRQHandler  usart_bsp.o
    0x08000cd4   0x000000a8   Code   RO          221    i.USART1_IRQHandler  usart_bsp.o
    0x08000d7c   0x00000020   Code   RO         1927    i.__0printf$8       mc_p.l(printf8.o)
    0x08000d9c   0x00000028   Code   RO         1929    i.__0sprintf$8      mc_p.l(printf8.o)
    0x08000dc4   0x00000018   Code   RO          222    i.__NVIC_EnableIRQ  usart_bsp.o
    0x08000ddc   0x00000018   Code   RO          537    i.__NVIC_EnableIRQ  exti_bsp.o
    0x08000df4   0x00000078   Code   RO          223    i.__NVIC_SetPriority  usart_bsp.o
    0x08000e6c   0x00000078   Code   RO          372    i.__NVIC_SetPriority  tim_bsp.o
    0x08000ee4   0x00000078   Code   RO          538    i.__NVIC_SetPriority  exti_bsp.o
    0x08000f5c   0x0000000e   Code   RO         2040    i.__scatterload_copy  mc_p.l(handlers.o)
    0x08000f6a   0x00000002   Code   RO         2041    i.__scatterload_null  mc_p.l(handlers.o)
    0x08000f6c   0x0000000e   Code   RO         2042    i.__scatterload_zeroinit  mc_p.l(handlers.o)
    0x08000f7a   0x00000002   PAD
    0x08000f7c   0x00000428   Code   RO         1934    i._printf_core      mc_p.l(printf8.o)
    0x080013a4   0x00000020   Code   RO         1935    i._printf_post_padding  mc_p.l(printf8.o)
    0x080013c4   0x0000002c   Code   RO         1936    i._printf_pre_padding  mc_p.l(printf8.o)
    0x080013f0   0x0000000a   Code   RO         1938    i._sputc            mc_p.l(printf8.o)
    0x080013fa   0x00000002   PAD
    0x080013fc   0x00000054   Code   RO          373    i.bsp_rcc_mco_config  tim_bsp.o
    0x08001450   0x0000002c   Code   RO          374    i.bsp_tim3_capture_start  tim_bsp.o
    0x0800147c   0x00000020   Code   RO          376    i.bsp_tim4_output_start  tim_bsp.o
    0x0800149c   0x00000018   Code   RO          377    i.bsp_tim5_output_start  tim_bsp.o
    0x080014b4   0x000000dc   Code   RO            4    i.build_FirmVers    main.o
    0x08001590   0x00000108   Code   RO          539    i.exti_init         exti_bsp.o
    0x08001698   0x00000024   Code   RO          224    i.fputc             usart_bsp.o
    0x080016bc   0x0000004c   Code   RO            5    i.iwdg_init         main.o
    0x08001708   0x00000034   Code   RO          540    i.led_init          exti_bsp.o
    0x0800173c   0x000000cc   Code   RO            6    i.main              main.o
    0x08001808   0x0000001c   Code   RO          225    i.mydatacpy         usart_bsp.o
    0x08001824   0x00000020   Code   RO          615    i.std_delay_init    ciu32l051_std.o
    0x08001844   0x00000014   Code   RO          541    i.std_exti_clear_pending  exti_bsp.o
    0x08001858   0x00000020   Code   RO          542    i.std_exti_get_pending_status  exti_bsp.o
    0x08001878   0x0000017c   Code   RO          890    i.std_exti_init     ciu32l051_std_exti.o
    0x080019f4   0x00000070   Code   RO          987    i.std_gpio_init     ciu32l051_std_gpio.o
    0x08001a64   0x00000024   Code   RO          988    i.std_gpio_set_afpin_0_7  ciu32l051_std_gpio.o
    0x08001a88   0x0000002a   Code   RO          989    i.std_gpio_set_afpin_8_15  ciu32l051_std_gpio.o
    0x08001ab2   0x0000001a   Code   RO          990    i.std_gpio_set_pin_mode  ciu32l051_std_gpio.o
    0x08001acc   0x00000010   Code   RO          991    i.std_gpio_set_pin_output_type  ciu32l051_std_gpio.o
    0x08001adc   0x0000001a   Code   RO          992    i.std_gpio_set_pin_pull  ciu32l051_std_gpio.o
    0x08001af6   0x00000002   PAD
    0x08001af8   0x00000018   Code   RO          226    i.std_rcc_apb1_clk_enable  usart_bsp.o
    0x08001b10   0x00000018   Code   RO          378    i.std_rcc_apb1_clk_enable  tim_bsp.o
    0x08001b28   0x00000028   Code   RO         1297    i.std_rcc_get_hclkfreq  ciu32l051_std_rcc.o
    0x08001b50   0x00000030   Code   RO         1298    i.std_rcc_get_pclk1freq  ciu32l051_std_rcc.o
    0x08001b80   0x00000030   Code   RO         1299    i.std_rcc_get_pclk2freq  ciu32l051_std_rcc.o
    0x08001bb0   0x00000078   Code   RO         1300    i.std_rcc_get_pllfreq  ciu32l051_std_rcc.o
    0x08001c28   0x00000074   Code   RO         1301    i.std_rcc_get_sysclkfreq  ciu32l051_std_rcc.o
    0x08001c9c   0x00000018   Code   RO          227    i.std_rcc_gpio_clk_enable  usart_bsp.o
    0x08001cb4   0x00000018   Code   RO          379    i.std_rcc_gpio_clk_enable  tim_bsp.o
    0x08001ccc   0x00000018   Code   RO          543    i.std_rcc_gpio_clk_enable  exti_bsp.o
    0x08001ce4   0x00000010   Code   RO         1498    i.std_tim_ccx_channel_disable  ciu32l051_std_tim.o
    0x08001cf4   0x00000010   Code   RO          380    i.std_tim_ccx_channel_enable  tim_bsp.o
    0x08001d04   0x00000006   Code   RO          381    i.std_tim_clear_flag  tim_bsp.o
    0x08001d0a   0x0000000a   Code   RO          382    i.std_tim_enable    tim_bsp.o
    0x08001d14   0x00000012   Code   RO          383    i.std_tim_get_ccx_value  tim_bsp.o
    0x08001d26   0x00000012   Code   RO          384    i.std_tim_get_flag  tim_bsp.o
    0x08001d38   0x00000012   Code   RO          385    i.std_tim_get_interrupt_enable  tim_bsp.o
    0x08001d4a   0x00000002   PAD
    0x08001d4c   0x0000004c   Code   RO         1500    i.std_tim_init      ciu32l051_std_tim.o
    0x08001d98   0x000000ec   Code   RO         1501    i.std_tim_input_capture_init  ciu32l051_std_tim.o
    0x08001e84   0x00000174   Code   RO         1503    i.std_tim_output_compare_init  ciu32l051_std_tim.o
    0x08001ff8   0x000000b0   Code   RO         1605    i.std_usart_baudrate_config  ciu32l051_std_usart.o
    0x080020a8   0x00000004   Code   RO          228    i.std_usart_clear_flag  usart_bsp.o
    0x080020ac   0x00000008   Code   RO          229    i.std_usart_cr1_interrupt_enable  usart_bsp.o
    0x080020b4   0x0000000a   Code   RO          230    i.std_usart_enable  usart_bsp.o
    0x080020be   0x00000012   Code   RO          231    i.std_usart_get_cr1_interrupt_enable  usart_bsp.o
    0x080020d0   0x00000012   Code   RO          232    i.std_usart_get_cr3_interrupt_enable  usart_bsp.o
    0x080020e2   0x00000012   Code   RO          233    i.std_usart_get_flag  usart_bsp.o
    0x080020f4   0x00000074   Code   RO         1607    i.std_usart_init    ciu32l051_std_usart.o
    0x08002168   0x0000000a   Code   RO          234    i.std_usart_rx_read_data  usart_bsp.o
    0x08002172   0x00000004   Code   RO          235    i.std_usart_tx_write_data  usart_bsp.o
    0x08002176   0x00000002   PAD
    0x08002178   0x000000fc   Code   RO          188    i.system_clock_config  common.o
    0x08002274   0x00000064   Code   RO          236    i.tcp_hand          usart_bsp.o
    0x080022d8   0x00000030   Code   RO          386    i.tim3_in_gpio_init  tim_bsp.o
    0x08002308   0x000000c4   Code   RO          387    i.tim3_in_init      tim_bsp.o
    0x080023cc   0x00000042   Code   RO          390    i.tim4_out_gpio_init  tim_bsp.o
    0x0800240e   0x00000002   PAD
    0x08002410   0x00000064   Code   RO          391    i.tim4_out_init     tim_bsp.o
    0x08002474   0x0000002e   Code   RO          392    i.tim5_out_gpio_init  tim_bsp.o
    0x080024a2   0x00000002   PAD
    0x080024a4   0x00000054   Code   RO          393    i.tim5_out_init     tim_bsp.o
    0x080024f8   0x0000008c   Code   RO          238    i.uart_gpio_init    usart_bsp.o
    0x08002584   0x000000a0   Code   RO          239    i.uart_init         usart_bsp.o
    0x08002624   0x00000054   Code   RO          240    i.usart_init_int    usart_bsp.o
    0x08002678   0x0000003d   Data   RO            7    .constdata          main.o
    0x080026b5   0x00000003   PAD
    0x080026b8   0x00000040   Data   RO         1670    .constdata          system_ciu32l051.o
    0x080026f8   0x00000040   Data   RO         2036    .constdata          mc_p.l(ctype_c.o)
    0x08002738   0x00000020   Data   RO         2038    Region$$Table       anon$$obj.o


    Execution Region RW_IRAM1 (Base: 0x20000000, Size: 0x00000578, Max: 0x00004000, ABSOLUTE)

    Base Addr    Size         Type   Attr      Idx    E Section Name        Object

    0x20000000   0x00000014   Data   RW            8    .data               main.o
    0x20000014   0x00000025   Data   RW          243    .data               usart_bsp.o
    0x20000039   0x00000003   PAD
    0x2000003c   0x00000020   Data   RW          395    .data               tim_bsp.o
    0x2000005c   0x00000004   Data   RW          545    .data               exti_bsp.o
    0x20000060   0x00000004   Data   RW         1671    .data               system_ciu32l051.o
    0x20000064   0x00000004   Data   RW         2001    .data               mc_p.l(stdout.o)
    0x20000068   0x00000110   Zero   RW          241    .bss                usart_bsp.o
    0x20000178   0x00000400   Zero   RW         1700    STACK               startup_ciu32l051.o


==============================================================================

Image component sizes


      Code (inc. data)   RO Data    RW Data    ZI Data      Debug   Object Name

        32          6          0          0          0        473   ciu32l051_std.o
       380          6          0          0          0       4828   ciu32l051_std_exti.o
       258          0          0          0          0       8372   ciu32l051_std_gpio.o
       372         40          0          0          0      19034   ciu32l051_std_rcc.o
       700          4          0          0          0      17562   ciu32l051_std_tim.o
       292         20          0          0          0      11989   ciu32l051_std_usart.o
       252         12          0          0          0      20682   common.o
       716         74          0          4          0      27784   exti_bsp.o
       500        152         61         20          0     209023   main.o
        28          8        192          0       1024        588   startup_ciu32l051.o
       284         40         64          4          0       2308   system_ciu32l051.o
      1250        136          0         32          0      47018   tim_bsp.o
      1314        170          0         37        272      44248   usart_bsp.o

    ----------------------------------------------------------------------
      6388        668        352        100       1296     413909   Object Totals
         0          0         32          0          0          0   (incl. Generated)
        10          0          3          3          0          0   (incl. Padding)

    ----------------------------------------------------------------------

      Code (inc. data)   RO Data    RW Data    ZI Data      Debug   Library Member Name

        60         10          0          0          0         84   __0sscanf.o
        30          0          0          0          0         60   _chval.o
       820         14          0          0          0         84   _scanf.o
       330          0          0          0          0         84   _scanf_int.o
       228          0          0          0          0         84   _scanf_str.o
        68          0          0          0          0         76   _sgetc.o
        36          4         64          0          0         60   ctype_c.o
         0          0          0          0          0          0   entry.o
         0          0          0          0          0          0   entry10a.o
         0          0          0          0          0          0   entry11a.o
         8          4          0          0          0          0   entry2.o
         4          0          0          0          0          0   entry5.o
         0          0          0          0          0          0   entry7b.o
         0          0          0          0          0          0   entry8b.o
         8          4          0          0          0          0   entry9a.o
        30          0          0          0          0          0   handlers.o
        40          0          0          0          0         72   idiv.o
        36          8          0          0          0         68   init.o
        14          0          0          0          0         68   isspace_c.o
        32          0          0          0          0         68   llshl.o
        34          0          0          0          0         68   llushr.o
        36          0          0          0          0        100   memseta.o
      1222         56          0          0          0        468   printf8.o
        44          8          0          0          0         84   scanf_char.o
         0          0          0          4          0          0   stdout.o
        40          0          0          0          0         72   strstr.o
        44          0          0          0          0         72   uidiv.o
        96          0          0          0          0         84   uldiv.o

    ----------------------------------------------------------------------
      3268        108         64          4          0       1756   Library Totals
         8          0          0          0          0          0   (incl. Padding)

    ----------------------------------------------------------------------

      Code (inc. data)   RO Data    RW Data    ZI Data      Debug   Library Name

      3260        108         64          4          0       1756   mc_p.l

    ----------------------------------------------------------------------
      3268        108         64          4          0       1756   Library Totals

    ----------------------------------------------------------------------

==============================================================================


      Code (inc. data)   RO Data    RW Data    ZI Data      Debug   

      9656        776        416        104       1296     411681   Grand Totals
      9656        776        416        104       1296     411681   ELF Image Totals
      9656        776        416        104          0          0   ROM Totals

==============================================================================

    Total RO  Size (Code + RO Data)                10072 (   9.84kB)
    Total RW  Size (RW Data + ZI Data)              1400 (   1.37kB)
    Total ROM Size (Code + RO Data + RW Data)      10176 (   9.94kB)

==============================================================================

